Archive member included to satisfy reference by file (symbol)

C:/ST/STM32CubeIDE_1.10.1/STM32CubeIDE/plugins/com.st.stm32cube.ide.mcu.externaltools.gnu-tools-for-stm32.11.3.rel1.win32_1.1.1.202309131626/tools/bin/../lib/gcc/arm-none-eabi/11.3.1/../../../../arm-none-eabi/lib/thumb/v7-m/nofp\libc_nano.a(libc_a-exit.o)
                              C:/ST/STM32CubeIDE_1.10.1/STM32CubeIDE/plugins/com.st.stm32cube.ide.mcu.externaltools.gnu-tools-for-stm32.11.3.rel1.win32_1.1.1.202309131626/tools/bin/../lib/gcc/arm-none-eabi/11.3.1/../../../../arm-none-eabi/lib/thumb/v7-m/nofp/crt0.o (exit)
C:/ST/STM32CubeIDE_1.10.1/STM32CubeIDE/plugins/com.st.stm32cube.ide.mcu.externaltools.gnu-tools-for-stm32.11.3.rel1.win32_1.1.1.202309131626/tools/bin/../lib/gcc/arm-none-eabi/11.3.1/../../../../arm-none-eabi/lib/thumb/v7-m/nofp\libc_nano.a(libc_a-itoa.o)
                              ./Core/Src/menu.o (itoa)
C:/ST/STM32CubeIDE_1.10.1/STM32CubeIDE/plugins/com.st.stm32cube.ide.mcu.externaltools.gnu-tools-for-stm32.11.3.rel1.win32_1.1.1.202309131626/tools/bin/../lib/gcc/arm-none-eabi/11.3.1/../../../../arm-none-eabi/lib/thumb/v7-m/nofp\libc_nano.a(libc_a-rand.o)
                              ./Core/Src/invaders.o (rand)
C:/ST/STM32CubeIDE_1.10.1/STM32CubeIDE/plugins/com.st.stm32cube.ide.mcu.externaltools.gnu-tools-for-stm32.11.3.rel1.win32_1.1.1.202309131626/tools/bin/../lib/gcc/arm-none-eabi/11.3.1/../../../../arm-none-eabi/lib/thumb/v7-m/nofp\libc_nano.a(libc_a-utoa.o)
                              C:/ST/STM32CubeIDE_1.10.1/STM32CubeIDE/plugins/com.st.stm32cube.ide.mcu.externaltools.gnu-tools-for-stm32.11.3.rel1.win32_1.1.1.202309131626/tools/bin/../lib/gcc/arm-none-eabi/11.3.1/../../../../arm-none-eabi/lib/thumb/v7-m/nofp\libc_nano.a(libc_a-itoa.o) (__utoa)
C:/ST/STM32CubeIDE_1.10.1/STM32CubeIDE/plugins/com.st.stm32cube.ide.mcu.externaltools.gnu-tools-for-stm32.11.3.rel1.win32_1.1.1.202309131626/tools/bin/../lib/gcc/arm-none-eabi/11.3.1/../../../../arm-none-eabi/lib/thumb/v7-m/nofp\libc_nano.a(libc_a-findfp.o)
                              C:/ST/STM32CubeIDE_1.10.1/STM32CubeIDE/plugins/com.st.stm32cube.ide.mcu.externaltools.gnu-tools-for-stm32.11.3.rel1.win32_1.1.1.202309131626/tools/bin/../lib/gcc/arm-none-eabi/11.3.1/../../../../arm-none-eabi/lib/thumb/v7-m/nofp\libc_nano.a(libc_a-exit.o) (__stdio_exit_handler)
C:/ST/STM32CubeIDE_1.10.1/STM32CubeIDE/plugins/com.st.stm32cube.ide.mcu.externaltools.gnu-tools-for-stm32.11.3.rel1.win32_1.1.1.202309131626/tools/bin/../lib/gcc/arm-none-eabi/11.3.1/../../../../arm-none-eabi/lib/thumb/v7-m/nofp\libc_nano.a(libc_a-fwalk.o)
                              C:/ST/STM32CubeIDE_1.10.1/STM32CubeIDE/plugins/com.st.stm32cube.ide.mcu.externaltools.gnu-tools-for-stm32.11.3.rel1.win32_1.1.1.202309131626/tools/bin/../lib/gcc/arm-none-eabi/11.3.1/../../../../arm-none-eabi/lib/thumb/v7-m/nofp\libc_nano.a(libc_a-findfp.o) (_fwalk_sglue)
C:/ST/STM32CubeIDE_1.10.1/STM32CubeIDE/plugins/com.st.stm32cube.ide.mcu.externaltools.gnu-tools-for-stm32.11.3.rel1.win32_1.1.1.202309131626/tools/bin/../lib/gcc/arm-none-eabi/11.3.1/../../../../arm-none-eabi/lib/thumb/v7-m/nofp\libc_nano.a(libc_a-stdio.o)
                              C:/ST/STM32CubeIDE_1.10.1/STM32CubeIDE/plugins/com.st.stm32cube.ide.mcu.externaltools.gnu-tools-for-stm32.11.3.rel1.win32_1.1.1.202309131626/tools/bin/../lib/gcc/arm-none-eabi/11.3.1/../../../../arm-none-eabi/lib/thumb/v7-m/nofp\libc_nano.a(libc_a-findfp.o) (__sread)
C:/ST/STM32CubeIDE_1.10.1/STM32CubeIDE/plugins/com.st.stm32cube.ide.mcu.externaltools.gnu-tools-for-stm32.11.3.rel1.win32_1.1.1.202309131626/tools/bin/../lib/gcc/arm-none-eabi/11.3.1/../../../../arm-none-eabi/lib/thumb/v7-m/nofp\libc_nano.a(libc_a-memset.o)
                              C:/ST/STM32CubeIDE_1.10.1/STM32CubeIDE/plugins/com.st.stm32cube.ide.mcu.externaltools.gnu-tools-for-stm32.11.3.rel1.win32_1.1.1.202309131626/tools/bin/../lib/gcc/arm-none-eabi/11.3.1/../../../../arm-none-eabi/lib/thumb/v7-m/nofp/crt0.o (memset)
C:/ST/STM32CubeIDE_1.10.1/STM32CubeIDE/plugins/com.st.stm32cube.ide.mcu.externaltools.gnu-tools-for-stm32.11.3.rel1.win32_1.1.1.202309131626/tools/bin/../lib/gcc/arm-none-eabi/11.3.1/../../../../arm-none-eabi/lib/thumb/v7-m/nofp\libc_nano.a(libc_a-closer.o)
                              C:/ST/STM32CubeIDE_1.10.1/STM32CubeIDE/plugins/com.st.stm32cube.ide.mcu.externaltools.gnu-tools-for-stm32.11.3.rel1.win32_1.1.1.202309131626/tools/bin/../lib/gcc/arm-none-eabi/11.3.1/../../../../arm-none-eabi/lib/thumb/v7-m/nofp\libc_nano.a(libc_a-stdio.o) (_close_r)
C:/ST/STM32CubeIDE_1.10.1/STM32CubeIDE/plugins/com.st.stm32cube.ide.mcu.externaltools.gnu-tools-for-stm32.11.3.rel1.win32_1.1.1.202309131626/tools/bin/../lib/gcc/arm-none-eabi/11.3.1/../../../../arm-none-eabi/lib/thumb/v7-m/nofp\libc_nano.a(libc_a-reent.o)
[...]
Memory Configuration

Name             Origin             Length             Attributes
RAM              0x0000000020000000 0x0000000000005000 xrw
FLASH            0x0000000008000000 0x0000000000010000 xr
*default*        0x0000000000000000 0xffffffffffffffff

Linker script and memory map

LOAD C:/ST/STM32CubeIDE_1.10.1/STM32CubeIDE/plugins/com.st.stm32cube.ide.mcu.externaltools.gnu-tools-for-stm32.11.3.rel1.win32_1.1.1.202309131626/tools/bin/../lib/gcc/arm-none-eabi/11.3.1/thumb/v7-m/nofp/crti.o
LOAD C:/ST/STM32CubeIDE_1.10.1/STM32CubeIDE/plugins/com.st.stm32cube.ide.mcu.externaltools.gnu-tools-for-stm32.11.3.rel1.win32_1.1.1.202309131626/tools/bin/../lib/gcc/arm-none-eabi/11.3.1/thumb/v7-m/nofp/crtbegin.o
LOAD C:/ST/STM32CubeIDE_1.10.1/STM32CubeIDE/plugins/com.st.stm32cube.ide.mcu.externaltools.gnu-tools-for-stm32.11.3.rel1.win32_1.1.1.202309131626/tools/bin/../lib/gcc/arm-none-eabi/11.3.1/../../../../arm-none-eabi/lib/thumb/v7-m/nofp/crt0.o
LOAD ./Core/Src/fonts.o
LOAD ./Core/Src/freertos.o
LOAD ./Core/Src/invaders.o
LOAD ./Core/Src/main.o
LOAD ./Core/Src/memoria.o
LOAD ./Core/Src/menu.o
LOAD ./Core/Src/ssd1306.o
LOAD ./Core/Src/stm32f1xx_hal_msp.o
LOAD ./Core/Src/stm32f1xx_hal_timebase_tim.o
LOAD ./Core/Src/stm32f1xx_it.o
LOAD ./Core/Src/syscalls.o
LOAD ./Core/Src/sysmem.o
LOAD ./Core/Src/system_stm32f1xx.o
LOAD ./Core/Startup/startup_stm32f103c8tx.o
LOAD ./Drivers/STM32F1xx_HAL_Driver/Src/stm32f1xx_hal.o
LOAD ./Drivers/STM32F1xx_HAL_Driver/Src/stm32f1xx_hal_adc.o
LOAD ./Drivers/STM32F1xx_HAL_Driver/Src/stm32f1xx_hal_adc_ex.o
LOAD ./Drivers/STM32F1xx_HAL_Driver/Src/stm32f1xx_hal_cortex.o
LOAD ./Drivers/STM32F1xx_HAL_Driver/Src/stm32f1xx_hal_dma.o
LOAD ./Drivers/STM32F1xx_HAL_Driver/Src/stm32f1xx_hal_exti.o
LOAD ./Drivers/STM32F1xx_HAL_Driver/Src/stm32f1xx_hal_flash.o
LOAD ./Drivers/STM32F1xx_HAL_Driver/Src/stm32f1xx_hal_flash_ex.o
LOAD ./Drivers/STM32F1xx_HAL_Driver/Src/stm32f1xx_hal_gpio.o
LOAD ./Drivers/STM32F1xx_HAL_Driver/Src/stm32f1xx_hal_gpio_ex.o
LOAD ./Drivers/STM32F1xx_HAL_Driver/Src/stm32f1xx_hal_i2c.o
LOAD ./Drivers/STM32F1xx_HAL_Driver/Src/stm32f1xx_hal_pwr.o
LOAD ./Drivers/STM32F1xx_HAL_Driver/Src/stm32f1xx_hal_rcc.o
LOAD ./Drivers/STM32F1xx_HAL_Driver/Src/stm32f1xx_hal_rcc_ex.o
LOAD ./Drivers/STM32F1xx_HAL_Driver/Src/stm32f1xx_hal_spi.o
LOAD ./Drivers/STM32F1xx_HAL_Driver/Src/stm32f1xx_hal_tim.o
LOAD ./Drivers/STM32F1xx_HAL_Driver/Src/stm32f1xx_hal_tim_ex.o
LOAD ./Middlewares/Third_Party/FreeRTOS/Source/CMSIS_RTOS_V2/cmsis_os2.o
LOAD ./Middlewares/Third_Party/FreeRTOS/Source/croutine.o
LOAD ./Middlewares/Third_Party/FreeRTOS/Source/event_groups.o
LOAD ./Middlewares/Third_Party/FreeRTOS/Source/list.o
LOAD ./Middlewares/Third_Party/FreeRTOS/Source/queue.o
LOAD ./Middlewares/Third_Party/FreeRTOS/Source/stream_buffer.o
LOAD ./Middlewares/Third_Party/FreeRTOS/Source/tasks.o
LOAD ./Middlewares/Third_Party/FreeRTOS/Source/timers.o
LOAD ./Middlewares/Third_Party/FreeRTOS/Source/portable/GCC/ARM_CM3/port.o
LOAD ./Middlewares/Third_Party/FreeRTOS/Source/portable/MemMang/heap_4.o
START GROUP
LOAD C:/ST/STM32CubeIDE_1.10.1/STM32CubeIDE/plugins/com.st.stm32cube.ide.mcu.externaltools.gnu-tools-for-stm32.11.3.rel1.win32_1.1.1.202309131626/tools/bin/../lib/gcc/arm-none-eabi/11.3.1/../../../../arm-none-eabi/lib/thumb/v7-m/nofp\libc_nano.a
LOAD C:/ST/STM32CubeIDE_1.10.1/STM32CubeIDE/plugins/com.st.stm32cube.ide.mcu.externaltools.gnu-tools-for-stm32.11.3.rel1.win32_1.1.1.202309131626/tools/bin/../lib/gcc/arm-none-eabi/11.3.1/../../../../arm-none-eabi/lib/thumb/v7-m/nofp\libm.a
END GROUP
START GROUP
LOAD C:/ST/STM32CubeIDE_1.10.1/STM32CubeIDE/plugins/com.st.stm32cube.ide.mcu.externaltools.gnu-tools-for-stm32.11.3.rel1.win32_1.1.1.202309131626/tools/bin/../lib/gcc/arm-none-eabi/11.3.1/thumb/v7-m/nofp\libgcc.a
LOAD C:/ST/STM32CubeIDE_1.10.1/STM32CubeIDE/plugins/com.st.stm32cube.ide.mcu.externaltools.gnu-tools-for-stm32.11.3.rel1.win32_1.1.1.202309131626/tools/bin/../lib/gcc/arm-none-eabi/11.3.1/../../../../arm-none-eabi/lib/thumb/v7-m/nofp\libc_nano.a
END GROUP
START GROUP
LOAD C:/ST/STM32CubeIDE_1.10.1/STM32CubeIDE/plugins/com.st.stm32cube.ide.mcu.externaltools.gnu-tools-for-stm32.11.3.rel1.win32_1.1.1.202309131626/tools/bin/../lib/gcc/arm-none-eabi/11.3.1/thumb/v7-m/nofp\libgcc.a
LOAD C:/ST/STM32CubeIDE_1.10.1/STM32CubeIDE/plugins/com.st.stm32cube.ide.mcu.externaltools.gnu-tools-for-stm32.11.3.rel1.win32_1.1.1.202309131626/tools/bin/../lib/gcc/arm-none-eabi/11.3.1/../../../../arm-none-eabi/lib/thumb/v7-m/nofp\libc_nano.a
LOAD C:/ST/STM32CubeIDE_1.10.1/STM32CubeIDE/plugins/com.st.stm32cube.ide.mcu.externaltools.gnu-tools-for-stm32.11.3.rel1.win32_1.1.1.202309131626/tools/bin/../lib/gcc/arm-none-eabi/11.3.1/../../../../arm-none-eabi/lib/thumb/v7-m/nofp\libnosys.a
END GROUP
START GROUP
LOAD C:/ST/STM32CubeIDE_1.10.1/STM32CubeIDE/plugins/com.st.stm32cube.ide.mcu.externaltools.gnu-tools-for-stm32.11.3.rel1.win32_1.1.1.202309131626/tools/bin/../lib/gcc/arm-none-eabi/11.3.1/thumb/v7-m/nofp\libgcc.a
LOAD C:/ST/STM32CubeIDE_1.10.1/STM32CubeIDE/plugins/com.st.stm32cube.ide.mcu.externaltools.gnu-tools-for-stm32.11.3.rel1.win32_1.1.1.202309131626/tools/bin/../lib/gcc/arm-none-eabi/11.3.1/../../../../arm-none-eabi/lib/thumb/v7-m/nofp\libc_nano.a
LOAD C:/ST/STM32CubeIDE_1.10.1/STM32CubeIDE/plugins/com.st.stm32cube.ide.mcu.externaltools.gnu-tools-for-stm32.11.3.rel1.win32_1.1.1.202309131626/tools/bin/../lib/gcc/arm-none-eabi/11.3.1/../../../../arm-none-eabi/lib/thumb/v7-m/nofp\libnosys.a
END GROUP
LOAD C:/ST/STM32CubeIDE_1.10.1/STM32CubeIDE/plugins/com.st.stm32cube.ide.mcu.externaltools.gnu-tools-for-stm32.11.3.rel1.win32_1.1.1.202309131626/tools/bin/../lib/gcc/arm-none-eabi/11.3.1/thumb/v7-m/nofp/crtend.o
LOAD C:/ST/STM32CubeIDE_1.10.1/STM32CubeIDE/plugins/com.st.stm32cube.ide.mcu.externaltools.gnu-tools-for-stm32.11.3.rel1.win32_1.1.1.202309131626/tools/bin/../lib/gcc/arm-none-eabi/11.3.1/thumb/v7-m/nofp/crtn.o
                0x0000000020005000                _estack = (ORIGIN (RAM) + LENGTH (RAM))
                0x0000000000000200                _Min_Heap_Size = 0x200
                0x0000000000000400                _Min_Stack_Size = 0x400

.isr_vector     0x0000000008000000      0x10c
                0x0000000008000000                . = ALIGN (0x4)
 *(.isr_vector)
 .isr_vector    0x0000000008000000      0x10c ./Core/Startup/startup_stm32f103c8tx.o
                0x0000000008000000                g_pfnVectors
                0x000000000800010c                . = ALIGN (0x4)

.text           0x0000000008000110     0x89c8
                0x0000000008000110                . = ALIGN (0x4)
 *(.text)
 .text          0x0000000008000110       0x40 C:/ST/STM32CubeIDE_1.10.1/STM32CubeIDE/plugins/com.st.stm32cube.ide.mcu.externaltools.gnu-tools-for-stm32.11.3.rel1.win32_1.1.1.202309131626/tools/bin/../lib/gcc/arm-none-eabi/11.3.1/thumb/v7-m/nofp/crtbegin.o
 *(.text*)
 .text.getPlayer
                0x0000000008000150        0x8 ./Core/Src/invaders.o
                0x0000000008000150                getPlayer
 .text.getDisparo
                0x0000000008000158        0x8 ./Core/Src/invaders.o
                0x0000000008000158                getDisparo
 .text.getDisparoAliens
                0x0000000008000160        0x8 ./Core/Src/invaders.o
                0x0000000008000160                getDisparoAliens
 .text.getDificultad
                0x0000000008000168        0x8 ./Core/Src/invaders.o
                0x0000000008000168                getDificultad
 .text.actualizarPantalla
                0x0000000008000170        0xe ./Core/Src/invaders.o
                0x0000000008000170                actualizarPantalla
 *fill*         0x000000000800017e        0x2 
 .text.playerInit
                0x0000000008000180       0x10 ./Core/Src/invaders.o
                0x0000000008000180                playerInit
 .text.plotPlayer
                0x0000000008000190       0x6c ./Core/Src/invaders.o
                0x0000000008000190                plotPlayer
 .text.InvaderInit
                0x00000000080001fc       0x40 ./Core/Src/invaders.o
                0x00000000080001fc                InvaderInit
 .text.plotAliens
                0x000000000800023c      0x1d8 ./Core/Src/invaders.o
                0x000000000800023c                plotAliens
 .text.disparoInit
                0x0000000008000414       0x20 ./Core/Src/invaders.o
                0x0000000008000414                disparoInit
 .text.disparar
                0x0000000008000434      0x130 ./Core/Src/invaders.o
                0x0000000008000434                disparar
 .text.disparoAliens
                0x0000000008000564       0xf4 ./Core/Src/invaders.o
                0x0000000008000564                disparoAliens
 .text.entryJoystick
                0x0000000008000658       0xd4 ./Core/Src/main.o
                0x0000000008000658                entryJoystick
 .text.entryPantalla
                0x000000000800072c       0x58 ./Core/Src/main.o
                0x000000000800072c                entryPantalla
 .text.entryMemoria
                0x0000000008000784       0x5c ./Core/Src/main.o
                0x0000000008000784                entryMemoria
 .text.entrySonido
                0x00000000080007e0       0x9c ./Core/Src/main.o
                0x00000000080007e0                entrySonido
 .text.SystemClock_Config
                0x000000000800087c       0x80 ./Core/Src/main.o
                0x000000000800087c                SystemClock_Config
 .text.main     0x00000000080008fc      0x3fc ./Core/Src/main.o
                0x00000000080008fc                main
 .text.HAL_TIM_PeriodElapsedCallback
                0x0000000008000cf8      0x1a0 ./Core/Src/main.o
                0x0000000008000cf8                HAL_TIM_PeriodElapsedCallback
 .text.getPuntajes
                0x0000000008000e98        0xc ./Core/Src/memoria.o
                0x0000000008000e98                getPuntajes
 .text.Read_all
                0x0000000008000ea4       0x88 ./Core/Src/memoria.o
                0x0000000008000ea4                Read_all
 .text.memoriaInit
                0x0000000008000f2c      0x19c ./Core/Src/memoria.o
                0x0000000008000f2c                memoriaInit
 .text.Ordenamiento_Puntajes
                0x00000000080010c8       0xc8 ./Core/Src/memoria.o
                0x00000000080010c8                Ordenamiento_Puntajes
 .text.menuInit
                0x0000000008001190       0x50 ./Core/Src/menu.o
                0x0000000008001190                menuInit
 .text.menuReset
                0x00000000080011e0       0x38 ./Core/Src/menu.o
                0x00000000080011e0                menuReset
 .text.GuardarNombreReset
                0x0000000008001218       0x24 ./Core/Src/menu.o
                0x0000000008001218                GuardarNombreReset
 .text.menuActualizar
                0x000000000800123c      0x6c8 ./Core/Src/menu.o
                0x000000000800123c                menuActualizar
 .text.SSD1306_Fill
                0x0000000008001904       0x1c ./Core/Src/ssd1306.o
                0x0000000008001904                SSD1306_Fill
 .text.SSD1306_DrawPixel
                0x0000000008001920       0x54 ./Core/Src/ssd1306.o
                0x0000000008001920                SSD1306_DrawPixel
 .text.SSD1306_DrawBitmap
                0x0000000008001974       0x98 ./Core/Src/ssd1306.o
                0x0000000008001974                SSD1306_DrawBitmap
 .text.SSD1306_GotoXY
                0x0000000008001a0c        0xc ./Core/Src/ssd1306.o
                0x0000000008001a0c                SSD1306_GotoXY
 .text.SSD1306_Putc
                0x0000000008001a18       0x98 ./Core/Src/ssd1306.o
                0x0000000008001a18                SSD1306_Putc
 .text.SSD1306_Puts
                0x0000000008001ab0       0x26 ./Core/Src/ssd1306.o
                0x0000000008001ab0                SSD1306_Puts
 .text.SSD1306_DrawLine
                0x0000000008001ad6      0x160 ./Core/Src/ssd1306.o
                0x0000000008001ad6                SSD1306_DrawLine
 .text.SSD1306_DrawRectangle
                0x0000000008001c36       0x7a ./Core/Src/ssd1306.o
                0x0000000008001c36                SSD1306_DrawRectangle
 .text.SSD1306_DrawCircle
                0x0000000008001cb0      0x136 ./Core/Src/ssd1306.o
                0x0000000008001cb0                SSD1306_DrawCircle
 .text.SSD1306_DrawFilledCircle
                0x0000000008001de6      0x11c ./Core/Src/ssd1306.o
                0x0000000008001de6                SSD1306_DrawFilledCircle
 *fill*         0x0000000008001f02        0x2 
 .text.ssd1306_I2C_WriteMulti
                0x0000000008001f04       0x48 ./Core/Src/ssd1306.o
                0x0000000008001f04                ssd1306_I2C_WriteMulti
 .text.ssd1306_I2C_Write
                0x0000000008001f4c       0x28 ./Core/Src/ssd1306.o
                0x0000000008001f4c                ssd1306_I2C_Write
 .text.SSD1306_UpdateScreen
                0x0000000008001f74       0x4c ./Core/Src/ssd1306.o
                0x0000000008001f74                SSD1306_UpdateScreen
 .text.SSD1306_Clear
                0x0000000008001fc0        0xe ./Core/Src/ssd1306.o
                0x0000000008001fc0                SSD1306_Clear
 *fill*         0x0000000008001fce        0x2 
 .text.SSD1306_Init
                0x0000000008001fd0      0x164 ./Core/Src/ssd1306.o
                0x0000000008001fd0                SSD1306_Init
 .text.HAL_MspInit
                0x0000000008002134       0x54 ./Core/Src/stm32f1xx_hal_msp.o
                0x0000000008002134                HAL_MspInit
 .text.HAL_ADC_MspInit
                0x0000000008002188       0xa4 ./Core/Src/stm32f1xx_hal_msp.o
                0x0000000008002188                HAL_ADC_MspInit
 .text.HAL_I2C_MspInit
                0x000000000800222c       0x64 ./Core/Src/stm32f1xx_hal_msp.o
                0x000000000800222c                HAL_I2C_MspInit
 .text.HAL_SPI_MspInit
                0x0000000008002290       0x74 ./Core/Src/stm32f1xx_hal_msp.o
                0x0000000008002290                HAL_SPI_MspInit
 .text.HAL_TIM_Base_MspInit
                0x0000000008002304       0x60 ./Core/Src/stm32f1xx_hal_msp.o
                0x0000000008002304                HAL_TIM_Base_MspInit
 .text.HAL_TIM_MspPostInit
                0x0000000008002364       0x4c ./Core/Src/stm32f1xx_hal_msp.o
                0x0000000008002364                HAL_TIM_MspPostInit
 .text.HAL_InitTick
                0x00000000080023b0       0xa0 ./Core/Src/stm32f1xx_hal_timebase_tim.o
                0x00000000080023b0                HAL_InitTick
 .text.NMI_Handler
                0x0000000008002450        0x2 ./Core/Src/stm32f1xx_it.o
                0x0000000008002450                NMI_Handler
 *fill*         0x0000000008002452        0x2 
 .text.HardFault_Handler
                0x0000000008002454        0xc ./Core/Src/stm32f1xx_it.o
                0x0000000008002454                HardFault_Handler
 .text.MemManage_Handler
                0x0000000008002460        0x2 ./Core/Src/stm32f1xx_it.o
                0x0000000008002460                MemManage_Handler
 .text.BusFault_Handler
                0x0000000008002462        0x2 ./Core/Src/stm32f1xx_it.o
                0x0000000008002462                BusFault_Handler
 .text.UsageFault_Handler
                0x0000000008002464        0x2 ./Core/Src/stm32f1xx_it.o
                0x0000000008002464                UsageFault_Handler
 .text.DebugMon_Handler
                0x0000000008002466        0x2 ./Core/Src/stm32f1xx_it.o
                0x0000000008002466                DebugMon_Handler
 .text.TIM3_IRQHandler
                0x0000000008002468       0x10 ./Core/Src/stm32f1xx_it.o
                0x0000000008002468                TIM3_IRQHandler
 .text.TIM4_IRQHandler
                0x0000000008002478       0x10 ./Core/Src/stm32f1xx_it.o
                0x0000000008002478                TIM4_IRQHandler
 .text._getpid  0x0000000008002488        0x4 ./Core/Src/syscalls.o
                0x0000000008002488                _getpid
 .text._kill    0x000000000800248c       0x10 ./Core/Src/syscalls.o
                0x000000000800248c                _kill
 .text._exit    0x000000000800249c        0xc ./Core/Src/syscalls.o
                0x000000000800249c                _exit
 .text._read    0x00000000080024a8       0x1a ./Core/Src/syscalls.o
                0x00000000080024a8                _read
 .text._write   0x00000000080024c2       0x1a ./Core/Src/syscalls.o
                0x00000000080024c2                _write
 .text._close   0x00000000080024dc        0x6 ./Core/Src/syscalls.o
                0x00000000080024dc                _close
 .text._fstat   0x00000000080024e2        0xa ./Core/Src/syscalls.o
                0x00000000080024e2                _fstat
 .text._isatty  0x00000000080024ec        0x4 ./Core/Src/syscalls.o
                0x00000000080024ec                _isatty
 .text._lseek   0x00000000080024f0        0x4 ./Core/Src/syscalls.o
                0x00000000080024f0                _lseek
 .text._sbrk    0x00000000080024f4       0x48 ./Core/Src/sysmem.o
                0x00000000080024f4                _sbrk
 .text.SystemInit
                0x000000000800253c        0x2 ./Core/Src/system_stm32f1xx.o
                0x000000000800253c                SystemInit
 *fill*         0x000000000800253e        0x2 
 .text.Reset_Handler
                0x0000000008002540       0x48 ./Core/Startup/startup_stm32f103c8tx.o
                0x0000000008002540                Reset_Handler
 .text.Default_Handler
                0x0000000008002588        0x2 ./Core/Startup/startup_stm32f103c8tx.o
                0x0000000008002588                RTC_Alarm_IRQHandler
                0x0000000008002588                EXTI2_IRQHandler
                0x0000000008002588                TIM1_CC_IRQHandler
                0x0000000008002588                PVD_IRQHandler
                0x0000000008002588                EXTI3_IRQHandler
                0x0000000008002588                EXTI0_IRQHandler
                0x0000000008002588                I2C2_EV_IRQHandler
                0x0000000008002588                ADC1_2_IRQHandler
                0x0000000008002588                SPI1_IRQHandler
                0x0000000008002588                TAMPER_IRQHandler
                0x0000000008002588                DMA1_Channel4_IRQHandler
                0x0000000008002588                USART3_IRQHandler
                0x0000000008002588                RTC_IRQHandler
                0x0000000008002588                DMA1_Channel7_IRQHandler
                0x0000000008002588                CAN1_RX1_IRQHandler
                0x0000000008002588                I2C1_EV_IRQHandler
                0x0000000008002588                DMA1_Channel6_IRQHandler
                0x0000000008002588                RCC_IRQHandler
                0x0000000008002588                TIM1_TRG_COM_IRQHandler
                0x0000000008002588                DMA1_Channel1_IRQHandler
                0x0000000008002588                Default_Handler
                0x0000000008002588                EXTI15_10_IRQHandler
                0x0000000008002588                EXTI9_5_IRQHandler
                0x0000000008002588                SPI2_IRQHandler
                0x0000000008002588                DMA1_Channel5_IRQHandler
                0x0000000008002588                EXTI4_IRQHandler
                0x0000000008002588                USB_LP_CAN1_RX0_IRQHandler
                0x0000000008002588                USB_HP_CAN1_TX_IRQHandler
                0x0000000008002588                DMA1_Channel3_IRQHandler
                0x0000000008002588                TIM1_UP_IRQHandler
                0x0000000008002588                WWDG_IRQHandler
                0x0000000008002588                TIM2_IRQHandler
                0x0000000008002588                TIM1_BRK_IRQHandler
                0x0000000008002588                EXTI1_IRQHandler
                0x0000000008002588                USART2_IRQHandler
                0x0000000008002588                I2C2_ER_IRQHandler
                0x0000000008002588                DMA1_Channel2_IRQHandler
                0x0000000008002588                CAN1_SCE_IRQHandler
                0x0000000008002588                FLASH_IRQHandler
                0x0000000008002588                USART1_IRQHandler
                0x0000000008002588                I2C1_ER_IRQHandler
                0x0000000008002588                USBWakeUp_IRQHandler
 *fill*         0x000000000800258a        0x2 
 .text.HAL_Init
                0x000000000800258c       0x24 ./Drivers/STM32F1xx_HAL_Driver/Src/stm32f1xx_hal.o
                0x000000000800258c                HAL_Init
 .text.HAL_IncTick
                0x00000000080025b0       0x18 ./Drivers/STM32F1xx_HAL_Driver/Src/stm32f1xx_hal.o
                0x00000000080025b0                HAL_IncTick
 .text.HAL_GetTick
                0x00000000080025c8        0xc ./Drivers/STM32F1xx_HAL_Driver/Src/stm32f1xx_hal.o
                0x00000000080025c8                HAL_GetTick
 .text.HAL_ADC_PollForConversion
                0x00000000080025d4      0x184 ./Drivers/STM32F1xx_HAL_Driver/Src/stm32f1xx_hal_adc.o
                0x00000000080025d4                HAL_ADC_PollForConversion
 .text.HAL_ADC_GetValue
                0x0000000008002758        0x6 ./Drivers/STM32F1xx_HAL_Driver/Src/stm32f1xx_hal_adc.o
                0x0000000008002758                HAL_ADC_GetValue
 *fill*         0x000000000800275e        0x2 
 .text.HAL_ADC_ConfigChannel
                0x0000000008002760      0x148 ./Drivers/STM32F1xx_HAL_Driver/Src/stm32f1xx_hal_adc.o
                0x0000000008002760                HAL_ADC_ConfigChannel
 .text.ADC_Enable
                0x00000000080028a8       0x98 ./Drivers/STM32F1xx_HAL_Driver/Src/stm32f1xx_hal_adc.o
                0x00000000080028a8                ADC_Enable
 .text.HAL_ADC_Start
                0x0000000008002940       0xe4 ./Drivers/STM32F1xx_HAL_Driver/Src/stm32f1xx_hal_adc.o
                0x0000000008002940                HAL_ADC_Start
 .text.ADC_ConversionStop_Disable
                0x0000000008002a24       0x64 ./Drivers/STM32F1xx_HAL_Driver/Src/stm32f1xx_hal_adc.o
                0x0000000008002a24                ADC_ConversionStop_Disable
 .text.HAL_ADC_Init
                0x0000000008002a88      0x108 ./Drivers/STM32F1xx_HAL_Driver/Src/stm32f1xx_hal_adc.o
                0x0000000008002a88                HAL_ADC_Init
 .text.HAL_ADC_Stop
                0x0000000008002b90       0x34 ./Drivers/STM32F1xx_HAL_Driver/Src/stm32f1xx_hal_adc.o
                0x0000000008002b90                HAL_ADC_Stop
 .text.HAL_NVIC_SetPriorityGrouping
                0x0000000008002bc4       0x24 ./Drivers/STM32F1xx_HAL_Driver/Src/stm32f1xx_hal_cortex.o
                0x0000000008002bc4                HAL_NVIC_SetPriorityGrouping
 .text.HAL_NVIC_SetPriority
                0x0000000008002be8       0x6c ./Drivers/STM32F1xx_HAL_Driver/Src/stm32f1xx_hal_cortex.o
                0x0000000008002be8                HAL_NVIC_SetPriority
 .text.HAL_NVIC_EnableIRQ
                0x0000000008002c54       0x1c ./Drivers/STM32F1xx_HAL_Driver/Src/stm32f1xx_hal_cortex.o
                0x0000000008002c54                HAL_NVIC_EnableIRQ
 .text.HAL_GPIO_Init
                0x0000000008002c70      0x274 ./Drivers/STM32F1xx_HAL_Driver/Src/stm32f1xx_hal_gpio.o
                0x0000000008002c70                HAL_GPIO_Init
 .text.HAL_GPIO_ReadPin
                0x0000000008002ee4        0xc ./Drivers/STM32F1xx_HAL_Driver/Src/stm32f1xx_hal_gpio.o
                0x0000000008002ee4                HAL_GPIO_ReadPin
 .text.HAL_GPIO_WritePin
                0x0000000008002ef0        0xc ./Drivers/STM32F1xx_HAL_Driver/Src/stm32f1xx_hal_gpio.o
                0x0000000008002ef0                HAL_GPIO_WritePin
 .text.HAL_GPIO_TogglePin
                0x0000000008002efc       0x12 ./Drivers/STM32F1xx_HAL_Driver/Src/stm32f1xx_hal_gpio.o
                0x0000000008002efc                HAL_GPIO_TogglePin
 .text.I2C_IsAcknowledgeFailed
                0x0000000008002f0e       0x32 ./Drivers/STM32F1xx_HAL_Driver/Src/stm32f1xx_hal_i2c.o
 .text.I2C_WaitOnFlagUntilTimeout
                0x0000000008002f40       0x86 ./Drivers/STM32F1xx_HAL_Driver/Src/stm32f1xx_hal_i2c.o
 .text.I2C_WaitOnMasterAddressFlagUntilTimeout
                0x0000000008002fc6       0xba ./Drivers/STM32F1xx_HAL_Driver/Src/stm32f1xx_hal_i2c.o
 .text.I2C_WaitOnTXEFlagUntilTimeout
                0x0000000008003080       0x5e ./Drivers/STM32F1xx_HAL_Driver/Src/stm32f1xx_hal_i2c.o
 .text.I2C_WaitOnBTFFlagUntilTimeout
                0x00000000080030de       0x5e ./Drivers/STM32F1xx_HAL_Driver/Src/stm32f1xx_hal_i2c.o
 .text.HAL_I2C_Init
                0x000000000800313c      0x184 ./Drivers/STM32F1xx_HAL_Driver/Src/stm32f1xx_hal_i2c.o
                0x000000000800313c                HAL_I2C_Init
 .text.HAL_I2C_Master_Transmit
                0x00000000080032c0      0x208 ./Drivers/STM32F1xx_HAL_Driver/Src/stm32f1xx_hal_i2c.o
                0x00000000080032c0                HAL_I2C_Master_Transmit
 .text.HAL_I2C_IsDeviceReady
                0x00000000080034c8      0x1ac ./Drivers/STM32F1xx_HAL_Driver/Src/stm32f1xx_hal_i2c.o
                0x00000000080034c8                HAL_I2C_IsDeviceReady
 .text.HAL_RCC_OscConfig
                0x0000000008003674      0x42c ./Drivers/STM32F1xx_HAL_Driver/Src/stm32f1xx_hal_rcc.o
                0x0000000008003674                HAL_RCC_OscConfig
 .text.HAL_RCC_GetSysClockFreq
                0x0000000008003aa0       0x54 ./Drivers/STM32F1xx_HAL_Driver/Src/stm32f1xx_hal_rcc.o
                0x0000000008003aa0                HAL_RCC_GetSysClockFreq
 .text.HAL_RCC_ClockConfig
                0x0000000008003af4      0x170 ./Drivers/STM32F1xx_HAL_Driver/Src/stm32f1xx_hal_rcc.o
                0x0000000008003af4                HAL_RCC_ClockConfig
 .text.HAL_RCC_GetPCLK1Freq
                0x0000000008003c64       0x20 ./Drivers/STM32F1xx_HAL_Driver/Src/stm32f1xx_hal_rcc.o
                0x0000000008003c64                HAL_RCC_GetPCLK1Freq
 .text.HAL_RCC_GetPCLK2Freq
                0x0000000008003c84       0x20 ./Drivers/STM32F1xx_HAL_Driver/Src/stm32f1xx_hal_rcc.o
                0x0000000008003c84                HAL_RCC_GetPCLK2Freq
 .text.HAL_RCC_GetClockConfig
                0x0000000008003ca4       0x3c ./Drivers/STM32F1xx_HAL_Driver/Src/stm32f1xx_hal_rcc.o
                0x0000000008003ca4                HAL_RCC_GetClockConfig
 .text.HAL_RCCEx_PeriphCLKConfig
                0x0000000008003ce0      0x11c ./Drivers/STM32F1xx_HAL_Driver/Src/stm32f1xx_hal_rcc_ex.o
                0x0000000008003ce0                HAL_RCCEx_PeriphCLKConfig
 .text.HAL_RCCEx_GetPeriphCLKFreq
                0x0000000008003dfc       0xdc ./Drivers/STM32F1xx_HAL_Driver/Src/stm32f1xx_hal_rcc_ex.o
                0x0000000008003dfc                HAL_RCCEx_GetPeriphCLKFreq
 .text.SPI_WaitFlagStateUntilTimeout
                0x0000000008003ed8       0xd8 ./Drivers/STM32F1xx_HAL_Driver/Src/stm32f1xx_hal_spi.o
 .text.SPI_EndRxTxTransaction
                0x0000000008003fb0       0x24 ./Drivers/STM32F1xx_HAL_Driver/Src/stm32f1xx_hal_spi.o
 .text.SPI_EndRxTransaction
                0x0000000008003fd4       0x72 ./Drivers/STM32F1xx_HAL_Driver/Src/stm32f1xx_hal_spi.o
 .text.HAL_SPI_Init
                0x0000000008004046       0xb6 ./Drivers/STM32F1xx_HAL_Driver/Src/stm32f1xx_hal_spi.o
                0x0000000008004046                HAL_SPI_Init
 .text.HAL_SPI_Transmit
                0x00000000080040fc      0x1c2 ./Drivers/STM32F1xx_HAL_Driver/Src/stm32f1xx_hal_spi.o
                0x00000000080040fc                HAL_SPI_Transmit
 .text.HAL_SPI_TransmitReceive
                0x00000000080042be      0x242 ./Drivers/STM32F1xx_HAL_Driver/Src/stm32f1xx_hal_spi.o
                0x00000000080042be                HAL_SPI_TransmitReceive
 .text.HAL_SPI_Receive
                0x0000000008004500      0x196 ./Drivers/STM32F1xx_HAL_Driver/Src/stm32f1xx_hal_spi.o
                0x0000000008004500                HAL_SPI_Receive
 *fill*         0x0000000008004696        0x2 
 .text.TIM_OC1_SetConfig
                0x0000000008004698       0x54 ./Drivers/STM32F1xx_HAL_Driver/Src/stm32f1xx_hal_tim.o
 .text.TIM_OC3_SetConfig
                0x00000000080046ec       0x58 ./Drivers/STM32F1xx_HAL_Driver/Src/stm32f1xx_hal_tim.o
 .text.TIM_OC4_SetConfig
                0x0000000008004744       0x48 ./Drivers/STM32F1xx_HAL_Driver/Src/stm32f1xx_hal_tim.o
 .text.HAL_TIM_Base_Start_IT
                0x000000000800478c       0x68 ./Drivers/STM32F1xx_HAL_Driver/Src/stm32f1xx_hal_tim.o
                0x000000000800478c                HAL_TIM_Base_Start_IT
 .text.HAL_TIM_Base_Stop_IT
                0x00000000080047f4       0x32 ./Drivers/STM32F1xx_HAL_Driver/Src/stm32f1xx_hal_tim.o
                0x00000000080047f4                HAL_TIM_Base_Stop_IT
 .text.HAL_TIM_PWM_MspInit
                0x0000000008004826        0x2 ./Drivers/STM32F1xx_HAL_Driver/Src/stm32f1xx_hal_tim.o
                0x0000000008004826                HAL_TIM_PWM_MspInit
 .text.HAL_TIM_OC_DelayElapsedCallback
                0x0000000008004828        0x2 ./Drivers/STM32F1xx_HAL_Driver/Src/stm32f1xx_hal_tim.o
                0x0000000008004828                HAL_TIM_OC_DelayElapsedCallback
 .text.HAL_TIM_IC_CaptureCallback
                0x000000000800482a        0x2 ./Drivers/STM32F1xx_HAL_Driver/Src/stm32f1xx_hal_tim.o
                0x000000000800482a                HAL_TIM_IC_CaptureCallback
 .text.HAL_TIM_PWM_PulseFinishedCallback
                0x000000000800482c        0x2 ./Drivers/STM32F1xx_HAL_Driver/Src/stm32f1xx_hal_tim.o
                0x000000000800482c                HAL_TIM_PWM_PulseFinishedCallback
 .text.HAL_TIM_TriggerCallback
                0x000000000800482e        0x2 ./Drivers/STM32F1xx_HAL_Driver/Src/stm32f1xx_hal_tim.o
                0x000000000800482e                HAL_TIM_TriggerCallback
 .text.HAL_TIM_IRQHandler
                0x0000000008004830      0x17a ./Drivers/STM32F1xx_HAL_Driver/Src/stm32f1xx_hal_tim.o
                0x0000000008004830                HAL_TIM_IRQHandler
 *fill*         0x00000000080049aa        0x2 
 .text.TIM_Base_SetConfig
                0x00000000080049ac       0x9c ./Drivers/STM32F1xx_HAL_Driver/Src/stm32f1xx_hal_tim.o
                0x00000000080049ac                TIM_Base_SetConfig
 .text.HAL_TIM_Base_Init
                0x0000000008004a48       0x58 ./Drivers/STM32F1xx_HAL_Driver/Src/stm32f1xx_hal_tim.o
                0x0000000008004a48                HAL_TIM_Base_Init
 .text.HAL_TIM_PWM_Init
                0x0000000008004aa0       0x58 ./Drivers/STM32F1xx_HAL_Driver/Src/stm32f1xx_hal_tim.o
                0x0000000008004aa0                HAL_TIM_PWM_Init
 .text.TIM_OC2_SetConfig
                0x0000000008004af8       0x5c ./Drivers/STM32F1xx_HAL_Driver/Src/stm32f1xx_hal_tim.o
                0x0000000008004af8                TIM_OC2_SetConfig
 .text.HAL_TIM_PWM_ConfigChannel
                0x0000000008004b54       0xdc ./Drivers/STM32F1xx_HAL_Driver/Src/stm32f1xx_hal_tim.o
                0x0000000008004b54                HAL_TIM_PWM_ConfigChannel
 .text.TIM_ETR_SetConfig
                0x0000000008004c30       0x18 ./Drivers/STM32F1xx_HAL_Driver/Src/stm32f1xx_hal_tim.o
                0x0000000008004c30                TIM_ETR_SetConfig
 .text.HAL_TIM_ConfigClockSource
                0x0000000008004c48      0x16a ./Drivers/STM32F1xx_HAL_Driver/Src/stm32f1xx_hal_tim.o
                0x0000000008004c48                HAL_TIM_ConfigClockSource
 .text.TIM_CCxChannelCmd
                0x0000000008004db2       0x1e ./Drivers/STM32F1xx_HAL_Driver/Src/stm32f1xx_hal_tim.o
                0x0000000008004db2                TIM_CCxChannelCmd
 .text.HAL_TIM_PWM_Start
                0x0000000008004dd0       0xc8 ./Drivers/STM32F1xx_HAL_Driver/Src/stm32f1xx_hal_tim.o
                0x0000000008004dd0                HAL_TIM_PWM_Start
 .text.HAL_TIM_PWM_Stop
                0x0000000008004e98       0x84 ./Drivers/STM32F1xx_HAL_Driver/Src/stm32f1xx_hal_tim.o
                0x0000000008004e98                HAL_TIM_PWM_Stop
 .text.HAL_TIMEx_MasterConfigSynchronization
                0x0000000008004f1c       0x68 ./Drivers/STM32F1xx_HAL_Driver/Src/stm32f1xx_hal_tim_ex.o
                0x0000000008004f1c                HAL_TIMEx_MasterConfigSynchronization
 .text.HAL_TIMEx_CommutCallback
                0x0000000008004f84        0x2 ./Drivers/STM32F1xx_HAL_Driver/Src/stm32f1xx_hal_tim_ex.o
                0x0000000008004f84                HAL_TIMEx_CommutCallback
 .text.HAL_TIMEx_BreakCallback
                0x0000000008004f86        0x2 ./Drivers/STM32F1xx_HAL_Driver/Src/stm32f1xx_hal_tim_ex.o
                0x0000000008004f86                HAL_TIMEx_BreakCallback
 .text.osKernelInitialize
                0x0000000008004f88       0x48 ./Middlewares/Third_Party/FreeRTOS/Source/CMSIS_RTOS_V2/cmsis_os2.o
                0x0000000008004f88                osKernelInitialize
 .text.osKernelStart
                0x0000000008004fd0       0x50 ./Middlewares/Third_Party/FreeRTOS/Source/CMSIS_RTOS_V2/cmsis_os2.o
                0x0000000008004fd0                osKernelStart
 .text.osThreadNew
                0x0000000008005020       0xcc ./Middlewares/Third_Party/FreeRTOS/Source/CMSIS_RTOS_V2/cmsis_os2.o
                0x0000000008005020                osThreadNew
 .text.osEventFlagsNew
                0x00000000080050ec       0x50 ./Middlewares/Third_Party/FreeRTOS/Source/CMSIS_RTOS_V2/cmsis_os2.o
                0x00000000080050ec                osEventFlagsNew
 .text.osEventFlagsSet
                0x000000000800513c       0x7c ./Middlewares/Third_Party/FreeRTOS/Source/CMSIS_RTOS_V2/cmsis_os2.o
                0x000000000800513c                osEventFlagsSet
 .text.osEventFlagsWait
                0x00000000080051b8       0x94 ./Middlewares/Third_Party/FreeRTOS/Source/CMSIS_RTOS_V2/cmsis_os2.o
                0x00000000080051b8                osEventFlagsWait
 .text.osMutexNew
                0x000000000800524c       0xa8 ./Middlewares/Third_Party/FreeRTOS/Source/CMSIS_RTOS_V2/cmsis_os2.o
                0x000000000800524c                osMutexNew
 .text.osMutexAcquire
                0x00000000080052f4       0x84 ./Middlewares/Third_Party/FreeRTOS/Source/CMSIS_RTOS_V2/cmsis_os2.o
                0x00000000080052f4                osMutexAcquire
 .text.osMutexRelease
                0x0000000008005378       0x70 ./Middlewares/Third_Party/FreeRTOS/Source/CMSIS_RTOS_V2/cmsis_os2.o
                0x0000000008005378                osMutexRelease
 .text.osSemaphoreNew
                0x00000000080053e8       0xe8 ./Middlewares/Third_Party/FreeRTOS/Source/CMSIS_RTOS_V2/cmsis_os2.o
                0x00000000080053e8                osSemaphoreNew
 .text.osMessageQueueNew
                0x00000000080054d0       0xb8 ./Middlewares/Third_Party/FreeRTOS/Source/CMSIS_RTOS_V2/cmsis_os2.o
                0x00000000080054d0                osMessageQueueNew
 .text.osMessageQueuePut
                0x0000000008005588       0xa0 ./Middlewares/Third_Party/FreeRTOS/Source/CMSIS_RTOS_V2/cmsis_os2.o
                0x0000000008005588                osMessageQueuePut
 .text.osMessageQueueGet
                0x0000000008005628       0x9c ./Middlewares/Third_Party/FreeRTOS/Source/CMSIS_RTOS_V2/cmsis_os2.o
                0x0000000008005628                osMessageQueueGet
 .text.vApplicationGetIdleTaskMemory
                0x00000000080056c4       0x18 ./Middlewares/Third_Party/FreeRTOS/Source/CMSIS_RTOS_V2/cmsis_os2.o
                0x00000000080056c4                vApplicationGetIdleTaskMemory
 .text.vApplicationGetTimerTaskMemory
                0x00000000080056dc       0x18 ./Middlewares/Third_Party/FreeRTOS/Source/CMSIS_RTOS_V2/cmsis_os2.o
                0x00000000080056dc                vApplicationGetTimerTaskMemory
 .text.xEventGroupCreateStatic
                0x00000000080056f4       0x4a ./Middlewares/Third_Party/FreeRTOS/Source/event_groups.o
                0x00000000080056f4                xEventGroupCreateStatic
 .text.xEventGroupCreate
                0x000000000800573e       0x1c ./Middlewares/Third_Party/FreeRTOS/Source/event_groups.o
                0x000000000800573e                xEventGroupCreate
 .text.xEventGroupWaitBits
                0x000000000800575a      0x114 ./Middlewares/Third_Party/FreeRTOS/Source/event_groups.o
                0x000000000800575a                xEventGroupWaitBits
 .text.xEventGroupSetBits
                0x000000000800586e       0x92 ./Middlewares/Third_Party/FreeRTOS/Source/event_groups.o
                0x000000000800586e                xEventGroupSetBits
 .text.vEventGroupSetBitsCallback
                0x0000000008005900        0x8 ./Middlewares/Third_Party/FreeRTOS/Source/event_groups.o
                0x0000000008005900                vEventGroupSetBitsCallback
 .text.xEventGroupSetBitsFromISR
                0x0000000008005908       0x14 ./Middlewares/Third_Party/FreeRTOS/Source/event_groups.o
                0x0000000008005908                xEventGroupSetBitsFromISR
 .text.vListInitialise
                0x000000000800591c       0x16 ./Middlewares/Third_Party/FreeRTOS/Source/list.o
                0x000000000800591c                vListInitialise
 .text.vListInitialiseItem
                0x0000000008005932        0x6 ./Middlewares/Third_Party/FreeRTOS/Source/list.o
                0x0000000008005932                vListInitialiseItem
 .text.vListInsertEnd
                0x0000000008005938       0x16 ./Middlewares/Third_Party/FreeRTOS/Source/list.o
                0x0000000008005938                vListInsertEnd
 .text.vListInsert
                0x000000000800594e       0x32 ./Middlewares/Third_Party/FreeRTOS/Source/list.o
                0x000000000800594e                vListInsert
 .text.uxListRemove
                0x0000000008005980       0x24 ./Middlewares/Third_Party/FreeRTOS/Source/list.o
                0x0000000008005980                uxListRemove
 .text.prvIsQueueEmpty
                0x00000000080059a4       0x16 ./Middlewares/Third_Party/FreeRTOS/Source/queue.o
 .text.prvCopyDataToQueue
                0x00000000080059ba       0x76 ./Middlewares/Third_Party/FreeRTOS/Source/queue.o
 .text.prvCopyDataFromQueue
                0x0000000008005a30       0x24 ./Middlewares/Third_Party/FreeRTOS/Source/queue.o
 .text.prvUnlockQueue
                0x0000000008005a54       0x76 ./Middlewares/Third_Party/FreeRTOS/Source/queue.o
 .text.xQueueGenericReset
                0x0000000008005aca       0x84 ./Middlewares/Third_Party/FreeRTOS/Source/queue.o
                0x0000000008005aca                xQueueGenericReset
 .text.xQueueGenericCreateStatic
                0x0000000008005b4e       0xa4 ./Middlewares/Third_Party/FreeRTOS/Source/queue.o
                0x0000000008005b4e                xQueueGenericCreateStatic
 .text.xQueueGenericCreate
                0x0000000008005bf2       0x50 ./Middlewares/Third_Party/FreeRTOS/Source/queue.o
                0x0000000008005bf2                xQueueGenericCreate
 .text.xQueueCreateCountingSemaphoreStatic
                0x0000000008005c42       0x46 ./Middlewares/Third_Party/FreeRTOS/Source/queue.o
                0x0000000008005c42                xQueueCreateCountingSemaphoreStatic
 .text.xQueueCreateCountingSemaphore
                0x0000000008005c88       0x3c ./Middlewares/Third_Party/FreeRTOS/Source/queue.o
                0x0000000008005c88                xQueueCreateCountingSemaphore
 .text.xQueueGenericSend
                0x0000000008005cc4      0x198 ./Middlewares/Third_Party/FreeRTOS/Source/queue.o
                0x0000000008005cc4                xQueueGenericSend
 .text.prvInitialiseMutex
                0x0000000008005e5c       0x18 ./Middlewares/Third_Party/FreeRTOS/Source/queue.o
 .text.xQueueCreateMutex
                0x0000000008005e74       0x16 ./Middlewares/Third_Party/FreeRTOS/Source/queue.o
                0x0000000008005e74                xQueueCreateMutex
 .text.xQueueCreateMutexStatic
                0x0000000008005e8a       0x1e ./Middlewares/Third_Party/FreeRTOS/Source/queue.o
                0x0000000008005e8a                xQueueCreateMutexStatic
 .text.xQueueGiveMutexRecursive
                0x0000000008005ea8       0x40 ./Middlewares/Third_Party/FreeRTOS/Source/queue.o
                0x0000000008005ea8                xQueueGiveMutexRecursive
 .text.xQueueGenericSendFromISR
                0x0000000008005ee8       0xcc ./Middlewares/Third_Party/FreeRTOS/Source/queue.o
                0x0000000008005ee8                xQueueGenericSendFromISR
 .text.xQueueReceive
                0x0000000008005fb4      0x164 ./Middlewares/Third_Party/FreeRTOS/Source/queue.o
                0x0000000008005fb4                xQueueReceive
 .text.xQueueSemaphoreTake
                0x0000000008006118      0x1a6 ./Middlewares/Third_Party/FreeRTOS/Source/queue.o
                0x0000000008006118                xQueueSemaphoreTake
 .text.xQueueTakeMutexRecursive
                0x00000000080062be       0x40 ./Middlewares/Third_Party/FreeRTOS/Source/queue.o
                0x00000000080062be                xQueueTakeMutexRecursive
 .text.xQueueReceiveFromISR
                0x00000000080062fe       0xae ./Middlewares/Third_Party/FreeRTOS/Source/queue.o
                0x00000000080062fe                xQueueReceiveFromISR
 .text.vQueueAddToRegistry
                0x00000000080063ac       0x28 ./Middlewares/Third_Party/FreeRTOS/Source/queue.o
                0x00000000080063ac                vQueueAddToRegistry
 .text.vQueueUnregisterQueue
                0x00000000080063d4       0x2c ./Middlewares/Third_Party/FreeRTOS/Source/queue.o
                0x00000000080063d4                vQueueUnregisterQueue
 .text.vQueueDelete
                0x0000000008006400       0x2c ./Middlewares/Third_Party/FreeRTOS/Source/queue.o
                0x0000000008006400                vQueueDelete
 .text.vQueueWaitForMessageRestricted
                0x000000000800642c       0x4e ./Middlewares/Third_Party/FreeRTOS/Source/queue.o
                0x000000000800642c                vQueueWaitForMessageRestricted
 *fill*         0x000000000800647a        0x2 
 .text.prvResetNextTaskUnblockTime
                0x000000000800647c       0x2c ./Middlewares/Third_Party/FreeRTOS/Source/tasks.o
 .text.prvInitialiseNewTask
                0x00000000080064a8       0x98 ./Middlewares/Third_Party/FreeRTOS/Source/tasks.o
 .text.prvAddNewTaskToReadyList
                0x0000000008006540      0x100 ./Middlewares/Third_Party/FreeRTOS/Source/tasks.o
 .text.prvDeleteTCB
                0x0000000008006640       0x38 ./Middlewares/Third_Party/FreeRTOS/Source/tasks.o
 .text.prvIdleTask
                0x0000000008006678       0x68 ./Middlewares/Third_Party/FreeRTOS/Source/tasks.o
 .text.prvAddCurrentTaskToDelayedList
                0x00000000080066e0       0x7c ./Middlewares/Third_Party/FreeRTOS/Source/tasks.o
 .text.xTaskCreateStatic
                0x000000000800675c       0x74 ./Middlewares/Third_Party/FreeRTOS/Source/tasks.o
                0x000000000800675c                xTaskCreateStatic
 .text.xTaskCreate
                0x00000000080067d0       0x64 ./Middlewares/Third_Party/FreeRTOS/Source/tasks.o
                0x00000000080067d0                xTaskCreate
 .text.vTaskStartScheduler
                0x0000000008006834       0x8c ./Middlewares/Third_Party/FreeRTOS/Source/tasks.o
                0x0000000008006834                vTaskStartScheduler
 .text.vTaskSuspendAll
                0x00000000080068c0       0x10 ./Middlewares/Third_Party/FreeRTOS/Source/tasks.o
                0x00000000080068c0                vTaskSuspendAll
 .text.xTaskGetTickCount
                0x00000000080068d0        0xc ./Middlewares/Third_Party/FreeRTOS/Source/tasks.o
                0x00000000080068d0                xTaskGetTickCount
 .text.xTaskIncrementTick
                0x00000000080068dc      0x134 ./Middlewares/Third_Party/FreeRTOS/Source/tasks.o
                0x00000000080068dc                xTaskIncrementTick
 .text.xTaskResumeAll
                0x0000000008006a10      0x104 ./Middlewares/Third_Party/FreeRTOS/Source/tasks.o
                0x0000000008006a10                xTaskResumeAll
 .text.vTaskDelayUntil
                0x0000000008006b14       0xa0 ./Middlewares/Third_Party/FreeRTOS/Source/tasks.o
                0x0000000008006b14                vTaskDelayUntil
 .text.vTaskSwitchContext
                0x0000000008006bb4       0xa0 ./Middlewares/Third_Party/FreeRTOS/Source/tasks.o
                0x0000000008006bb4                vTaskSwitchContext
 .text.vTaskPlaceOnEventList
                0x0000000008006c54       0x30 ./Middlewares/Third_Party/FreeRTOS/Source/tasks.o
                0x0000000008006c54                vTaskPlaceOnEventList
 .text.vTaskPlaceOnUnorderedEventList
                0x0000000008006c84       0x58 ./Middlewares/Third_Party/FreeRTOS/Source/tasks.o
                0x0000000008006c84                vTaskPlaceOnUnorderedEventList
 .text.vTaskPlaceOnEventListRestricted
                0x0000000008006cdc       0x3c ./Middlewares/Third_Party/FreeRTOS/Source/tasks.o
                0x0000000008006cdc                vTaskPlaceOnEventListRestricted
 .text.xTaskRemoveFromEventList
                0x0000000008006d18       0x88 ./Middlewares/Third_Party/FreeRTOS/Source/tasks.o
                0x0000000008006d18                xTaskRemoveFromEventList
 .text.vTaskRemoveFromUnorderedEventList
                0x0000000008006da0       0x88 ./Middlewares/Third_Party/FreeRTOS/Source/tasks.o
                0x0000000008006da0                vTaskRemoveFromUnorderedEventList
 .text.vTaskInternalSetTimeOutState
                0x0000000008006e28       0x18 ./Middlewares/Third_Party/FreeRTOS/Source/tasks.o
                0x0000000008006e28                vTaskInternalSetTimeOutState
 .text.xTaskCheckForTimeOut
                0x0000000008006e40       0x84 ./Middlewares/Third_Party/FreeRTOS/Source/tasks.o
                0x0000000008006e40                xTaskCheckForTimeOut
 .text.vTaskMissedYield
                0x0000000008006ec4        0xc ./Middlewares/Third_Party/FreeRTOS/Source/tasks.o
                0x0000000008006ec4                vTaskMissedYield
 .text.xTaskGetCurrentTaskHandle
                0x0000000008006ed0        0xc ./Middlewares/Third_Party/FreeRTOS/Source/tasks.o
                0x0000000008006ed0                xTaskGetCurrentTaskHandle
 .text.xTaskGetSchedulerState
                0x0000000008006edc       0x20 ./Middlewares/Third_Party/FreeRTOS/Source/tasks.o
                0x0000000008006edc                xTaskGetSchedulerState
 .text.xTaskPriorityInherit
                0x0000000008006efc       0x98 ./Middlewares/Third_Party/FreeRTOS/Source/tasks.o
                0x0000000008006efc                xTaskPriorityInherit
 .text.xTaskPriorityDisinherit
                0x0000000008006f94       0x90 ./Middlewares/Third_Party/FreeRTOS/Source/tasks.o
                0x0000000008006f94                xTaskPriorityDisinherit
 .text.vTaskPriorityDisinheritAfterTimeout
                0x0000000008007024       0xa0 ./Middlewares/Third_Party/FreeRTOS/Source/tasks.o
                0x0000000008007024                vTaskPriorityDisinheritAfterTimeout
 .text.uxTaskResetEventItemValue
                0x00000000080070c4       0x18 ./Middlewares/Third_Party/FreeRTOS/Source/tasks.o
                0x00000000080070c4                uxTaskResetEventItemValue
 .text.pvTaskIncrementMutexHeldCount
                0x00000000080070dc       0x1c ./Middlewares/Third_Party/FreeRTOS/Source/tasks.o
                0x00000000080070dc                pvTaskIncrementMutexHeldCount
 .text.prvInsertTimerInActiveList
                0x00000000080070f8       0x48 ./Middlewares/Third_Party/FreeRTOS/Source/timers.o
 .text.prvCheckForValidListAndQueue
                0x0000000008007140       0x70 ./Middlewares/Third_Party/FreeRTOS/Source/timers.o
 .text.xTimerCreateTimerTask
                0x00000000080071b0       0x64 ./Middlewares/Third_Party/FreeRTOS/Source/timers.o
                0x00000000080071b0                xTimerCreateTimerTask
 .text.xTimerGenericCommand
                0x0000000008007214       0x60 ./Middlewares/Third_Party/FreeRTOS/Source/timers.o
                0x0000000008007214                xTimerGenericCommand
 .text.prvSampleTimeNow
                0x0000000008007274       0xa8 ./Middlewares/Third_Party/FreeRTOS/Source/timers.o
 .text.prvTimerTask
                0x000000000800731c      0x1e4 ./Middlewares/Third_Party/FreeRTOS/Source/timers.o
 .text.xTimerPendFunctionCallFromISR
                0x0000000008007500       0x28 ./Middlewares/Third_Party/FreeRTOS/Source/timers.o
                0x0000000008007500                xTimerPendFunctionCallFromISR
 .text.prvTaskExitError
                0x0000000008007528       0x40 ./Middlewares/Third_Party/FreeRTOS/Source/portable/GCC/ARM_CM3/port.o
 .text.prvPortStartFirstTask
                0x0000000008007568       0x20 ./Middlewares/Third_Party/FreeRTOS/Source/portable/GCC/ARM_CM3/port.o
 .text.pxPortInitialiseStack
                0x0000000008007588       0x24 ./Middlewares/Third_Party/FreeRTOS/Source/portable/GCC/ARM_CM3/port.o
                0x0000000008007588                pxPortInitialiseStack
 *fill*         0x00000000080075ac        0x4 
 .text.SVC_Handler
                0x00000000080075b0       0x24 ./Middlewares/Third_Party/FreeRTOS/Source/portable/GCC/ARM_CM3/port.o
                0x00000000080075b0                SVC_Handler
 .text.vPortEnterCritical
                0x00000000080075d4       0x44 ./Middlewares/Third_Party/FreeRTOS/Source/portable/GCC/ARM_CM3/port.o
                0x00000000080075d4                vPortEnterCritical
 .text.vPortExitCritical
                0x0000000008007618       0x2c ./Middlewares/Third_Party/FreeRTOS/Source/portable/GCC/ARM_CM3/port.o
                0x0000000008007618                vPortExitCritical
 *fill*         0x0000000008007644        0xc 
 .text.PendSV_Handler
                0x0000000008007650       0x44 ./Middlewares/Third_Party/FreeRTOS/Source/portable/GCC/ARM_CM3/port.o
                0x0000000008007650                PendSV_Handler
 .text.SysTick_Handler
                0x0000000008007694       0x2c ./Middlewares/Third_Party/FreeRTOS/Source/portable/GCC/ARM_CM3/port.o
                0x0000000008007694                SysTick_Handler
 .text.vPortSetupTimerInterrupt
                0x00000000080076c0       0x28 ./Middlewares/Third_Party/FreeRTOS/Source/portable/GCC/ARM_CM3/port.o
                0x00000000080076c0                vPortSetupTimerInterrupt
 .text.xPortStartScheduler
                0x00000000080076e8       0xc8 ./Middlewares/Third_Party/FreeRTOS/Source/portable/GCC/ARM_CM3/port.o
                0x00000000080076e8                xPortStartScheduler
 .text.vPortValidateInterruptPriority
                0x00000000080077b0       0x5c ./Middlewares/Third_Party/FreeRTOS/Source/portable/GCC/ARM_CM3/port.o
                0x00000000080077b0                vPortValidateInterruptPriority
 .text.prvInsertBlockIntoFreeList
                0x000000000800780c       0x5c ./Middlewares/Third_Party/FreeRTOS/Source/portable/MemMang/heap_4.o
 .text.pvPortMalloc
                0x0000000008007868      0x12c ./Middlewares/Third_Party/FreeRTOS/Source/portable/MemMang/heap_4.o
                0x0000000008007868                pvPortMalloc
 .text.vPortFree
                0x0000000008007994       0x6c ./Middlewares/Third_Party/FreeRTOS/Source/portable/MemMang/heap_4.o
                0x0000000008007994                vPortFree
 .text.__itoa   0x0000000008007a00       0x30 C:/ST/STM32CubeIDE_1.10.1/STM32CubeIDE/plugins/com.st.stm32cube.ide.mcu.externaltools.gnu-tools-for-stm32.11.3.rel1.win32_1.1.1.202309131626/tools/bin/../lib/gcc/arm-none-eabi/11.3.1/../../../../arm-none-eabi/lib/thumb/v7-m/nofp\libc_nano.a(libc_a-itoa.o)
                0x0000000008007a00                __itoa
 .text.itoa     0x0000000008007a30        0x4 C:/ST/STM32CubeIDE_1.10.1/STM32CubeIDE/plugins/com.st.stm32cube.ide.mcu.externaltools.gnu-tools-for-stm32.11.3.rel1.win32_1.1.1.202309131626/tools/bin/../lib/gcc/arm-none-eabi/11.3.1/../../../../arm-none-eabi/lib/thumb/v7-m/nofp\libc_nano.a(libc_a-itoa.o)
                0x0000000008007a30                itoa
 .text.rand     0x0000000008007a34       0x7c C:/ST/STM32CubeIDE_1.10.1/STM32CubeIDE/plugins/com.st.stm32cube.ide.mcu.externaltools.gnu-tools-for-stm32.11.3.rel1.win32_1.1.1.202309131626/tools/bin/../lib/gcc/arm-none-eabi/11.3.1/../../../../arm-none-eabi/lib/thumb/v7-m/nofp\libc_nano.a(libc_a-rand.o)
                0x0000000008007a34                rand
 .text.__utoa   0x0000000008007ab0       0x84 C:/ST/STM32CubeIDE_1.10.1/STM32CubeIDE/plugins/com.st.stm32cube.ide.mcu.externaltools.gnu-tools-for-stm32.11.3.rel1.win32_1.1.1.202309131626/tools/bin/../lib/gcc/arm-none-eabi/11.3.1/../../../../arm-none-eabi/lib/thumb/v7-m/nofp\libc_nano.a(libc_a-utoa.o)
                0x0000000008007ab0                __utoa
 .text.std      0x0000000008007b34       0x6c C:/ST/STM32CubeIDE_1.10.1/STM32CubeIDE/plugins/com.st.stm32cube.ide.mcu.externaltools.gnu-tools-for-stm32.11.3.rel1.win32_1.1.1.202309131626/tools/bin/../lib/gcc/arm-none-eabi/11.3.1/../../../../arm-none-eabi/lib/thumb/v7-m/nofp\libc_nano.a(libc_a-findfp.o)
 .text.stdio_exit_handler
                0x0000000008007ba0       0x18 C:/ST/STM32CubeIDE_1.10.1/STM32CubeIDE/plugins/com.st.stm32cube.ide.mcu.externaltools.gnu-tools-for-stm32.11.3.rel1.win32_1.1.1.202309131626/tools/bin/../lib/gcc/arm-none-eabi/11.3.1/../../../../arm-none-eabi/lib/thumb/v7-m/nofp\libc_nano.a(libc_a-findfp.o)
 .text.cleanup_stdio
                0x0000000008007bb8       0x40 C:/ST/STM32CubeIDE_1.10.1/STM32CubeIDE/plugins/com.st.stm32cube.ide.mcu.externaltools.gnu-tools-for-stm32.11.3.rel1.win32_1.1.1.202309131626/tools/bin/../lib/gcc/arm-none-eabi/11.3.1/../../../../arm-none-eabi/lib/thumb/v7-m/nofp\libc_nano.a(libc_a-findfp.o)
 .text.global_stdio_init.part.0
                0x0000000008007bf8       0x3c C:/ST/STM32CubeIDE_1.10.1/STM32CubeIDE/plugins/com.st.stm32cube.ide.mcu.externaltools.gnu-tools-for-stm32.11.3.rel1.win32_1.1.1.202309131626/tools/bin/../lib/gcc/arm-none-eabi/11.3.1/../../../../arm-none-eabi/lib/thumb/v7-m/nofp\libc_nano.a(libc_a-findfp.o)
 .text.__sfp_lock_acquire
                0x0000000008007c34        0xc C:/ST/STM32CubeIDE_1.10.1/STM32CubeIDE/plugins/com.st.stm32cube.ide.mcu.externaltools.gnu-tools-for-stm32.11.3.rel1.win32_1.1.1.202309131626/tools/bin/../lib/gcc/arm-none-eabi/11.3.1/../../../../arm-none-eabi/lib/thumb/v7-m/nofp\libc_nano.a(libc_a-findfp.o)
                0x0000000008007c34                __sfp_lock_acquire
 .text.__sfp_lock_release
                0x0000000008007c40        0xc C:/ST/STM32CubeIDE_1.10.1/STM32CubeIDE/plugins/com.st.stm32cube.ide.mcu.externaltools.gnu-tools-for-stm32.11.3.rel1.win32_1.1.1.202309131626/tools/bin/../lib/gcc/arm-none-eabi/11.3.1/../../../../arm-none-eabi/lib/thumb/v7-m/nofp\libc_nano.a(libc_a-findfp.o)
                0x0000000008007c40                __sfp_lock_release
 .text.__sinit  0x0000000008007c4c       0x30 C:/ST/STM32CubeIDE_1.10.1/STM32CubeIDE/plugins/com.st.stm32cube.ide.mcu.externaltools.gnu-tools-for-stm32.11.3.rel1.win32_1.1.1.202309131626/tools/bin/../lib/gcc/arm-none-eabi/11.3.1/../../../../arm-none-eabi/lib/thumb/v7-m/nofp\libc_nano.a(libc_a-findfp.o)
                0x0000000008007c4c                __sinit
 .text._fwalk_sglue
                0x0000000008007c7c       0x3c C:/ST/STM32CubeIDE_1.10.1/STM32CubeIDE/plugins/com.st.stm32cube.ide.mcu.externaltools.gnu-tools-for-stm32.11.3.rel1.win32_1.1.1.202309131626/tools/bin/../lib/gcc/arm-none-eabi/11.3.1/../../../../arm-none-eabi/lib/thumb/v7-m/nofp\libc_nano.a(libc_a-fwalk.o)
                0x0000000008007c7c                _fwalk_sglue
 .text.__sread  0x0000000008007cb8       0x22 C:/ST/STM32CubeIDE_1.10.1/STM32CubeIDE/plugins/com.st.stm32cube.ide.mcu.externaltools.gnu-tools-for-stm32.11.3.rel1.win32_1.1.1.202309131626/tools/bin/../lib/gcc/arm-none-eabi/11.3.1/../../../../arm-none-eabi/lib/thumb/v7-m/nofp\libc_nano.a(libc_a-stdio.o)
                0x0000000008007cb8                __sread
 .text.__swrite
                0x0000000008007cda       0x38 C:/ST/STM32CubeIDE_1.10.1/STM32CubeIDE/plugins/com.st.stm32cube.ide.mcu.externaltools.gnu-tools-for-stm32.11.3.rel1.win32_1.1.1.202309131626/tools/bin/../lib/gcc/arm-none-eabi/11.3.1/../../../../arm-none-eabi/lib/thumb/v7-m/nofp\libc_nano.a(libc_a-stdio.o)
                0x0000000008007cda                __swrite
 .text.__sseek  0x0000000008007d12       0x24 C:/ST/STM32CubeIDE_1.10.1/STM32CubeIDE/plugins/com.st.stm32cube.ide.mcu.externaltools.gnu-tools-for-stm32.11.3.rel1.win32_1.1.1.202309131626/tools/bin/../lib/gcc/arm-none-eabi/11.3.1/../../../../arm-none-eabi/lib/thumb/v7-m/nofp\libc_nano.a(libc_a-stdio.o)
                0x0000000008007d12                __sseek
 .text.__sclose
                0x0000000008007d36        0x8 C:/ST/STM32CubeIDE_1.10.1/STM32CubeIDE/plugins/com.st.stm32cube.ide.mcu.externaltools.gnu-tools-for-stm32.11.3.rel1.win32_1.1.1.202309131626/tools/bin/../lib/gcc/arm-none-eabi/11.3.1/../../../../arm-none-eabi/lib/thumb/v7-m/nofp\libc_nano.a(libc_a-stdio.o)
                0x0000000008007d36                __sclose
 .text.memset   0x0000000008007d3e       0x10 C:/ST/STM32CubeIDE_1.10.1/STM32CubeIDE/plugins/com.st.stm32cube.ide.mcu.externaltools.gnu-tools-for-stm32.11.3.rel1.win32_1.1.1.202309131626/tools/bin/../lib/gcc/arm-none-eabi/11.3.1/../../../../arm-none-eabi/lib/thumb/v7-m/nofp\libc_nano.a(libc_a-memset.o)
                0x0000000008007d3e                memset
 *fill*         0x0000000008007d4e        0x2 
 .text._close_r
                0x0000000008007d50       0x20 C:/ST/STM32CubeIDE_1.10.1/STM32CubeIDE/plugins/com.st.stm32cube.ide.mcu.externaltools.gnu-tools-for-stm32.11.3.rel1.win32_1.1.1.202309131626/tools/bin/../lib/gcc/arm-none-eabi/11.3.1/../../../../arm-none-eabi/lib/thumb/v7-m/nofp\libc_nano.a(libc_a-closer.o)
                0x0000000008007d50                _close_r
 .text._lseek_r
                0x0000000008007d70       0x24 C:/ST/STM32CubeIDE_1.10.1/STM32CubeIDE/plugins/com.st.stm32cube.ide.mcu.externaltools.gnu-tools-for-stm32.11.3.rel1.win32_1.1.1.202309131626/tools/bin/../lib/gcc/arm-none-eabi/11.3.1/../../../../arm-none-eabi/lib/thumb/v7-m/nofp\libc_nano.a(libc_a-lseekr.o)
                0x0000000008007d70                _lseek_r
 .text._read_r  0x0000000008007d94       0x24 C:/ST/STM32CubeIDE_1.10.1/STM32CubeIDE/plugins/com.st.stm32cube.ide.mcu.externaltools.gnu-tools-for-stm32.11.3.rel1.win32_1.1.1.202309131626/tools/bin/../lib/gcc/arm-none-eabi/11.3.1/../../../../arm-none-eabi/lib/thumb/v7-m/nofp\libc_nano.a(libc_a-readr.o)
                0x0000000008007d94                _read_r
 .text._write_r
                0x0000000008007db8       0x24 C:/ST/STM32CubeIDE_1.10.1/STM32CubeIDE/plugins/com.st.stm32cube.ide.mcu.externaltools.gnu-tools-for-stm32.11.3.rel1.win32_1.1.1.202309131626/tools/bin/../lib/gcc/arm-none-eabi/11.3.1/../../../../arm-none-eabi/lib/thumb/v7-m/nofp\libc_nano.a(libc_a-writer.o)
                0x0000000008007db8                _write_r
 .text.__errno  0x0000000008007ddc        0xc C:/ST/STM32CubeIDE_1.10.1/STM32CubeIDE/plugins/com.st.stm32cube.ide.mcu.externaltools.gnu-tools-for-stm32.11.3.rel1.win32_1.1.1.202309131626/tools/bin/../lib/gcc/arm-none-eabi/11.3.1/../../../../arm-none-eabi/lib/thumb/v7-m/nofp\libc_nano.a(libc_a-errno.o)
                0x0000000008007ddc                __errno
 .text.__libc_init_array
                0x0000000008007de8       0x48 C:/ST/STM32CubeIDE_1.10.1/STM32CubeIDE/plugins/com.st.stm32cube.ide.mcu.externaltools.gnu-tools-for-stm32.11.3.rel1.win32_1.1.1.202309131626/tools/bin/../lib/gcc/arm-none-eabi/11.3.1/../../../../arm-none-eabi/lib/thumb/v7-m/nofp\libc_nano.a(libc_a-init.o)
                0x0000000008007de8                __libc_init_array
 .text.__retarget_lock_init_recursive
                0x0000000008007e30        0x2 C:/ST/STM32CubeIDE_1.10.1/STM32CubeIDE/plugins/com.st.stm32cube.ide.mcu.externaltools.gnu-tools-for-stm32.11.3.rel1.win32_1.1.1.202309131626/tools/bin/../lib/gcc/arm-none-eabi/11.3.1/../../../../arm-none-eabi/lib/thumb/v7-m/nofp\libc_nano.a(libc_a-lock.o)
                0x0000000008007e30                __retarget_lock_init_recursive
 .text.__retarget_lock_acquire_recursive
                0x0000000008007e32        0x2 C:/ST/STM32CubeIDE_1.10.1/STM32CubeIDE/plugins/com.st.stm32cube.ide.mcu.externaltools.gnu-tools-for-stm32.11.3.rel1.win32_1.1.1.202309131626/tools/bin/../lib/gcc/arm-none-eabi/11.3.1/../../../../arm-none-eabi/lib/thumb/v7-m/nofp\libc_nano.a(libc_a-lock.o)
                0x0000000008007e32                __retarget_lock_acquire_recursive
 .text.__retarget_lock_release_recursive
                0x0000000008007e34        0x2 C:/ST/STM32CubeIDE_1.10.1/STM32CubeIDE/plugins/com.st.stm32cube.ide.mcu.externaltools.gnu-tools-for-stm32.11.3.rel1.win32_1.1.1.202309131626/tools/bin/../lib/gcc/arm-none-eabi/11.3.1/../../../../arm-none-eabi/lib/thumb/v7-m/nofp\libc_nano.a(libc_a-lock.o)
                0x0000000008007e34                __retarget_lock_release_recursive
 .text.strcpy   0x0000000008007e36       0x10 C:/ST/STM32CubeIDE_1.10.1/STM32CubeIDE/plugins/com.st.stm32cube.ide.mcu.externaltools.gnu-tools-for-stm32.11.3.rel1.win32_1.1.1.202309131626/tools/bin/../lib/gcc/arm-none-eabi/11.3.1/../../../../arm-none-eabi/lib/thumb/v7-m/nofp\libc_nano.a(libc_a-strcpy.o)
                0x0000000008007e36                strcpy
 .text.memcpy   0x0000000008007e46       0x1c C:/ST/STM32CubeIDE_1.10.1/STM32CubeIDE/plugins/com.st.stm32cube.ide.mcu.externaltools.gnu-tools-for-stm32.11.3.rel1.win32_1.1.1.202309131626/tools/bin/../lib/gcc/arm-none-eabi/11.3.1/../../../../arm-none-eabi/lib/thumb/v7-m/nofp\libc_nano.a(libc_a-memcpy-stub.o)
                0x0000000008007e46                memcpy
 *fill*         0x0000000008007e62        0x2 
 .text.__assert_func
                0x0000000008007e64       0x3c C:/ST/STM32CubeIDE_1.10.1/STM32CubeIDE/plugins/com.st.stm32cube.ide.mcu.externaltools.gnu-tools-for-stm32.11.3.rel1.win32_1.1.1.202309131626/tools/bin/../lib/gcc/arm-none-eabi/11.3.1/../../../../arm-none-eabi/lib/thumb/v7-m/nofp\libc_nano.a(libc_a-assert.o)
                0x0000000008007e64                __assert_func
 .text._free_r  0x0000000008007ea0       0x90 C:/ST/STM32CubeIDE_1.10.1/STM32CubeIDE/plugins/com.st.stm32cube.ide.mcu.externaltools.gnu-tools-for-stm32.11.3.rel1.win32_1.1.1.202309131626/tools/bin/../lib/gcc/arm-none-eabi/11.3.1/../../../../arm-none-eabi/lib/thumb/v7-m/nofp\libc_nano.a(libc_a-freer.o)
                0x0000000008007ea0                _free_r
 .text.malloc   0x0000000008007f30       0x10 C:/ST/STM32CubeIDE_1.10.1/STM32CubeIDE/plugins/com.st.stm32cube.ide.mcu.externaltools.gnu-tools-for-stm32.11.3.rel1.win32_1.1.1.202309131626/tools/bin/../lib/gcc/arm-none-eabi/11.3.1/../../../../arm-none-eabi/lib/thumb/v7-m/nofp\libc_nano.a(libc_a-malloc.o)
                0x0000000008007f30                malloc
 .text.sbrk_aligned
                0x0000000008007f40       0x40 C:/ST/STM32CubeIDE_1.10.1/STM32CubeIDE/plugins/com.st.stm32cube.ide.mcu.externaltools.gnu-tools-for-stm32.11.3.rel1.win32_1.1.1.202309131626/tools/bin/../lib/gcc/arm-none-eabi/11.3.1/../../../../arm-none-eabi/lib/thumb/v7-m/nofp\libc_nano.a(libc_a-mallocr.o)
 .text._malloc_r
                0x0000000008007f80      0x100 C:/ST/STM32CubeIDE_1.10.1/STM32CubeIDE/plugins/com.st.stm32cube.ide.mcu.externaltools.gnu-tools-for-stm32.11.3.rel1.win32_1.1.1.202309131626/tools/bin/../lib/gcc/arm-none-eabi/11.3.1/../../../../arm-none-eabi/lib/thumb/v7-m/nofp\libc_nano.a(libc_a-mallocr.o)
                0x0000000008007f80                _malloc_r
 .text.__malloc_lock
                0x0000000008008080        0xc C:/ST/STM32CubeIDE_1.10.1/STM32CubeIDE/plugins/com.st.stm32cube.ide.mcu.externaltools.gnu-tools-for-stm32.11.3.rel1.win32_1.1.1.202309131626/tools/bin/../lib/gcc/arm-none-eabi/11.3.1/../../../../arm-none-eabi/lib/thumb/v7-m/nofp\libc_nano.a(libc_a-mlock.o)
                0x0000000008008080                __malloc_lock
 .text.__malloc_unlock
                0x000000000800808c        0xc C:/ST/STM32CubeIDE_1.10.1/STM32CubeIDE/plugins/com.st.stm32cube.ide.mcu.externaltools.gnu-tools-for-stm32.11.3.rel1.win32_1.1.1.202309131626/tools/bin/../lib/gcc/arm-none-eabi/11.3.1/../../../../arm-none-eabi/lib/thumb/v7-m/nofp\libc_nano.a(libc_a-mlock.o)
                0x000000000800808c                __malloc_unlock
 .text.__sflush_r
                0x0000000008008098      0x104 C:/ST/STM32CubeIDE_1.10.1/STM32CubeIDE/plugins/com.st.stm32cube.ide.mcu.externaltools.gnu-tools-for-stm32.11.3.rel1.win32_1.1.1.202309131626/tools/bin/../lib/gcc/arm-none-eabi/11.3.1/../../../../arm-none-eabi/lib/thumb/v7-m/nofp\libc_nano.a(libc_a-fflush.o)
                0x0000000008008098                __sflush_r
 .text._fflush_r
                0x000000000800819c       0x50 C:/ST/STM32CubeIDE_1.10.1/STM32CubeIDE/plugins/com.st.stm32cube.ide.mcu.externaltools.gnu-tools-for-stm32.11.3.rel1.win32_1.1.1.202309131626/tools/bin/../lib/gcc/arm-none-eabi/11.3.1/../../../../arm-none-eabi/lib/thumb/v7-m/nofp\libc_nano.a(libc_a-fflush.o)
                0x000000000800819c                _fflush_r
 .text.fprintf  0x00000000080081ec       0x24 C:/ST/STM32CubeIDE_1.10.1/STM32CubeIDE/plugins/com.st.stm32cube.ide.mcu.externaltools.gnu-tools-for-stm32.11.3.rel1.win32_1.1.1.202309131626/tools/bin/../lib/gcc/arm-none-eabi/11.3.1/../../../../arm-none-eabi/lib/thumb/v7-m/nofp\libc_nano.a(libc_a-fprintf.o)
                0x00000000080081ec                fiprintf
                0x00000000080081ec                fprintf
 .text._sbrk_r  0x0000000008008210       0x20 C:/ST/STM32CubeIDE_1.10.1/STM32CubeIDE/plugins/com.st.stm32cube.ide.mcu.externaltools.gnu-tools-for-stm32.11.3.rel1.win32_1.1.1.202309131626/tools/bin/../lib/gcc/arm-none-eabi/11.3.1/../../../../arm-none-eabi/lib/thumb/v7-m/nofp\libc_nano.a(libc_a-sbrkr.o)
                0x0000000008008210                _sbrk_r
 .text.abort    0x0000000008008230        0xe C:/ST/STM32CubeIDE_1.10.1/STM32CubeIDE/plugins/com.st.stm32cube.ide.mcu.externaltools.gnu-tools-for-stm32.11.3.rel1.win32_1.1.1.202309131626/tools/bin/../lib/gcc/arm-none-eabi/11.3.1/../../../../arm-none-eabi/lib/thumb/v7-m/nofp\libc_nano.a(libc_a-abort.o)
                0x0000000008008230                abort
 .text.__sfputc_r
                0x000000000800823e       0x2a C:/ST/STM32CubeIDE_1.10.1/STM32CubeIDE/plugins/com.st.stm32cube.ide.mcu.externaltools.gnu-tools-for-stm32.11.3.rel1.win32_1.1.1.202309131626/tools/bin/../lib/gcc/arm-none-eabi/11.3.1/../../../../arm-none-eabi/lib/thumb/v7-m/nofp\libc_nano.a(libc_a-nano-vfprintf.o)
 .text.__sfputs_r
                0x0000000008008268       0x24 C:/ST/STM32CubeIDE_1.10.1/STM32CubeIDE/plugins/com.st.stm32cube.ide.mcu.externaltools.gnu-tools-for-stm32.11.3.rel1.win32_1.1.1.202309131626/tools/bin/../lib/gcc/arm-none-eabi/11.3.1/../../../../arm-none-eabi/lib/thumb/v7-m/nofp\libc_nano.a(libc_a-nano-vfprintf.o)
                0x0000000008008268                __sfputs_r
 .text._vfprintf_r
                0x000000000800828c      0x234 C:/ST/STM32CubeIDE_1.10.1/STM32CubeIDE/plugins/com.st.stm32cube.ide.mcu.externaltools.gnu-tools-for-stm32.11.3.rel1.win32_1.1.1.202309131626/tools/bin/../lib/gcc/arm-none-eabi/11.3.1/../../../../arm-none-eabi/lib/thumb/v7-m/nofp\libc_nano.a(libc_a-nano-vfprintf.o)
                0x000000000800828c                _vfprintf_r
                0x000000000800828c                _vfiprintf_r
 .text._printf_common
                0x00000000080084c0       0xe4 C:/ST/STM32CubeIDE_1.10.1/STM32CubeIDE/plugins/com.st.stm32cube.ide.mcu.externaltools.gnu-tools-for-stm32.11.3.rel1.win32_1.1.1.202309131626/tools/bin/../lib/gcc/arm-none-eabi/11.3.1/../../../../arm-none-eabi/lib/thumb/v7-m/nofp\libc_nano.a(libc_a-nano-vfprintf_i.o)
                0x00000000080084c0                _printf_common
 .text._printf_i
                0x00000000080085a4      0x244 C:/ST/STM32CubeIDE_1.10.1/STM32CubeIDE/plugins/com.st.stm32cube.ide.mcu.externaltools.gnu-tools-for-stm32.11.3.rel1.win32_1.1.1.202309131626/tools/bin/../lib/gcc/arm-none-eabi/11.3.1/../../../../arm-none-eabi/lib/thumb/v7-m/nofp\libc_nano.a(libc_a-nano-vfprintf_i.o)
                0x00000000080085a4                _printf_i
 .text.__swbuf_r
                0x00000000080087e8       0x7a C:/ST/STM32CubeIDE_1.10.1/STM32CubeIDE/plugins/com.st.stm32cube.ide.mcu.externaltools.gnu-tools-for-stm32.11.3.rel1.win32_1.1.1.202309131626/tools/bin/../lib/gcc/arm-none-eabi/11.3.1/../../../../arm-none-eabi/lib/thumb/v7-m/nofp\libc_nano.a(libc_a-wbuf.o)
                0x00000000080087e8                __swbuf_r
 *fill*         0x0000000008008862        0x2 
 .text.__swsetup_r
                0x0000000008008864       0xb0 C:/ST/STM32CubeIDE_1.10.1/STM32CubeIDE/plugins/com.st.stm32cube.ide.mcu.externaltools.gnu-tools-for-stm32.11.3.rel1.win32_1.1.1.202309131626/tools/bin/../lib/gcc/arm-none-eabi/11.3.1/../../../../arm-none-eabi/lib/thumb/v7-m/nofp\libc_nano.a(libc_a-wsetup.o)
                0x0000000008008864                __swsetup_r
 .text._raise_r
                0x0000000008008914       0x50 C:/ST/STM32CubeIDE_1.10.1/STM32CubeIDE/plugins/com.st.stm32cube.ide.mcu.externaltools.gnu-tools-for-stm32.11.3.rel1.win32_1.1.1.202309131626/tools/bin/../lib/gcc/arm-none-eabi/11.3.1/../../../../arm-none-eabi/lib/thumb/v7-m/nofp\libc_nano.a(libc_a-signal.o)
                0x0000000008008914                _raise_r
 .text.raise    0x0000000008008964       0x10 C:/ST/STM32CubeIDE_1.10.1/STM32CubeIDE/plugins/com.st.stm32cube.ide.mcu.externaltools.gnu-tools-for-stm32.11.3.rel1.win32_1.1.1.202309131626/tools/bin/../lib/gcc/arm-none-eabi/11.3.1/../../../../arm-none-eabi/lib/thumb/v7-m/nofp\libc_nano.a(libc_a-signal.o)
                0x0000000008008964                raise
 .text._kill_r  0x0000000008008974       0x24 C:/ST/STM32CubeIDE_1.10.1/STM32CubeIDE/plugins/com.st.stm32cube.ide.mcu.externaltools.gnu-tools-for-stm32.11.3.rel1.win32_1.1.1.202309131626/tools/bin/../lib/gcc/arm-none-eabi/11.3.1/../../../../arm-none-eabi/lib/thumb/v7-m/nofp\libc_nano.a(libc_a-signalr.o)
                0x0000000008008974                _kill_r
 .text._getpid_r
                0x0000000008008998        0x4 C:/ST/STM32CubeIDE_1.10.1/STM32CubeIDE/plugins/com.st.stm32cube.ide.mcu.externaltools.gnu-tools-for-stm32.11.3.rel1.win32_1.1.1.202309131626/tools/bin/../lib/gcc/arm-none-eabi/11.3.1/../../../../arm-none-eabi/lib/thumb/v7-m/nofp\libc_nano.a(libc_a-signalr.o)
                0x0000000008008998                _getpid_r
 .text.memchr   0x000000000800899c       0x1c C:/ST/STM32CubeIDE_1.10.1/STM32CubeIDE/plugins/com.st.stm32cube.ide.mcu.externaltools.gnu-tools-for-stm32.11.3.rel1.win32_1.1.1.202309131626/tools/bin/../lib/gcc/arm-none-eabi/11.3.1/../../../../arm-none-eabi/lib/thumb/v7-m/nofp\libc_nano.a(libc_a-memchr-stub.o)
                0x000000000800899c                memchr
 .text.__swhatbuf_r
                0x00000000080089b8       0x4a C:/ST/STM32CubeIDE_1.10.1/STM32CubeIDE/plugins/com.st.stm32cube.ide.mcu.externaltools.gnu-tools-for-stm32.11.3.rel1.win32_1.1.1.202309131626/tools/bin/../lib/gcc/arm-none-eabi/11.3.1/../../../../arm-none-eabi/lib/thumb/v7-m/nofp\libc_nano.a(libc_a-makebuf.o)
                0x00000000080089b8                __swhatbuf_r
 .text.__smakebuf_r
                0x0000000008008a02       0x78 C:/ST/STM32CubeIDE_1.10.1/STM32CubeIDE/plugins/com.st.stm32cube.ide.mcu.externaltools.gnu-tools-for-stm32.11.3.rel1.win32_1.1.1.202309131626/tools/bin/../lib/gcc/arm-none-eabi/11.3.1/../../../../arm-none-eabi/lib/thumb/v7-m/nofp\libc_nano.a(libc_a-makebuf.o)
                0x0000000008008a02                __smakebuf_r
 *fill*         0x0000000008008a7a        0x2 
 .text._fstat_r
                0x0000000008008a7c       0x24 C:/ST/STM32CubeIDE_1.10.1/STM32CubeIDE/plugins/com.st.stm32cube.ide.mcu.externaltools.gnu-tools-for-stm32.11.3.rel1.win32_1.1.1.202309131626/tools/bin/../lib/gcc/arm-none-eabi/11.3.1/../../../../arm-none-eabi/lib/thumb/v7-m/nofp\libc_nano.a(libc_a-fstatr.o)
                0x0000000008008a7c                _fstat_r
 .text._isatty_r
                0x0000000008008aa0       0x20 C:/ST/STM32CubeIDE_1.10.1/STM32CubeIDE/plugins/com.st.stm32cube.ide.mcu.externaltools.gnu-tools-for-stm32.11.3.rel1.win32_1.1.1.202309131626/tools/bin/../lib/gcc/arm-none-eabi/11.3.1/../../../../arm-none-eabi/lib/thumb/v7-m/nofp\libc_nano.a(libc_a-isattyr.o)
                0x0000000008008aa0                _isatty_r
 *(.glue_7)
 .glue_7        0x0000000008008ac0        0x0 linker stubs
 *(.glue_7t)
 .glue_7t       0x0000000008008ac0        0x0 linker stubs
 *(.eh_frame)
 .eh_frame      0x0000000008008ac0        0x0 C:/ST/STM32CubeIDE_1.10.1/STM32CubeIDE/plugins/com.st.stm32cube.ide.mcu.externaltools.gnu-tools-for-stm32.11.3.rel1.win32_1.1.1.202309131626/tools/bin/../lib/gcc/arm-none-eabi/11.3.1/thumb/v7-m/nofp/crtbegin.o
 *(.init)
 .init          0x0000000008008ac0        0x4 C:/ST/STM32CubeIDE_1.10.1/STM32CubeIDE/plugins/com.st.stm32cube.ide.mcu.externaltools.gnu-tools-for-stm32.11.3.rel1.win32_1.1.1.202309131626/tools/bin/../lib/gcc/arm-none-eabi/11.3.1/thumb/v7-m/nofp/crti.o
                0x0000000008008ac0                _init
 .init          0x0000000008008ac4        0x8 C:/ST/STM32CubeIDE_1.10.1/STM32CubeIDE/plugins/com.st.stm32cube.ide.mcu.externaltools.gnu-tools-for-stm32.11.3.rel1.win32_1.1.1.202309131626/tools/bin/../lib/gcc/arm-none-eabi/11.3.1/thumb/v7-m/nofp/crtn.o
 *(.fini)
 .fini          0x0000000008008acc        0x4 C:/ST/STM32CubeIDE_1.10.1/STM32CubeIDE/plugins/com.st.stm32cube.ide.mcu.externaltools.gnu-tools-for-stm32.11.3.rel1.win32_1.1.1.202309131626/tools/bin/../lib/gcc/arm-none-eabi/11.3.1/thumb/v7-m/nofp/crti.o
                0x0000000008008acc                _fini
 .fini          0x0000000008008ad0        0x8 C:/ST/STM32CubeIDE_1.10.1/STM32CubeIDE/plugins/com.st.stm32cube.ide.mcu.externaltools.gnu-tools-for-stm32.11.3.rel1.win32_1.1.1.202309131626/tools/bin/../lib/gcc/arm-none-eabi/11.3.1/thumb/v7-m/nofp/crtn.o
                0x0000000008008ad8                . = ALIGN (0x4)
                0x0000000008008ad8                _etext = .

.vfp11_veneer   0x0000000008008ad8        0x0
 .vfp11_veneer  0x0000000008008ad8        0x0 linker stubs

.v4_bx          0x0000000008008ad8        0x0
 .v4_bx         0x0000000008008ad8        0x0 linker stubs

.iplt           0x0000000008008ad8        0x0
 .iplt          0x0000000008008ad8        0x0 C:/ST/STM32CubeIDE_1.10.1/STM32CubeIDE/plugins/com.st.stm32cube.ide.mcu.externaltools.gnu-tools-for-stm32.11.3.rel1.win32_1.1.1.202309131626/tools/bin/../lib/gcc/arm-none-eabi/11.3.1/thumb/v7-m/nofp/crtbegin.o

.rodata         0x0000000008008ad8      0xde8
                0x0000000008008ad8                . = ALIGN (0x4)
 *(.rodata)
 *(.rodata*)
 .rodata.Font7x10
                0x0000000008008ad8      0x76c ./Core/Src/fonts.o
                0x0000000008008ad8                Font7x10
 .rodata.AlienBombGfx
                0x0000000008009244        0x4 ./Core/Src/invaders.o
 .rodata.InvaderBottomGfx
                0x0000000008009248       0x10 ./Core/Src/invaders.o
 .rodata.InvaderBottomGfx2
                0x0000000008009258       0x10 ./Core/Src/invaders.o
 .rodata.InvaderMiddleGfx
                0x0000000008009268       0x10 ./Core/Src/invaders.o
 .rodata.InvaderMiddleGfx2
                0x0000000008009278        0xe ./Core/Src/invaders.o
 *fill*         0x0000000008009286        0x2 
 .rodata.InvaderTopGfx
                0x0000000008009288        0x8 ./Core/Src/invaders.o
 .rodata.InvaderTopGfx2
                0x0000000008009290        0x8 ./Core/Src/invaders.o
 .rodata.explosion
                0x0000000008009298       0x10 ./Core/Src/invaders.o
 .rodata.nave   0x00000000080092a8        0x8 ./Core/Src/invaders.o
 .rodata.nave_explotada
                0x00000000080092b0        0x8 ./Core/Src/invaders.o
 .rodata.str1.4
                0x00000000080092b8       0x6d ./Core/Src/main.o
 *fill*         0x0000000008009325        0x3 
 .rodata.JoystickTask_attributes
                0x0000000008009328       0x24 ./Core/Src/main.o
                0x0000000008009328                JoystickTask_attributes
 .rodata.MemoriaTask_attributes
                0x000000000800934c       0x24 ./Core/Src/main.o
                0x000000000800934c                MemoriaTask_attributes
 .rodata.PantallaTask_attributes
                0x0000000008009370       0x24 ./Core/Src/main.o
                0x0000000008009370                PantallaTask_attributes
 .rodata.SonidoTask_attributes
                0x0000000008009394       0x24 ./Core/Src/main.o
                0x0000000008009394                SonidoTask_attributes
 .rodata.mutexPuntajes_attributes
                0x00000000080093b8       0x10 ./Core/Src/main.o
                0x00000000080093b8                mutexPuntajes_attributes
 .rodata.mySem01_attributes
                0x00000000080093c8       0x10 ./Core/Src/main.o
                0x00000000080093c8                mySem01_attributes
 .rodata.queueJoystPant_attributes
                0x00000000080093d8       0x18 ./Core/Src/main.o
                0x00000000080093d8                queueJoystPant_attributes
 .rodata.queueSonidoMenu_attributes
                0x00000000080093f0       0x18 ./Core/Src/main.o
                0x00000000080093f0                queueSonidoMenu_attributes
 .rodata.memoriaInit.str1.4
                0x0000000008009408        0x7 ./Core/Src/memoria.o
 *fill*         0x000000000800940f        0x1 
 .rodata.GuardarNombreReset.str1.4
                0x0000000008009410        0x6 ./Core/Src/menu.o
 *fill*         0x0000000008009416        0x2 
 .rodata.menuActualizar.str1.4
                0x0000000008009418       0x44 ./Core/Src/menu.o
 .rodata.SpaceInvaders
                0x000000000800945c      0x100 ./Core/Src/menu.o
 .rodata.game_over_figura
                0x000000000800955c      0x208 ./Core/Src/menu.o
 .rodata.AHBPrescTable
                0x0000000008009764       0x10 ./Core/Src/system_stm32f1xx.o
                0x0000000008009764                AHBPrescTable
 .rodata.APBPrescTable
                0x0000000008009774        0x8 ./Core/Src/system_stm32f1xx.o
                0x0000000008009774                APBPrescTable
 .rodata.aPLLMULFactorTable.1
                0x000000000800977c       0x10 ./Drivers/STM32F1xx_HAL_Driver/Src/stm32f1xx_hal_rcc.o
 .rodata.aPredivFactorTable.0
                0x000000000800978c        0x2 ./Drivers/STM32F1xx_HAL_Driver/Src/stm32f1xx_hal_rcc.o
 *fill*         0x000000000800978e        0x2 
 .rodata.aPLLMULFactorTable.1
                0x0000000008009790       0x10 ./Drivers/STM32F1xx_HAL_Driver/Src/stm32f1xx_hal_rcc_ex.o
 .rodata.aPredivFactorTable.0
                0x00000000080097a0        0x2 ./Drivers/STM32F1xx_HAL_Driver/Src/stm32f1xx_hal_rcc_ex.o
 *fill*         0x00000000080097a2        0x2 
 .rodata.vTaskStartScheduler.str1.4
                0x00000000080097a4        0x5 ./Middlewares/Third_Party/FreeRTOS/Source/tasks.o
 *fill*         0x00000000080097a9        0x3 
 .rodata.prvCheckForValidListAndQueue.str1.4
                0x00000000080097ac        0x5 ./Middlewares/Third_Party/FreeRTOS/Source/timers.o
 *fill*         0x00000000080097b1        0x3 
 .rodata.xTimerCreateTimerTask.str1.4
                0x00000000080097b4        0x8 ./Middlewares/Third_Party/FreeRTOS/Source/timers.o
 .rodata.srand.str1.1
                0x00000000080097bc       0x6f C:/ST/STM32CubeIDE_1.10.1/STM32CubeIDE/plugins/com.st.stm32cube.ide.mcu.externaltools.gnu-tools-for-stm32.11.3.rel1.win32_1.1.1.202309131626/tools/bin/../lib/gcc/arm-none-eabi/11.3.1/../../../../arm-none-eabi/lib/thumb/v7-m/nofp\libc_nano.a(libc_a-rand.o)
 .rodata.__utoa.str1.1
                0x000000000800982b       0x25 C:/ST/STM32CubeIDE_1.10.1/STM32CubeIDE/plugins/com.st.stm32cube.ide.mcu.externaltools.gnu-tools-for-stm32.11.3.rel1.win32_1.1.1.202309131626/tools/bin/../lib/gcc/arm-none-eabi/11.3.1/../../../../arm-none-eabi/lib/thumb/v7-m/nofp\libc_nano.a(libc_a-utoa.o)
 .rodata.__assert_func.str1.1
                0x0000000008009850       0x3c C:/ST/STM32CubeIDE_1.10.1/STM32CubeIDE/plugins/com.st.stm32cube.ide.mcu.externaltools.gnu-tools-for-stm32.11.3.rel1.win32_1.1.1.202309131626/tools/bin/../lib/gcc/arm-none-eabi/11.3.1/../../../../arm-none-eabi/lib/thumb/v7-m/nofp\libc_nano.a(libc_a-assert.o)
                                         0x3d (size before relaxing)
 .rodata._vfprintf_r.str1.1
                0x000000000800988c       0x11 C:/ST/STM32CubeIDE_1.10.1/STM32CubeIDE/plugins/com.st.stm32cube.ide.mcu.externaltools.gnu-tools-for-stm32.11.3.rel1.win32_1.1.1.202309131626/tools/bin/../lib/gcc/arm-none-eabi/11.3.1/../../../../arm-none-eabi/lib/thumb/v7-m/nofp\libc_nano.a(libc_a-nano-vfprintf.o)
 .rodata._printf_i.str1.1
                0x000000000800989d       0x22 C:/ST/STM32CubeIDE_1.10.1/STM32CubeIDE/plugins/com.st.stm32cube.ide.mcu.externaltools.gnu-tools-for-stm32.11.3.rel1.win32_1.1.1.202309131626/tools/bin/../lib/gcc/arm-none-eabi/11.3.1/../../../../arm-none-eabi/lib/thumb/v7-m/nofp\libc_nano.a(libc_a-nano-vfprintf_i.o)
                0x00000000080098c0                . = ALIGN (0x4)
 *fill*         0x00000000080098bf        0x1 

.rel.dyn        0x00000000080098c0        0x0
 .rel.iplt      0x00000000080098c0        0x0 C:/ST/STM32CubeIDE_1.10.1/STM32CubeIDE/plugins/com.st.stm32cube.ide.mcu.externaltools.gnu-tools-for-stm32.11.3.rel1.win32_1.1.1.202309131626/tools/bin/../lib/gcc/arm-none-eabi/11.3.1/thumb/v7-m/nofp/crtbegin.o

.ARM.extab      0x00000000080098c0        0x0
                0x00000000080098c0                . = ALIGN (0x4)
 *(.ARM.extab* .gnu.linkonce.armextab.*)
                0x00000000080098c0                . = ALIGN (0x4)

.ARM            0x00000000080098c0        0x0
                0x00000000080098c0                . = ALIGN (0x4)
                0x00000000080098c0                __exidx_start = .
 *(.ARM.exidx*)
                0x00000000080098c0                __exidx_end = .
                0x00000000080098c0                . = ALIGN (0x4)

.preinit_array  0x00000000080098c0        0x0
                0x00000000080098c0                . = ALIGN (0x4)
                0x00000000080098c0                PROVIDE (__preinit_array_start = .)
 *(.preinit_array*)
                0x00000000080098c0                PROVIDE (__preinit_array_end = .)
                0x00000000080098c0                . = ALIGN (0x4)

.init_array     0x00000000080098c0        0x4
                0x00000000080098c0                . = ALIGN (0x4)
                0x00000000080098c0                PROVIDE (__init_array_start = .)
 *(SORT_BY_NAME(.init_array.*))
 *(.init_array*)
 .init_array    0x00000000080098c0        0x4 C:/ST/STM32CubeIDE_1.10.1/STM32CubeIDE/plugins/com.st.stm32cube.ide.mcu.externaltools.gnu-tools-for-stm32.11.3.rel1.win32_1.1.1.202309131626/tools/bin/../lib/gcc/arm-none-eabi/11.3.1/thumb/v7-m/nofp/crtbegin.o
                0x00000000080098c4                PROVIDE (__init_array_end = .)
                0x00000000080098c4                . = ALIGN (0x4)

.fini_array     0x00000000080098c4        0x4
                0x00000000080098c4                . = ALIGN (0x4)
                [!provide]                        PROVIDE (__fini_array_start = .)
 *(SORT_BY_NAME(.fini_array.*))
 *(.fini_array*)
 .fini_array    0x00000000080098c4        0x4 C:/ST/STM32CubeIDE_1.10.1/STM32CubeIDE/plugins/com.st.stm32cube.ide.mcu.externaltools.gnu-tools-for-stm32.11.3.rel1.win32_1.1.1.202309131626/tools/bin/../lib/gcc/arm-none-eabi/11.3.1/thumb/v7-m/nofp/crtbegin.o
                [!provide]                        PROVIDE (__fini_array_end = .)
                0x00000000080098c8                . = ALIGN (0x4)
                0x00000000080098c8                _sidata = LOADADDR (.data)

.data           0x0000000020000000      0x694 load address 0x00000000080098c8
                0x0000000020000000                . = ALIGN (0x4)
                0x0000000020000000                _sdata = .
 *(.data)
 *(.data*)
 .data.Font_7x10
                0x0000000020000000        0x8 ./Core/Src/fonts.o
                0x0000000020000000                Font_7x10
 .data.audio_disparo
                0x0000000020000008      0x27a ./Core/Src/main.o
 *fill*         0x0000000020000282        0x2 
 .data.puntero_final_disparo
                0x0000000020000284        0x4 ./Core/Src/main.o
                0x0000000020000284                puntero_final_disparo
 .data.puntero_musica_final_f554
                0x0000000020000288        0x4 ./Core/Src/main.o
                0x0000000020000288                puntero_musica_final_f554
 .data.puntero_musica_final_f587
                0x000000002000028c        0x4 ./Core/Src/main.o
                0x000000002000028c                puntero_musica_final_f587
 .data.puntero_musica_final_f622
                0x0000000020000290        0x4 ./Core/Src/main.o
                0x0000000020000290                puntero_musica_final_f622
 .data.puntero_musica_final_tonos
                0x0000000020000294        0x4 ./Core/Src/main.o
                0x0000000020000294                puntero_musica_final_tonos
 .data.tono_554hz
                0x0000000020000298       0x10 ./Core/Src/main.o
 .data.tono_587hz
                0x00000000200002a8        0xf ./Core/Src/main.o
 *fill*         0x00000000200002b7        0x1 
 .data.tono_622hz
                0x00000000200002b8        0xe ./Core/Src/main.o
 *fill*         0x00000000200002c6        0x2 
 .data.tonos_variables
                0x00000000200002c8      0x35d ./Core/Src/main.o
 *fill*         0x0000000020000625        0x3 
 .data.SystemCoreClock
                0x0000000020000628        0x4 ./Core/Src/system_stm32f1xx.o
                0x0000000020000628                SystemCoreClock
 .data.uwTickFreq
                0x000000002000062c        0x1 ./Drivers/STM32F1xx_HAL_Driver/Src/stm32f1xx_hal.o
                0x000000002000062c                uwTickFreq
 *fill*         0x000000002000062d        0x3 
 .data.uwTickPrio
                0x0000000020000630        0x4 ./Drivers/STM32F1xx_HAL_Driver/Src/stm32f1xx_hal.o
                0x0000000020000630                uwTickPrio
 .data.uxCriticalNesting
                0x0000000020000634        0x4 ./Middlewares/Third_Party/FreeRTOS/Source/portable/GCC/ARM_CM3/port.o
 .data.__sglue  0x0000000020000638        0xc C:/ST/STM32CubeIDE_1.10.1/STM32CubeIDE/plugins/com.st.stm32cube.ide.mcu.externaltools.gnu-tools-for-stm32.11.3.rel1.win32_1.1.1.202309131626/tools/bin/../lib/gcc/arm-none-eabi/11.3.1/../../../../arm-none-eabi/lib/thumb/v7-m/nofp\libc_nano.a(libc_a-findfp.o)
                0x0000000020000638                __sglue
 .data._impure_data
                0x0000000020000644       0x4c C:/ST/STM32CubeIDE_1.10.1/STM32CubeIDE/plugins/com.st.stm32cube.ide.mcu.externaltools.gnu-tools-for-stm32.11.3.rel1.win32_1.1.1.202309131626/tools/bin/../lib/gcc/arm-none-eabi/11.3.1/../../../../arm-none-eabi/lib/thumb/v7-m/nofp\libc_nano.a(libc_a-impure.o)
                0x0000000020000644                _impure_data
 .data._impure_ptr
                0x0000000020000690        0x4 C:/ST/STM32CubeIDE_1.10.1/STM32CubeIDE/plugins/com.st.stm32cube.ide.mcu.externaltools.gnu-tools-for-stm32.11.3.rel1.win32_1.1.1.202309131626/tools/bin/../lib/gcc/arm-none-eabi/11.3.1/../../../../arm-none-eabi/lib/thumb/v7-m/nofp\libc_nano.a(libc_a-impure.o)
                0x0000000020000690                _impure_ptr
 *(.RamFunc)
 *(.RamFunc*)
                0x0000000020000694                . = ALIGN (0x4)
                0x0000000020000694                _edata = .

.igot.plt       0x0000000020000694        0x0 load address 0x0000000008009f5c
 .igot.plt      0x0000000020000694        0x0 C:/ST/STM32CubeIDE_1.10.1/STM32CubeIDE/plugins/com.st.stm32cube.ide.mcu.externaltools.gnu-tools-for-stm32.11.3.rel1.win32_1.1.1.202309131626/tools/bin/../lib/gcc/arm-none-eabi/11.3.1/thumb/v7-m/nofp/crtbegin.o
                0x0000000020000694                . = ALIGN (0x4)

.bss            0x0000000020000694     0x2554 load address 0x0000000008009f5c
                0x0000000020000694                _sbss = .
                0x0000000020000694                __bss_start__ = _sbss
 *(.bss)
 .bss           0x0000000020000694       0x1c C:/ST/STM32CubeIDE_1.10.1/STM32CubeIDE/plugins/com.st.stm32cube.ide.mcu.externaltools.gnu-tools-for-stm32.11.3.rel1.win32_1.1.1.202309131626/tools/bin/../lib/gcc/arm-none-eabi/11.3.1/thumb/v7-m/nofp/crtbegin.o
 *(.bss*)
 .bss.Alien     0x00000000200006b0       0x69 ./Core/Src/invaders.o
                0x00000000200006b0                Alien
 *fill*         0x0000000020000719        0x3 
 .bss.Disparo   0x000000002000071c        0x4 ./Core/Src/invaders.o
                0x000000002000071c                Disparo
 .bss.Disparo_Aliens
                0x0000000020000720        0x4 ./Core/Src/invaders.o
                0x0000000020000720                Disparo_Aliens
 .bss.Player    0x0000000020000724        0x6 ./Core/Src/invaders.o
                0x0000000020000724                Player
 *fill*         0x000000002000072a        0x2 
 .bss.dificultad
                0x000000002000072c        0x4 ./Core/Src/invaders.o
                0x000000002000072c                dificultad
 .bss.movimiento_Aliens
                0x0000000020000730        0x4 ./Core/Src/invaders.o
                0x0000000020000730                movimiento_Aliens
 .bss.JoystickTaskHandle
                0x0000000020000734        0x4 ./Core/Src/main.o
                0x0000000020000734                JoystickTaskHandle
 .bss.MemoriaTaskHandle
                0x0000000020000738        0x4 ./Core/Src/main.o
                0x0000000020000738                MemoriaTaskHandle
 .bss.PantallaTaskHandle
                0x000000002000073c        0x4 ./Core/Src/main.o
                0x000000002000073c                PantallaTaskHandle
 .bss.SonidoTaskHandle
                0x0000000020000740        0x4 ./Core/Src/main.o
                0x0000000020000740                SonidoTaskHandle
 .bss.conteo_musica
                0x0000000020000744        0x1 ./Core/Src/main.o
                0x0000000020000744                conteo_musica
 *fill*         0x0000000020000745        0x3 
 .bss.hadc1     0x0000000020000748       0x30 ./Core/Src/main.o
                0x0000000020000748                hadc1
 .bss.hadc2     0x0000000020000778       0x30 ./Core/Src/main.o
                0x0000000020000778                hadc2
 .bss.hi2c1     0x00000000200007a8       0x54 ./Core/Src/main.o
                0x00000000200007a8                hi2c1
 .bss.hspi1     0x00000000200007fc       0x58 ./Core/Src/main.o
                0x00000000200007fc                hspi1
 .bss.htim2     0x0000000020000854       0x48 ./Core/Src/main.o
                0x0000000020000854                htim2
 .bss.htim3     0x000000002000089c       0x48 ./Core/Src/main.o
                0x000000002000089c                htim3
 .bss.musica    0x00000000200008e4        0x1 ./Core/Src/main.o
                0x00000000200008e4                musica
 *fill*         0x00000000200008e5        0x3 
 .bss.mutexPuntajesHandle
                0x00000000200008e8        0x4 ./Core/Src/main.o
                0x00000000200008e8                mutexPuntajesHandle
 .bss.mySem01Handle
                0x00000000200008ec        0x4 ./Core/Src/main.o
                0x00000000200008ec                mySem01Handle
 .bss.notificationFlag
                0x00000000200008f0        0x4 ./Core/Src/main.o
                0x00000000200008f0                notificationFlag
 .bss.notificationFlag2
                0x00000000200008f4        0x4 ./Core/Src/main.o
                0x00000000200008f4                notificationFlag2
 .bss.puntero_musica
                0x00000000200008f8        0x4 ./Core/Src/main.o
                0x00000000200008f8                puntero_musica
 .bss.queueJoystPantHandle
                0x00000000200008fc        0x4 ./Core/Src/main.o
                0x00000000200008fc                queueJoystPantHandle
 .bss.queueSonidoMenuHandle
                0x0000000020000900        0x4 ./Core/Src/main.o
                0x0000000020000900                queueSonidoMenuHandle
 .bss.tonos     0x0000000020000904        0x1 ./Core/Src/main.o
                0x0000000020000904                tonos
 *fill*         0x0000000020000905        0x3 
 .bss.Puntajes  0x0000000020000908       0x28 ./Core/Src/memoria.o
                0x0000000020000908                Puntajes
 .bss.menu      0x0000000020000930       0x28 ./Core/Src/menu.o
                0x0000000020000930                menu
 .bss.SSD1306   0x0000000020000958        0x6 ./Core/Src/ssd1306.o
 *fill*         0x000000002000095e        0x2 
 .bss.SSD1306_Buffer
                0x0000000020000960      0x400 ./Core/Src/ssd1306.o
 .bss.htim4     0x0000000020000d60       0x48 ./Core/Src/stm32f1xx_hal_timebase_tim.o
                0x0000000020000d60                htim4
 .bss.__sbrk_heap_end
                0x0000000020000da8        0x4 ./Core/Src/sysmem.o
 .bss.uwTick    0x0000000020000dac        0x4 ./Drivers/STM32F1xx_HAL_Driver/Src/stm32f1xx_hal.o
                0x0000000020000dac                uwTick
 .bss.Idle_Stack
                0x0000000020000db0      0x200 ./Middlewares/Third_Party/FreeRTOS/Source/CMSIS_RTOS_V2/cmsis_os2.o
 .bss.Idle_TCB  0x0000000020000fb0       0x60 ./Middlewares/Third_Party/FreeRTOS/Source/CMSIS_RTOS_V2/cmsis_os2.o
 .bss.KernelState
                0x0000000020001010        0x4 ./Middlewares/Third_Party/FreeRTOS/Source/CMSIS_RTOS_V2/cmsis_os2.o
 .bss.Timer_Stack
                0x0000000020001014      0x400 ./Middlewares/Third_Party/FreeRTOS/Source/CMSIS_RTOS_V2/cmsis_os2.o
 .bss.Timer_TCB
                0x0000000020001414       0x60 ./Middlewares/Third_Party/FreeRTOS/Source/CMSIS_RTOS_V2/cmsis_os2.o
 .bss.xQueueRegistry
                0x0000000020001474       0x40 ./Middlewares/Third_Party/FreeRTOS/Source/queue.o
                0x0000000020001474                xQueueRegistry
 .bss.pxCurrentTCB
                0x00000000200014b4        0x4 ./Middlewares/Third_Party/FreeRTOS/Source/tasks.o
                0x00000000200014b4                pxCurrentTCB
 .bss.pxDelayedTaskList