Archive member included to satisfy reference by file (symbol)

C:/ST/STM32CubeIDE_1.10.1/STM32CubeIDE/plugins/com.st.stm32cube.ide.mcu.externaltools.gnu-tools-for-stm32.11.3.rel1.win32_1.1.1.202309131626/tools/bin/../lib/gcc/arm-none-eabi/11.3.1/../../../../arm-none-eabi/lib/thumb/v7-m/nofp\libc_nano.a(libc_a-exit.o)
                              C:/ST/STM32CubeIDE_1.10.1/STM32CubeIDE/plugins/com.st.stm32cube.ide.mcu.externaltools.gnu-tools-for-stm32.11.3.rel1.win32_1.1.1.202309131626/tools/bin/../lib/gcc/arm-none-eabi/11.3.1/../../../../arm-none-eabi/lib/thumb/v7-m/nofp/crt0.o (exit)
C:/ST/STM32CubeIDE_1.10.1/STM32CubeIDE/plugins/com.st.stm32cube.ide.mcu.externaltools.gnu-tools-for-stm32.11.3.rel1.win32_1.1.1.202309131626/tools/bin/../lib/gcc/arm-none-eabi/11.3.1/../../../../arm-none-eabi/lib/thumb/v7-m/nofp\libc_nano.a(libc_a-itoa.o)
                              ./Core/Src/menu.o (itoa)
C:/ST/STM32CubeIDE_1.10.1/STM32CubeIDE/plugins/com.st.stm32cube.ide.mcu.externaltools.gnu-tools-for-stm32.11.3.rel1.win32_1.1.1.202309131626/tools/bin/../lib/gcc/arm-none-eabi/11.3.1/../../../../arm-none-eabi/lib/thumb/v7-m/nofp\libc_nano.a(libc_a-utoa.o)
                              C:/ST/STM32CubeIDE_1.10.1/STM32CubeIDE/plugins/com.st.stm32cube.ide.mcu.externaltools.gnu-tools-for-stm32.11.3.rel1.win32_1.1.1.202309131626/tools/bin/../lib/gcc/arm-none-eabi/11.3.1/../../../../arm-none-eabi/lib/thumb/v7-m/nofp\libc_nano.a(libc_a-itoa.o) (__utoa)
C:/ST/STM32CubeIDE_1.10.1/STM32CubeIDE/plugins/com.st.stm32cube.ide.mcu.externaltools.gnu-tools-for-stm32.11.3.rel1.win32_1.1.1.202309131626/tools/bin/../lib/gcc/arm-none-eabi/11.3.1/../../../../arm-none-eabi/lib/thumb/v7-m/nofp\libc_nano.a(libc_a-findfp.o)
                              C:/ST/STM32CubeIDE_1.10.1/STM32CubeIDE/plugins/com.st.stm32cube.ide.mcu.externaltools.gnu-tools-for-stm32.11.3.rel1.win32_1.1.1.202309131626/tools/bin/../lib/gcc/arm-none-eabi/11.3.1/../../../../arm-none-eabi/lib/thumb/v7-m/nofp\libc_nano.a(libc_a-exit.o) (__stdio_exit_handler)
C:/ST/STM32CubeIDE_1.10.1/STM32CubeIDE/plugins/com.st.stm32cube.ide.mcu.externaltools.gnu-tools-for-stm32.11.3.rel1.win32_1.1.1.202309131626/tools/bin/../lib/gcc/arm-none-eabi/11.3.1/../../../../arm-none-eabi/lib/thumb/v7-m/nofp\libc_nano.a(libc_a-fwalk.o)
                              C:/ST/STM32CubeIDE_1.10.1/STM32CubeIDE/plugins/com.st.stm32cube.ide.mcu.externaltools.gnu-tools-for-stm32.11.3.rel1.win32_1.1.1.202309131626/tools/bin/../lib/gcc/arm-none-eabi/11.3.1/../../../../arm-none-eabi/lib/thumb/v7-m/nofp\libc_nano.a(libc_a-findfp.o) (_fwalk_sglue)
C:/ST/STM32CubeIDE_1.10.1/STM32CubeIDE/plugins/com.st.stm32cube.ide.mcu.externaltools.gnu-tools-for-stm32.11.3.rel1.win32_1.1.1.202309131626/tools/bin/../lib/gcc/arm-none-eabi/11.3.1/../../../../arm-none-eabi/lib/thumb/v7-m/nofp\libc_nano.a(libc_a-stdio.o)
                              C:/ST/STM32CubeIDE_1.10.1/STM32CubeIDE/plugins/com.st.stm32cube.ide.mcu.externaltools.gnu-tools-for-stm32.11.3.rel1.win32_1.1.1.202309131626/tools/bin/../lib/gcc/arm-none-eabi/11.3.1/../../../../arm-none-eabi/lib/thumb/v7-m/nofp\libc_nano.a(libc_a-findfp.o) (__sread)
C:/ST/STM32CubeIDE_1.10.1/STM32CubeIDE/plugins/com.st.stm32cube.ide.mcu.externaltools.gnu-tools-for-stm32.11.3.rel1.win32_1.1.1.202309131626/tools/bin/../lib/gcc/arm-none-eabi/11.3.1/../../../../arm-none-eabi/lib/thumb/v7-m/nofp\libc_nano.a(libc_a-memset.o)
                              C:/ST/STM32CubeIDE_1.10.1/STM32CubeIDE/plugins/com.st.stm32cube.ide.mcu.externaltools.gnu-tools-for-stm32.11.3.rel1.win32_1.1.1.202309131626/tools/bin/../lib/gcc/arm-none-eabi/11.3.1/../../../../arm-none-eabi/lib/thumb/v7-m/nofp/crt0.o (memset)
C:/ST/STM32CubeIDE_1.10.1/STM32CubeIDE/plugins/com.st.stm32cube.ide.mcu.externaltools.gnu-tools-for-stm32.11.3.rel1.win32_1.1.1.202309131626/tools/bin/../lib/gcc/arm-none-eabi/11.3.1/../../../../arm-none-eabi/lib/thumb/v7-m/nofp\libc_nano.a(libc_a-closer.o)
                              C:/ST/STM32CubeIDE_1.10.1/STM32CubeIDE/plugins/com.st.stm32cube.ide.mcu.externaltools.gnu-tools-for-stm32.11.3.rel1.win32_1.1.1.202309131626/tools/bin/../lib/gcc/arm-none-eabi/11.3.1/../../../../arm-none-eabi/lib/thumb/v7-m/nofp\libc_nano.a(libc_a-stdio.o) (_close_r)
C:/ST/STM32CubeIDE_1.10.1/STM32CubeIDE/plugins/com.st.stm32cube.ide.mcu.externaltools.gnu-tools-for-stm32.11.3.rel1.win32_1.1.1.202309131626/tools/bin/../lib/gcc/arm-none-eabi/11.3.1/../../../../arm-none-eabi/lib/thumb/v7-m/nofp\libc_nano.a(libc_a-reent.o)
                              C:/ST/STM32CubeIDE_1.10.1/STM32CubeIDE/plugins/com.st.stm32cube.ide.mcu.externaltools.gnu-tools-for-stm32.11.3.rel1.win32_1.1.1.202309131626/tools/bin/../lib/gcc/arm-none-eabi/11.3.1/../../../../arm-none-eabi/lib/thumb/v7-m/nofp\libc_nano.a(libc_a-closer.o) (errno)
[...]
Memory Configuration

Name             Origin             Length             Attributes
RAM              0x0000000020000000 0x0000000000005000 xrw
FLASH            0x0000000008000000 0x0000000000010000 xr
*default*        0x0000000000000000 0xffffffffffffffff

Linker script and memory map

LOAD C:/ST/STM32CubeIDE_1.10.1/STM32CubeIDE/plugins/com.st.stm32cube.ide.mcu.externaltools.gnu-tools-for-stm32.11.3.rel1.win32_1.1.1.202309131626/tools/bin/../lib/gcc/arm-none-eabi/11.3.1/thumb/v7-m/nofp/crti.o
LOAD C:/ST/STM32CubeIDE_1.10.1/STM32CubeIDE/plugins/com.st.stm32cube.ide.mcu.externaltools.gnu-tools-for-stm32.11.3.rel1.win32_1.1.1.202309131626/tools/bin/../lib/gcc/arm-none-eabi/11.3.1/thumb/v7-m/nofp/crtbegin.o
LOAD C:/ST/STM32CubeIDE_1.10.1/STM32CubeIDE/plugins/com.st.stm32cube.ide.mcu.externaltools.gnu-tools-for-stm32.11.3.rel1.win32_1.1.1.202309131626/tools/bin/../lib/gcc/arm-none-eabi/11.3.1/../../../../arm-none-eabi/lib/thumb/v7-m/nofp/crt0.o
LOAD ./Core/Src/fonts.o
LOAD ./Core/Src/freertos.o
LOAD ./Core/Src/invaders.o
LOAD ./Core/Src/main.o
LOAD ./Core/Src/memoria.o
LOAD ./Core/Src/menu.o
LOAD ./Core/Src/sonido.o
LOAD ./Core/Src/ssd1306.o
LOAD ./Core/Src/stm32f1xx_hal_msp.o
LOAD ./Core/Src/stm32f1xx_hal_timebase_tim.o
LOAD ./Core/Src/stm32f1xx_it.o
LOAD ./Core/Src/syscalls.o
LOAD ./Core/Src/sysmem.o
LOAD ./Core/Src/system_stm32f1xx.o
LOAD ./Core/Startup/startup_stm32f103c8tx.o
LOAD ./Drivers/STM32F1xx_HAL_Driver/Src/stm32f1xx_hal.o
LOAD ./Drivers/STM32F1xx_HAL_Driver/Src/stm32f1xx_hal_adc.o
LOAD ./Drivers/STM32F1xx_HAL_Driver/Src/stm32f1xx_hal_adc_ex.o
LOAD ./Drivers/STM32F1xx_HAL_Driver/Src/stm32f1xx_hal_cortex.o
LOAD ./Drivers/STM32F1xx_HAL_Driver/Src/stm32f1xx_hal_dma.o
LOAD ./Drivers/STM32F1xx_HAL_Driver/Src/stm32f1xx_hal_exti.o
LOAD ./Drivers/STM32F1xx_HAL_Driver/Src/stm32f1xx_hal_flash.o
LOAD ./Drivers/STM32F1xx_HAL_Driver/Src/stm32f1xx_hal_flash_ex.o
LOAD ./Drivers/STM32F1xx_HAL_Driver/Src/stm32f1xx_hal_gpio.o
LOAD ./Drivers/STM32F1xx_HAL_Driver/Src/stm32f1xx_hal_gpio_ex.o
LOAD ./Drivers/STM32F1xx_HAL_Driver/Src/stm32f1xx_hal_i2c.o
LOAD ./Drivers/STM32F1xx_HAL_Driver/Src/stm32f1xx_hal_pwr.o
LOAD ./Drivers/STM32F1xx_HAL_Driver/Src/stm32f1xx_hal_rcc.o
LOAD ./Drivers/STM32F1xx_HAL_Driver/Src/stm32f1xx_hal_rcc_ex.o
LOAD ./Drivers/STM32F1xx_HAL_Driver/Src/stm32f1xx_hal_spi.o
LOAD ./Drivers/STM32F1xx_HAL_Driver/Src/stm32f1xx_hal_tim.o
LOAD ./Drivers/STM32F1xx_HAL_Driver/Src/stm32f1xx_hal_tim_ex.o
LOAD ./Middlewares/Third_Party/FreeRTOS/Source/CMSIS_RTOS_V2/cmsis_os2.o
LOAD ./Middlewares/Third_Party/FreeRTOS/Source/croutine.o
LOAD ./Middlewares/Third_Party/FreeRTOS/Source/event_groups.o
LOAD ./Middlewares/Third_Party/FreeRTOS/Source/list.o
LOAD ./Middlewares/Third_Party/FreeRTOS/Source/queue.o
LOAD ./Middlewares/Third_Party/FreeRTOS/Source/stream_buffer.o
LOAD ./Middlewares/Third_Party/FreeRTOS/Source/tasks.o
LOAD ./Middlewares/Third_Party/FreeRTOS/Source/timers.o
LOAD ./Middlewares/Third_Party/FreeRTOS/Source/portable/GCC/ARM_CM3/port.o
LOAD ./Middlewares/Third_Party/FreeRTOS/Source/portable/MemMang/heap_4.o
START GROUP
LOAD C:/ST/STM32CubeIDE_1.10.1/STM32CubeIDE/plugins/com.st.stm32cube.ide.mcu.externaltools.gnu-tools-for-stm32.11.3.rel1.win32_1.1.1.202309131626/tools/bin/../lib/gcc/arm-none-eabi/11.3.1/../../../../arm-none-eabi/lib/thumb/v7-m/nofp\libc_nano.a
LOAD C:/ST/STM32CubeIDE_1.10.1/STM32CubeIDE/plugins/com.st.stm32cube.ide.mcu.externaltools.gnu-tools-for-stm32.11.3.rel1.win32_1.1.1.202309131626/tools/bin/../lib/gcc/arm-none-eabi/11.3.1/../../../../arm-none-eabi/lib/thumb/v7-m/nofp\libm.a
END GROUP
START GROUP
LOAD C:/ST/STM32CubeIDE_1.10.1/STM32CubeIDE/plugins/com.st.stm32cube.ide.mcu.externaltools.gnu-tools-for-stm32.11.3.rel1.win32_1.1.1.202309131626/tools/bin/../lib/gcc/arm-none-eabi/11.3.1/thumb/v7-m/nofp\libgcc.a
LOAD C:/ST/STM32CubeIDE_1.10.1/STM32CubeIDE/plugins/com.st.stm32cube.ide.mcu.externaltools.gnu-tools-for-stm32.11.3.rel1.win32_1.1.1.202309131626/tools/bin/../lib/gcc/arm-none-eabi/11.3.1/../../../../arm-none-eabi/lib/thumb/v7-m/nofp\libc_nano.a
END GROUP
START GROUP
LOAD C:/ST/STM32CubeIDE_1.10.1/STM32CubeIDE/plugins/com.st.stm32cube.ide.mcu.externaltools.gnu-tools-for-stm32.11.3.rel1.win32_1.1.1.202309131626/tools/bin/../lib/gcc/arm-none-eabi/11.3.1/thumb/v7-m/nofp\libgcc.a
LOAD C:/ST/STM32CubeIDE_1.10.1/STM32CubeIDE/plugins/com.st.stm32cube.ide.mcu.externaltools.gnu-tools-for-stm32.11.3.rel1.win32_1.1.1.202309131626/tools/bin/../lib/gcc/arm-none-eabi/11.3.1/../../../../arm-none-eabi/lib/thumb/v7-m/nofp\libc_nano.a
LOAD C:/ST/STM32CubeIDE_1.10.1/STM32CubeIDE/plugins/com.st.stm32cube.ide.mcu.externaltools.gnu-tools-for-stm32.11.3.rel1.win32_1.1.1.202309131626/tools/bin/../lib/gcc/arm-none-eabi/11.3.1/../../../../arm-none-eabi/lib/thumb/v7-m/nofp\libnosys.a
END GROUP
START GROUP
LOAD C:/ST/STM32CubeIDE_1.10.1/STM32CubeIDE/plugins/com.st.stm32cube.ide.mcu.externaltools.gnu-tools-for-stm32.11.3.rel1.win32_1.1.1.202309131626/tools/bin/../lib/gcc/arm-none-eabi/11.3.1/thumb/v7-m/nofp\libgcc.a
LOAD C:/ST/STM32CubeIDE_1.10.1/STM32CubeIDE/plugins/com.st.stm32cube.ide.mcu.externaltools.gnu-tools-for-stm32.11.3.rel1.win32_1.1.1.202309131626/tools/bin/../lib/gcc/arm-none-eabi/11.3.1/../../../../arm-none-eabi/lib/thumb/v7-m/nofp\libc_nano.a
LOAD C:/ST/STM32CubeIDE_1.10.1/STM32CubeIDE/plugins/com.st.stm32cube.ide.mcu.externaltools.gnu-tools-for-stm32.11.3.rel1.win32_1.1.1.202309131626/tools/bin/../lib/gcc/arm-none-eabi/11.3.1/../../../../arm-none-eabi/lib/thumb/v7-m/nofp\libnosys.a
END GROUP
LOAD C:/ST/STM32CubeIDE_1.10.1/STM32CubeIDE/plugins/com.st.stm32cube.ide.mcu.externaltools.gnu-tools-for-stm32.11.3.rel1.win32_1.1.1.202309131626/tools/bin/../lib/gcc/arm-none-eabi/11.3.1/thumb/v7-m/nofp/crtend.o
LOAD C:/ST/STM32CubeIDE_1.10.1/STM32CubeIDE/plugins/com.st.stm32cube.ide.mcu.externaltools.gnu-tools-for-stm32.11.3.rel1.win32_1.1.1.202309131626/tools/bin/../lib/gcc/arm-none-eabi/11.3.1/thumb/v7-m/nofp/crtn.o
                0x0000000020005000                _estack = (ORIGIN (RAM) + LENGTH (RAM))
                0x0000000000000200                _Min_Heap_Size = 0x200
                0x0000000000000400                _Min_Stack_Size = 0x400

.isr_vector     0x0000000008000000      0x10c
                0x0000000008000000                . = ALIGN (0x4)
 *(.isr_vector)
 .isr_vector    0x0000000008000000      0x10c ./Core/Startup/startup_stm32f103c8tx.o
                0x0000000008000000                g_pfnVectors
                0x000000000800010c                . = ALIGN (0x4)

.text           0x0000000008000110     0xa690
                0x0000000008000110                . = ALIGN (0x4)
 *(.text)
 .text          0x0000000008000110       0x40 C:/ST/STM32CubeIDE_1.10.1/STM32CubeIDE/plugins/com.st.stm32cube.ide.mcu.externaltools.gnu-tools-for-stm32.11.3.rel1.win32_1.1.1.202309131626/tools/bin/../lib/gcc/arm-none-eabi/11.3.1/thumb/v7-m/nofp/crtbegin.o
 *(.text*)
 .text.getPlayer
                0x0000000008000150       0x14 ./Core/Src/invaders.o
                0x0000000008000150                getPlayer
 .text.getAlien
                0x0000000008000164       0x38 ./Core/Src/invaders.o
                0x0000000008000164                getAlien
 .text.getMovAliens
                0x000000000800019c       0x14 ./Core/Src/invaders.o
                0x000000000800019c                getMovAliens
 .text.getDisparo
                0x00000000080001b0       0x14 ./Core/Src/invaders.o
                0x00000000080001b0                getDisparo
 .text.playerInit
                0x00000000080001c4       0x18 ./Core/Src/invaders.o
                0x00000000080001c4                playerInit
 .text.plotPlayer
                0x00000000080001dc       0x78 ./Core/Src/invaders.o
                0x00000000080001dc                plotPlayer
 .text.InvaderInit
                0x0000000008000254       0xa4 ./Core/Src/invaders.o
                0x0000000008000254                InvaderInit
 .text.plotAliens
                0x00000000080002f8      0x2c0 ./Core/Src/invaders.o
                0x00000000080002f8                plotAliens
 .text.disparoInit
                0x00000000080005b8       0x24 ./Core/Src/invaders.o
                0x00000000080005b8                disparoInit
 .text.disparar
                0x00000000080005dc      0x264 ./Core/Src/invaders.o
                0x00000000080005dc                disparar
 .text.actualizarPantalla
                0x0000000008000840       0x12 ./Core/Src/invaders.o
                0x0000000008000840                actualizarPantalla
 *fill*         0x0000000008000852        0x2 
 .text.main     0x0000000008000854       0xe8 ./Core/Src/main.o
                0x0000000008000854                main
 .text.SystemClock_Config
                0x000000000800093c       0xb6 ./Core/Src/main.o
                0x000000000800093c                SystemClock_Config
 *fill*         0x00000000080009f2        0x2 
 .text.MX_ADC1_Init
                0x00000000080009f4       0x7c ./Core/Src/main.o
 .text.MX_ADC2_Init
                0x0000000008000a70       0x7c ./Core/Src/main.o
 .text.MX_I2C1_Init
                0x0000000008000aec       0x5c ./Core/Src/main.o
 .text.MX_SPI1_Init
                0x0000000008000b48       0x6c ./Core/Src/main.o
 .text.MX_GPIO_Init
                0x0000000008000bb4      0x120 ./Core/Src/main.o
 .text.entryJoystick
                0x0000000008000cd4       0xec ./Core/Src/main.o
                0x0000000008000cd4                entryJoystick
 .text.entryPantalla
                0x0000000008000dc0       0x6c ./Core/Src/main.o
                0x0000000008000dc0                entryPantalla
 .text.entryMemoria
                0x0000000008000e2c      0x178 ./Core/Src/main.o
                0x0000000008000e2c                entryMemoria
 .text.entrySonido
                0x0000000008000fa4       0x10 ./Core/Src/main.o
                0x0000000008000fa4                entrySonido
 .text.HAL_TIM_PeriodElapsedCallback
                0x0000000008000fb4       0x24 ./Core/Src/main.o
                0x0000000008000fb4                HAL_TIM_PeriodElapsedCallback
 .text.Error_Handler
                0x0000000008000fd8        0xa ./Core/Src/main.o
                0x0000000008000fd8                Error_Handler
 *fill*         0x0000000008000fe2        0x2 
 .text.getPuntajes
                0x0000000008000fe4       0x20 ./Core/Src/memoria.o
                0x0000000008000fe4                getPuntajes
 .text.Write_Memoria
                0x0000000008001004       0x90 ./Core/Src/memoria.o
                0x0000000008001004                Write_Memoria
 .text.Read_memoria
                0x0000000008001094       0x60 ./Core/Src/memoria.o
                0x0000000008001094                Read_memoria
 .text.memoriaInit
                0x00000000080010f4      0x308 ./Core/Src/memoria.o
                0x00000000080010f4                memoriaInit
 .text.writeNuevosPuntajes
                0x00000000080013fc      0x3c8 ./Core/Src/memoria.o
                0x00000000080013fc                writeNuevosPuntajes
 .text.getMenu  0x00000000080017c4       0x14 ./Core/Src/menu.o
                0x00000000080017c4                getMenu
 .text.menuInit
                0x00000000080017d8       0x52 ./Core/Src/menu.o
                0x00000000080017d8                menuInit
 *fill*         0x000000000800182a        0x2 
 .text.menuActualizar
                0x000000000800182c      0x96c ./Core/Src/menu.o
                0x000000000800182c                menuActualizar
 .text.SSD1306_DrawBitmap
                0x0000000008002198       0xd0 ./Core/Src/ssd1306.o
                0x0000000008002198                SSD1306_DrawBitmap
 .text.SSD1306_Init
                0x0000000008002268      0x188 ./Core/Src/ssd1306.o
                0x0000000008002268                SSD1306_Init
 .text.SSD1306_UpdateScreen
                0x00000000080023f0       0x5c ./Core/Src/ssd1306.o
                0x00000000080023f0                SSD1306_UpdateScreen
 .text.SSD1306_Fill
                0x000000000800244c       0x30 ./Core/Src/ssd1306.o
                0x000000000800244c                SSD1306_Fill
 .text.SSD1306_DrawPixel
                0x000000000800247c       0xbc ./Core/Src/ssd1306.o
                0x000000000800247c                SSD1306_DrawPixel
 .text.SSD1306_GotoXY
                0x0000000008002538       0x2c ./Core/Src/ssd1306.o
                0x0000000008002538                SSD1306_GotoXY
 .text.SSD1306_Putc
                0x0000000008002564      0x100 ./Core/Src/ssd1306.o
                0x0000000008002564                SSD1306_Putc
 .text.SSD1306_Puts
                0x0000000008002664       0x4a ./Core/Src/ssd1306.o
                0x0000000008002664                SSD1306_Puts
 .text.SSD1306_DrawLine
                0x00000000080026ae      0x1f6 ./Core/Src/ssd1306.o
                0x00000000080026ae                SSD1306_DrawLine
 .text.SSD1306_DrawRectangle
                0x00000000080028a4       0xd4 ./Core/Src/ssd1306.o
                0x00000000080028a4                SSD1306_DrawRectangle
 .text.SSD1306_DrawCircle
                0x0000000008002978      0x1a8 ./Core/Src/ssd1306.o
                0x0000000008002978                SSD1306_DrawCircle
 .text.SSD1306_DrawFilledCircle
                0x0000000008002b20      0x1b6 ./Core/Src/ssd1306.o
                0x0000000008002b20                SSD1306_DrawFilledCircle
 .text.SSD1306_Clear
                0x0000000008002cd6       0x12 ./Core/Src/ssd1306.o
                0x0000000008002cd6                SSD1306_Clear
 .text.ssd1306_I2C_Init
                0x0000000008002ce8       0x28 ./Core/Src/ssd1306.o
                0x0000000008002ce8                ssd1306_I2C_Init
 .text.ssd1306_I2C_WriteMulti
                0x0000000008002d10       0xcc ./Core/Src/ssd1306.o
                0x0000000008002d10                ssd1306_I2C_WriteMulti
 .text.ssd1306_I2C_Write
                0x0000000008002ddc       0x3c ./Core/Src/ssd1306.o
                0x0000000008002ddc                ssd1306_I2C_Write
 .text.HAL_MspInit
                0x0000000008002e18       0x70 ./Core/Src/stm32f1xx_hal_msp.o
                0x0000000008002e18                HAL_MspInit
 .text.HAL_ADC_MspInit
                0x0000000008002e88       0xcc ./Core/Src/stm32f1xx_hal_msp.o
                0x0000000008002e88                HAL_ADC_MspInit
 .text.HAL_I2C_MspInit
                0x0000000008002f54       0x7c ./Core/Src/stm32f1xx_hal_msp.o
                0x0000000008002f54                HAL_I2C_MspInit
 .text.HAL_SPI_MspInit
                0x0000000008002fd0       0x94 ./Core/Src/stm32f1xx_hal_msp.o
                0x0000000008002fd0                HAL_SPI_MspInit
 .text.HAL_InitTick
                0x0000000008003064       0xfc ./Core/Src/stm32f1xx_hal_timebase_tim.o
                0x0000000008003064                HAL_InitTick
 .text.NMI_Handler
                0x0000000008003160        0x6 ./Core/Src/stm32f1xx_it.o
                0x0000000008003160                NMI_Handler
 .text.HardFault_Handler
                0x0000000008003166        0x6 ./Core/Src/stm32f1xx_it.o
                0x0000000008003166                HardFault_Handler
 .text.MemManage_Handler
                0x000000000800316c        0x6 ./Core/Src/stm32f1xx_it.o
                0x000000000800316c                MemManage_Handler
 .text.BusFault_Handler
                0x0000000008003172        0x6 ./Core/Src/stm32f1xx_it.o
                0x0000000008003172                BusFault_Handler
 .text.UsageFault_Handler
                0x0000000008003178        0x6 ./Core/Src/stm32f1xx_it.o
                0x0000000008003178                UsageFault_Handler
 .text.DebugMon_Handler
                0x000000000800317e        0xc ./Core/Src/stm32f1xx_it.o
                0x000000000800317e                DebugMon_Handler
 *fill*         0x000000000800318a        0x2 
 .text.TIM4_IRQHandler
                0x000000000800318c       0x14 ./Core/Src/stm32f1xx_it.o
                0x000000000800318c                TIM4_IRQHandler
 .text.SystemInit
                0x00000000080031a0        0xc ./Core/Src/system_stm32f1xx.o
                0x00000000080031a0                SystemInit
 .text.Reset_Handler
                0x00000000080031ac       0x48 ./Core/Startup/startup_stm32f103c8tx.o
                0x00000000080031ac                Reset_Handler
 .text.Default_Handler
                0x00000000080031f4        0x2 ./Core/Startup/startup_stm32f103c8tx.o
                0x00000000080031f4                RTC_Alarm_IRQHandler
                0x00000000080031f4                EXTI2_IRQHandler
                0x00000000080031f4                TIM1_CC_IRQHandler
                0x00000000080031f4                PVD_IRQHandler
                0x00000000080031f4                EXTI3_IRQHandler
                0x00000000080031f4                EXTI0_IRQHandler
                0x00000000080031f4                I2C2_EV_IRQHandler
                0x00000000080031f4                ADC1_2_IRQHandler
                0x00000000080031f4                SPI1_IRQHandler
                0x00000000080031f4                TAMPER_IRQHandler
                0x00000000080031f4                DMA1_Channel4_IRQHandler
                0x00000000080031f4                USART3_IRQHandler
                0x00000000080031f4                RTC_IRQHandler
                0x00000000080031f4                DMA1_Channel7_IRQHandler
                0x00000000080031f4                CAN1_RX1_IRQHandler
                0x00000000080031f4                I2C1_EV_IRQHandler
                0x00000000080031f4                DMA1_Channel6_IRQHandler
                0x00000000080031f4                TIM3_IRQHandler
                0x00000000080031f4                RCC_IRQHandler
                0x00000000080031f4                TIM1_TRG_COM_IRQHandler
                0x00000000080031f4                DMA1_Channel1_IRQHandler
                0x00000000080031f4                Default_Handler
                0x00000000080031f4                EXTI15_10_IRQHandler
                0x00000000080031f4                EXTI9_5_IRQHandler
                0x00000000080031f4                SPI2_IRQHandler
                0x00000000080031f4                DMA1_Channel5_IRQHandler
                0x00000000080031f4                EXTI4_IRQHandler
                0x00000000080031f4                USB_LP_CAN1_RX0_IRQHandler
                0x00000000080031f4                USB_HP_CAN1_TX_IRQHandler
                0x00000000080031f4                DMA1_Channel3_IRQHandler
                0x00000000080031f4                TIM1_UP_IRQHandler
                0x00000000080031f4                WWDG_IRQHandler
                0x00000000080031f4                TIM2_IRQHandler
                0x00000000080031f4                TIM1_BRK_IRQHandler
                0x00000000080031f4                EXTI1_IRQHandler
                0x00000000080031f4                USART2_IRQHandler
                0x00000000080031f4                I2C2_ER_IRQHandler
                0x00000000080031f4                DMA1_Channel2_IRQHandler
                0x00000000080031f4                CAN1_SCE_IRQHandler
                0x00000000080031f4                FLASH_IRQHandler
                0x00000000080031f4                USART1_IRQHandler
                0x00000000080031f4                I2C1_ER_IRQHandler
                0x00000000080031f4                USBWakeUp_IRQHandler
 *fill*         0x00000000080031f6        0x2 
 .text.HAL_Init
                0x00000000080031f8       0x2c ./Drivers/STM32F1xx_HAL_Driver/Src/stm32f1xx_hal.o
                0x00000000080031f8                HAL_Init
 .text.HAL_IncTick
                0x0000000008003224       0x24 ./Drivers/STM32F1xx_HAL_Driver/Src/stm32f1xx_hal.o
                0x0000000008003224                HAL_IncTick
 .text.HAL_GetTick
                0x0000000008003248       0x14 ./Drivers/STM32F1xx_HAL_Driver/Src/stm32f1xx_hal.o
                0x0000000008003248                HAL_GetTick
 .text.HAL_Delay
                0x000000000800325c       0x48 ./Drivers/STM32F1xx_HAL_Driver/Src/stm32f1xx_hal.o
                0x000000000800325c                HAL_Delay
 .text.HAL_ADC_Init
                0x00000000080032a4      0x1b0 ./Drivers/STM32F1xx_HAL_Driver/Src/stm32f1xx_hal_adc.o
                0x00000000080032a4                HAL_ADC_Init
 .text.HAL_ADC_Start
                0x0000000008003454      0x15c ./Drivers/STM32F1xx_HAL_Driver/Src/stm32f1xx_hal_adc.o
                0x0000000008003454                HAL_ADC_Start
 .text.HAL_ADC_Stop
                0x00000000080035b0       0x58 ./Drivers/STM32F1xx_HAL_Driver/Src/stm32f1xx_hal_adc.o
                0x00000000080035b0                HAL_ADC_Stop
 .text.HAL_ADC_PollForConversion
                0x0000000008003608      0x20c ./Drivers/STM32F1xx_HAL_Driver/Src/stm32f1xx_hal_adc.o
                0x0000000008003608                HAL_ADC_PollForConversion
 .text.HAL_ADC_GetValue
                0x0000000008003814       0x18 ./Drivers/STM32F1xx_HAL_Driver/Src/stm32f1xx_hal_adc.o
                0x0000000008003814                HAL_ADC_GetValue
 .text.HAL_ADC_ConfigChannel
                0x000000000800382c      0x1f0 ./Drivers/STM32F1xx_HAL_Driver/Src/stm32f1xx_hal_adc.o
                0x000000000800382c                HAL_ADC_ConfigChannel
 .text.ADC_Enable
                0x0000000008003a1c       0xb4 ./Drivers/STM32F1xx_HAL_Driver/Src/stm32f1xx_hal_adc.o
                0x0000000008003a1c                ADC_Enable
 .text.ADC_ConversionStop_Disable
                0x0000000008003ad0       0x82 ./Drivers/STM32F1xx_HAL_Driver/Src/stm32f1xx_hal_adc.o
                0x0000000008003ad0                ADC_ConversionStop_Disable
 *fill*         0x0000000008003b52        0x2 
 .text.__NVIC_SetPriorityGrouping
                0x0000000008003b54       0x48 ./Drivers/STM32F1xx_HAL_Driver/Src/stm32f1xx_hal_cortex.o
 .text.__NVIC_GetPriorityGrouping
                0x0000000008003b9c       0x1c ./Drivers/STM32F1xx_HAL_Driver/Src/stm32f1xx_hal_cortex.o
 .text.__NVIC_EnableIRQ
                0x0000000008003bb8       0x38 ./Drivers/STM32F1xx_HAL_Driver/Src/stm32f1xx_hal_cortex.o
 .text.__NVIC_SetPriority
                0x0000000008003bf0       0x54 ./Drivers/STM32F1xx_HAL_Driver/Src/stm32f1xx_hal_cortex.o
 .text.NVIC_EncodePriority
                0x0000000008003c44       0x64 ./Drivers/STM32F1xx_HAL_Driver/Src/stm32f1xx_hal_cortex.o
 .text.HAL_NVIC_SetPriorityGrouping
                0x0000000008003ca8       0x16 ./Drivers/STM32F1xx_HAL_Driver/Src/stm32f1xx_hal_cortex.o
                0x0000000008003ca8                HAL_NVIC_SetPriorityGrouping
 .text.HAL_NVIC_SetPriority
                0x0000000008003cbe       0x38 ./Drivers/STM32F1xx_HAL_Driver/Src/stm32f1xx_hal_cortex.o
                0x0000000008003cbe                HAL_NVIC_SetPriority
 .text.HAL_NVIC_EnableIRQ
                0x0000000008003cf6       0x1c ./Drivers/STM32F1xx_HAL_Driver/Src/stm32f1xx_hal_cortex.o
                0x0000000008003cf6                HAL_NVIC_EnableIRQ
 *fill*         0x0000000008003d12        0x2 
 .text.HAL_GPIO_Init
                0x0000000008003d14      0x308 ./Drivers/STM32F1xx_HAL_Driver/Src/stm32f1xx_hal_gpio.o
                0x0000000008003d14                HAL_GPIO_Init
 .text.HAL_GPIO_ReadPin
                0x000000000800401c       0x2e ./Drivers/STM32F1xx_HAL_Driver/Src/stm32f1xx_hal_gpio.o
                0x000000000800401c                HAL_GPIO_ReadPin
 .text.HAL_GPIO_WritePin
                0x000000000800404a       0x30 ./Drivers/STM32F1xx_HAL_Driver/Src/stm32f1xx_hal_gpio.o
                0x000000000800404a                HAL_GPIO_WritePin
 *fill*         0x000000000800407a        0x2 
 .text.HAL_I2C_Init
                0x000000000800407c      0x288 ./Drivers/STM32F1xx_HAL_Driver/Src/stm32f1xx_hal_i2c.o
                0x000000000800407c                HAL_I2C_Init
 .text.HAL_I2C_Master_Transmit
                0x0000000008004304      0x1fc ./Drivers/STM32F1xx_HAL_Driver/Src/stm32f1xx_hal_i2c.o
                0x0000000008004304                HAL_I2C_Master_Transmit
 .text.HAL_I2C_IsDeviceReady
                0x0000000008004500      0x25c ./Drivers/STM32F1xx_HAL_Driver/Src/stm32f1xx_hal_i2c.o
                0x0000000008004500                HAL_I2C_IsDeviceReady
 .text.I2C_MasterRequestWrite
                0x000000000800475c      0x104 ./Drivers/STM32F1xx_HAL_Driver/Src/stm32f1xx_hal_i2c.o
 .text.I2C_WaitOnFlagUntilTimeout
                0x0000000008004860       0xf4 ./Drivers/STM32F1xx_HAL_Driver/Src/stm32f1xx_hal_i2c.o
 .text.I2C_WaitOnMasterAddressFlagUntilTimeout
                0x0000000008004954      0x140 ./Drivers/STM32F1xx_HAL_Driver/Src/stm32f1xx_hal_i2c.o
 .text.I2C_WaitOnTXEFlagUntilTimeout
                0x0000000008004a94       0x90 ./Drivers/STM32F1xx_HAL_Driver/Src/stm32f1xx_hal_i2c.o
 .text.I2C_WaitOnBTFFlagUntilTimeout
                0x0000000008004b24       0x90 ./Drivers/STM32F1xx_HAL_Driver/Src/stm32f1xx_hal_i2c.o
 .text.I2C_IsAcknowledgeFailed
                0x0000000008004bb4       0x5c ./Drivers/STM32F1xx_HAL_Driver/Src/stm32f1xx_hal_i2c.o
 .text.HAL_RCC_OscConfig
                0x0000000008004c10      0x504 ./Drivers/STM32F1xx_HAL_Driver/Src/stm32f1xx_hal_rcc.o
                0x0000000008004c10                HAL_RCC_OscConfig
 .text.HAL_RCC_ClockConfig
                0x0000000008005114      0x1d4 ./Drivers/STM32F1xx_HAL_Driver/Src/stm32f1xx_hal_rcc.o
                0x0000000008005114                HAL_RCC_ClockConfig
 .text.HAL_RCC_GetSysClockFreq
                0x00000000080052e8       0xa8 ./Drivers/STM32F1xx_HAL_Driver/Src/stm32f1xx_hal_rcc.o
                0x00000000080052e8                HAL_RCC_GetSysClockFreq
 .text.HAL_RCC_GetHCLKFreq
                0x0000000008005390       0x14 ./Drivers/STM32F1xx_HAL_Driver/Src/stm32f1xx_hal_rcc.o
                0x0000000008005390                HAL_RCC_GetHCLKFreq
 .text.HAL_RCC_GetPCLK1Freq
                0x00000000080053a4       0x28 ./Drivers/STM32F1xx_HAL_Driver/Src/stm32f1xx_hal_rcc.o
                0x00000000080053a4                HAL_RCC_GetPCLK1Freq
 .text.HAL_RCC_GetPCLK2Freq
                0x00000000080053cc       0x28 ./Drivers/STM32F1xx_HAL_Driver/Src/stm32f1xx_hal_rcc.o
                0x00000000080053cc                HAL_RCC_GetPCLK2Freq
 .text.HAL_RCC_GetClockConfig
                0x00000000080053f4       0x60 ./Drivers/STM32F1xx_HAL_Driver/Src/stm32f1xx_hal_rcc.o
                0x00000000080053f4                HAL_RCC_GetClockConfig
 .text.RCC_Delay
                0x0000000008005454       0x3c ./Drivers/STM32F1xx_HAL_Driver/Src/stm32f1xx_hal_rcc.o
 .text.HAL_RCCEx_PeriphCLKConfig
                0x0000000008005490      0x16c ./Drivers/STM32F1xx_HAL_Driver/Src/stm32f1xx_hal_rcc_ex.o
                0x0000000008005490                HAL_RCCEx_PeriphCLKConfig
 .text.HAL_RCCEx_GetPeriphCLKFreq
                0x00000000080055fc      0x16c ./Drivers/STM32F1xx_HAL_Driver/Src/stm32f1xx_hal_rcc_ex.o
                0x00000000080055fc                HAL_RCCEx_GetPeriphCLKFreq
 .text.HAL_SPI_Init
                0x0000000008005768      0x108 ./Drivers/STM32F1xx_HAL_Driver/Src/stm32f1xx_hal_spi.o
                0x0000000008005768                HAL_SPI_Init
 .text.HAL_SPI_Transmit
                0x0000000008005870      0x286 ./Drivers/STM32F1xx_HAL_Driver/Src/stm32f1xx_hal_spi.o
                0x0000000008005870                HAL_SPI_Transmit
 .text.HAL_SPI_Receive
                0x0000000008005af6      0x230 ./Drivers/STM32F1xx_HAL_Driver/Src/stm32f1xx_hal_spi.o
                0x0000000008005af6                HAL_SPI_Receive
 .text.HAL_SPI_TransmitReceive
                0x0000000008005d26      0x360 ./Drivers/STM32F1xx_HAL_Driver/Src/stm32f1xx_hal_spi.o
                0x0000000008005d26                HAL_SPI_TransmitReceive
 *fill*         0x0000000008006086        0x2 
 .text.SPI_WaitFlagStateUntilTimeout
                0x0000000008006088      0x110 ./Drivers/STM32F1xx_HAL_Driver/Src/stm32f1xx_hal_spi.o
 .text.SPI_EndRxTransaction
                0x0000000008006198       0xa4 ./Drivers/STM32F1xx_HAL_Driver/Src/stm32f1xx_hal_spi.o
 .text.SPI_EndRxTxTransaction
                0x000000000800623c       0x3c ./Drivers/STM32F1xx_HAL_Driver/Src/stm32f1xx_hal_spi.o
 .text.HAL_TIM_Base_Init
                0x0000000008006278       0x9e ./Drivers/STM32F1xx_HAL_Driver/Src/stm32f1xx_hal_tim.o
                0x0000000008006278                HAL_TIM_Base_Init
 .text.HAL_TIM_Base_MspInit
                0x0000000008006316       0x12 ./Drivers/STM32F1xx_HAL_Driver/Src/stm32f1xx_hal_tim.o
                0x0000000008006316                HAL_TIM_Base_MspInit
 .text.HAL_TIM_Base_Start_IT
                0x0000000008006328       0xa4 ./Drivers/STM32F1xx_HAL_Driver/Src/stm32f1xx_hal_tim.o
                0x0000000008006328                HAL_TIM_Base_Start_IT
 .text.HAL_TIM_IRQHandler
                0x00000000080063cc      0x210 ./Drivers/STM32F1xx_HAL_Driver/Src/stm32f1xx_hal_tim.o
                0x00000000080063cc                HAL_TIM_IRQHandler
 .text.HAL_TIM_OC_DelayElapsedCallback
                0x00000000080065dc       0x12 ./Drivers/STM32F1xx_HAL_Driver/Src/stm32f1xx_hal_tim.o
                0x00000000080065dc                HAL_TIM_OC_DelayElapsedCallback
 .text.HAL_TIM_IC_CaptureCallback
                0x00000000080065ee       0x12 ./Drivers/STM32F1xx_HAL_Driver/Src/stm32f1xx_hal_tim.o
                0x00000000080065ee                HAL_TIM_IC_CaptureCallback
 .text.HAL_TIM_PWM_PulseFinishedCallback
                0x0000000008006600       0x12 ./Drivers/STM32F1xx_HAL_Driver/Src/stm32f1xx_hal_tim.o
                0x0000000008006600                HAL_TIM_PWM_PulseFinishedCallback
 .text.HAL_TIM_TriggerCallback
                0x0000000008006612       0x12 ./Drivers/STM32F1xx_HAL_Driver/Src/stm32f1xx_hal_tim.o
                0x0000000008006612                HAL_TIM_TriggerCallback
 .text.TIM_Base_SetConfig
                0x0000000008006624       0xc4 ./Drivers/STM32F1xx_HAL_Driver/Src/stm32f1xx_hal_tim.o
                0x0000000008006624                TIM_Base_SetConfig
 .text.HAL_TIMEx_CommutCallback
                0x00000000080066e8       0x12 ./Drivers/STM32F1xx_HAL_Driver/Src/stm32f1xx_hal_tim_ex.o
                0x00000000080066e8                HAL_TIMEx_CommutCallback
 .text.HAL_TIMEx_BreakCallback
                0x00000000080066fa       0x12 ./Drivers/STM32F1xx_HAL_Driver/Src/stm32f1xx_hal_tim_ex.o
                0x00000000080066fa                HAL_TIMEx_BreakCallback
 .text.osKernelInitialize
                0x000000000800670c       0x64 ./Middlewares/Third_Party/FreeRTOS/Source/CMSIS_RTOS_V2/cmsis_os2.o
                0x000000000800670c                osKernelInitialize
 .text.osKernelStart
                0x0000000008006770       0x68 ./Middlewares/Third_Party/FreeRTOS/Source/CMSIS_RTOS_V2/cmsis_os2.o
                0x0000000008006770                osKernelStart
 .text.osThreadNew
                0x00000000080067d8      0x154 ./Middlewares/Third_Party/FreeRTOS/Source/CMSIS_RTOS_V2/cmsis_os2.o
                0x00000000080067d8                osThreadNew
 .text.osDelay  0x000000000800692c       0x5c ./Middlewares/Third_Party/FreeRTOS/Source/CMSIS_RTOS_V2/cmsis_os2.o
                0x000000000800692c                osDelay
 .text.osEventFlagsNew
                0x0000000008006988       0xa4 ./Middlewares/Third_Party/FreeRTOS/Source/CMSIS_RTOS_V2/cmsis_os2.o
                0x0000000008006988                osEventFlagsNew
 .text.osEventFlagsSet
                0x0000000008006a2c       0xb0 ./Middlewares/Third_Party/FreeRTOS/Source/CMSIS_RTOS_V2/cmsis_os2.o
                0x0000000008006a2c                osEventFlagsSet
 .text.osEventFlagsWait
                0x0000000008006adc       0xec ./Middlewares/Third_Party/FreeRTOS/Source/CMSIS_RTOS_V2/cmsis_os2.o
                0x0000000008006adc                osEventFlagsWait
 .text.osMutexNew
                0x0000000008006bc8      0x134 ./Middlewares/Third_Party/FreeRTOS/Source/CMSIS_RTOS_V2/cmsis_os2.o
                0x0000000008006bc8                osMutexNew
 .text.osMutexAcquire
                0x0000000008006cfc       0xbc ./Middlewares/Third_Party/FreeRTOS/Source/CMSIS_RTOS_V2/cmsis_os2.o
                0x0000000008006cfc                osMutexAcquire
 .text.osMutexRelease
                0x0000000008006db8       0xa0 ./Middlewares/Third_Party/FreeRTOS/Source/CMSIS_RTOS_V2/cmsis_os2.o
                0x0000000008006db8                osMutexRelease
 .text.osMessageQueueNew
                0x0000000008006e58      0x10c ./Middlewares/Third_Party/FreeRTOS/Source/CMSIS_RTOS_V2/cmsis_os2.o
                0x0000000008006e58                osMessageQueueNew
 .text.osMessageQueuePut
                0x0000000008006f64       0xe8 ./Middlewares/Third_Party/FreeRTOS/Source/CMSIS_RTOS_V2/cmsis_os2.o
                0x0000000008006f64                osMessageQueuePut
 .text.osMessageQueueGet
                0x000000000800704c       0xe4 ./Middlewares/Third_Party/FreeRTOS/Source/CMSIS_RTOS_V2/cmsis_os2.o
                0x000000000800704c                osMessageQueueGet
 .text.vApplicationGetIdleTaskMemory
                0x0000000008007130       0x30 ./Middlewares/Third_Party/FreeRTOS/Source/CMSIS_RTOS_V2/cmsis_os2.o
                0x0000000008007130                vApplicationGetIdleTaskMemory
 .text.vApplicationGetTimerTaskMemory
                0x0000000008007160       0x34 ./Middlewares/Third_Party/FreeRTOS/Source/CMSIS_RTOS_V2/cmsis_os2.o
                0x0000000008007160                vApplicationGetTimerTaskMemory
 .text.xEventGroupCreateStatic
                0x0000000008007194       0x6e ./Middlewares/Third_Party/FreeRTOS/Source/event_groups.o
                0x0000000008007194                xEventGroupCreateStatic
 .text.xEventGroupCreate
                0x0000000008007202       0x34 ./Middlewares/Third_Party/FreeRTOS/Source/event_groups.o
                0x0000000008007202                xEventGroupCreate
 *fill*         0x0000000008007236        0x2 
 .text.xEventGroupWaitBits
                0x0000000008007238      0x19c ./Middlewares/Third_Party/FreeRTOS/Source/event_groups.o
                0x0000000008007238                xEventGroupWaitBits
 .text.xEventGroupSetBits
                0x00000000080073d4      0x116 ./Middlewares/Third_Party/FreeRTOS/Source/event_groups.o
                0x00000000080073d4                xEventGroupSetBits
 .text.vEventGroupSetBitsCallback
                0x00000000080074ea       0x1a ./Middlewares/Third_Party/FreeRTOS/Source/event_groups.o
                0x00000000080074ea                vEventGroupSetBitsCallback
 .text.prvTestWaitCondition
                0x0000000008007504       0x42 ./Middlewares/Third_Party/FreeRTOS/Source/event_groups.o
 *fill*         0x0000000008007546        0x2 
 .text.xEventGroupSetBitsFromISR
                0x0000000008007548       0x28 ./Middlewares/Third_Party/FreeRTOS/Source/event_groups.o
                0x0000000008007548                xEventGroupSetBitsFromISR
 .text.vListInitialise
                0x0000000008007570       0x3e ./Middlewares/Third_Party/FreeRTOS/Source/list.o
                0x0000000008007570                vListInitialise
 .text.vListInitialiseItem
                0x00000000080075ae       0x18 ./Middlewares/Third_Party/FreeRTOS/Source/list.o
                0x00000000080075ae                vListInitialiseItem
 .text.vListInsertEnd
                0x00000000080075c6       0x46 ./Middlewares/Third_Party/FreeRTOS/Source/list.o
                0x00000000080075c6                vListInsertEnd
 .text.vListInsert
                0x000000000800760c       0x70 ./Middlewares/Third_Party/FreeRTOS/Source/list.o
                0x000000000800760c                vListInsert
 .text.uxListRemove
                0x000000000800767c       0x52 ./Middlewares/Third_Party/FreeRTOS/Source/list.o
                0x000000000800767c                uxListRemove
 *fill*         0x00000000080076ce        0x2 
 .text.xQueueGenericReset
                0x00000000080076d0       0xd0 ./Middlewares/Third_Party/FreeRTOS/Source/queue.o
                0x00000000080076d0                xQueueGenericReset
 .text.xQueueGenericCreateStatic
                0x00000000080077a0       0xee ./Middlewares/Third_Party/FreeRTOS/Source/queue.o
                0x00000000080077a0                xQueueGenericCreateStatic
 .text.xQueueGenericCreate
                0x000000000800788e       0x7c ./Middlewares/Third_Party/FreeRTOS/Source/queue.o
                0x000000000800788e                xQueueGenericCreate
 .text.prvInitialiseNewQueue
                0x000000000800790a       0x46 ./Middlewares/Third_Party/FreeRTOS/Source/queue.o
 .text.prvInitialiseMutex
                0x0000000008007950       0x34 ./Middlewares/Third_Party/FreeRTOS/Source/queue.o
 .text.xQueueCreateMutex
                0x0000000008007984       0x30 ./Middlewares/Third_Party/FreeRTOS/Source/queue.o
                0x0000000008007984                xQueueCreateMutex
 .text.xQueueCreateMutexStatic
                0x00000000080079b4       0x36 ./Middlewares/Third_Party/FreeRTOS/Source/queue.o
                0x00000000080079b4                xQueueCreateMutexStatic
 .text.xQueueGiveMutexRecursive
                0x00000000080079ea       0x68 ./Middlewares/Third_Party/FreeRTOS/Source/queue.o
                0x00000000080079ea                xQueueGiveMutexRecursive
 .text.xQueueTakeMutexRecursive
                0x0000000008007a52       0x6c ./Middlewares/Third_Party/FreeRTOS/Source/queue.o
                0x0000000008007a52                xQueueTakeMutexRecursive
 *fill*         0x0000000008007abe        0x2 
 .text.xQueueGenericSend
                0x0000000008007ac0      0x1fc ./Middlewares/Third_Party/FreeRTOS/Source/queue.o
                0x0000000008007ac0                xQueueGenericSend
 .text.xQueueGenericSendFromISR
                0x0000000008007cbc      0x130 ./Middlewares/Third_Party/FreeRTOS/Source/queue.o
                0x0000000008007cbc                xQueueGenericSendFromISR
 .text.xQueueReceive
                0x0000000008007dec      0x1c0 ./Middlewares/Third_Party/FreeRTOS/Source/queue.o
                0x0000000008007dec                xQueueReceive
 .text.xQueueSemaphoreTake
                0x0000000008007fac      0x218 ./Middlewares/Third_Party/FreeRTOS/Source/queue.o
                0x0000000008007fac                xQueueSemaphoreTake
 .text.xQueueReceiveFromISR
                0x00000000080081c4      0x100 ./Middlewares/Third_Party/FreeRTOS/Source/queue.o
                0x00000000080081c4                xQueueReceiveFromISR
 .text.prvGetDisinheritPriorityAfterTimeout
                0x00000000080082c4       0x2e ./Middlewares/Third_Party/FreeRTOS/Source/queue.o
 .text.prvCopyDataToQueue
                0x00000000080082f2       0xd4 ./Middlewares/Third_Party/FreeRTOS/Source/queue.o
 .text.prvCopyDataFromQueue
                0x00000000080083c6       0x4c ./Middlewares/Third_Party/FreeRTOS/Source/queue.o
 .text.prvUnlockQueue
                0x0000000008008412       0xa4 ./Middlewares/Third_Party/FreeRTOS/Source/queue.o
 .text.prvIsQueueEmpty
                0x00000000080084b6       0x2c ./Middlewares/Third_Party/FreeRTOS/Source/queue.o
 .text.prvIsQueueFull
                0x00000000080084e2       0x30 ./Middlewares/Third_Party/FreeRTOS/Source/queue.o
 *fill*         0x0000000008008512        0x2 
 .text.vQueueAddToRegistry
                0x0000000008008514       0x50 ./Middlewares/Third_Party/FreeRTOS/Source/queue.o
                0x0000000008008514                vQueueAddToRegistry
 .text.vQueueWaitForMessageRestricted
                0x0000000008008564       0x68 ./Middlewares/Third_Party/FreeRTOS/Source/queue.o
                0x0000000008008564                vQueueWaitForMessageRestricted
 .text.xTaskCreateStatic
                0x00000000080085cc       0xb8 ./Middlewares/Third_Party/FreeRTOS/Source/tasks.o
                0x00000000080085cc                xTaskCreateStatic
 .text.xTaskCreate
                0x0000000008008684       0x8a ./Middlewares/Third_Party/FreeRTOS/Source/tasks.o
                0x0000000008008684                xTaskCreate
 .text.prvInitialiseNewTask
                0x000000000800870e      0x10e ./Middlewares/Third_Party/FreeRTOS/Source/tasks.o
 .text.prvAddNewTaskToReadyList
                0x000000000800881c       0xe0 ./Middlewares/Third_Party/FreeRTOS/Source/tasks.o
 .text.vTaskDelayUntil
                0x00000000080088fc       0xfc ./Middlewares/Third_Party/FreeRTOS/Source/tasks.o
                0x00000000080088fc                vTaskDelayUntil
 .text.vTaskDelay
                0x00000000080089f8       0x68 ./Middlewares/Third_Party/FreeRTOS/Source/tasks.o
                0x00000000080089f8                vTaskDelay
 .text.vTaskStartScheduler
                0x0000000008008a60       0xcc ./Middlewares/Third_Party/FreeRTOS/Source/tasks.o
                0x0000000008008a60                vTaskStartScheduler
 .text.vTaskSuspendAll
                0x0000000008008b2c       0x1c ./Middlewares/Third_Party/FreeRTOS/Source/tasks.o
                0x0000000008008b2c                vTaskSuspendAll
 .text.xTaskResumeAll
                0x0000000008008b48      0x13c ./Middlewares/Third_Party/FreeRTOS/Source/tasks.o
                0x0000000008008b48                xTaskResumeAll
 .text.xTaskGetTickCount
                0x0000000008008c84       0x1c ./Middlewares/Third_Party/FreeRTOS/Source/tasks.o
                0x0000000008008c84                xTaskGetTickCount
 .text.xTaskIncrementTick
                0x0000000008008ca0      0x17c ./Middlewares/Third_Party/FreeRTOS/Source/tasks.o
                0x0000000008008ca0                xTaskIncrementTick
 .text.vTaskSwitchContext
                0x0000000008008e1c       0xb8 ./Middlewares/Third_Party/FreeRTOS/Source/tasks.o
                0x0000000008008e1c                vTaskSwitchContext
 .text.vTaskPlaceOnEventList
                0x0000000008008ed4       0x48 ./Middlewares/Third_Party/FreeRTOS/Source/tasks.o
                0x0000000008008ed4                vTaskPlaceOnEventList
 .text.vTaskPlaceOnUnorderedEventList
                0x0000000008008f1c       0x78 ./Middlewares/Third_Party/FreeRTOS/Source/tasks.o
                0x0000000008008f1c                vTaskPlaceOnUnorderedEventList
 .text.vTaskPlaceOnEventListRestricted
                0x0000000008008f94       0x58 ./Middlewares/Third_Party/FreeRTOS/Source/tasks.o
                0x0000000008008f94                vTaskPlaceOnEventListRestricted
 .text.xTaskRemoveFromEventList
                0x0000000008008fec       0xc8 ./Middlewares/Third_Party/FreeRTOS/Source/tasks.o
                0x0000000008008fec                xTaskRemoveFromEventList
 .text.vTaskRemoveFromUnorderedEventList
                0x00000000080090b4       0xc4 ./Middlewares/Third_Party/FreeRTOS/Source/tasks.o
                0x00000000080090b4                vTaskRemoveFromUnorderedEventList
 .text.vTaskInternalSetTimeOutState
                0x0000000008009178       0x2c ./Middlewares/Third_Party/FreeRTOS/Source/tasks.o
                0x0000000008009178                vTaskInternalSetTimeOutState
 .text.xTaskCheckForTimeOut
                0x00000000080091a4       0xc4 ./Middlewares/Third_Party/FreeRTOS/Source/tasks.o
                0x00000000080091a4                xTaskCheckForTimeOut
 .text.vTaskMissedYield
                0x0000000008009268       0x18 ./Middlewares/Third_Party/FreeRTOS/Source/tasks.o
                0x0000000008009268                vTaskMissedYield
 .text.prvIdleTask
                0x0000000008009280       0x30 ./Middlewares/Third_Party/FreeRTOS/Source/tasks.o
 .text.prvInitialiseTaskLists
                0x00000000080092b0       0x80 ./Middlewares/Third_Party/FreeRTOS/Source/tasks.o
 .text.prvCheckTasksWaitingTermination
                0x0000000008009330       0x5c ./Middlewares/Third_Party/FreeRTOS/Source/tasks.o
 .text.prvDeleteTCB
                0x000000000800938c       0x5e ./Middlewares/Third_Party/FreeRTOS/Source/tasks.o
 *fill*         0x00000000080093ea        0x2 
 .text.prvResetNextTaskUnblockTime
                0x00000000080093ec       0x48 ./Middlewares/Third_Party/FreeRTOS/Source/tasks.o
 .text.xTaskGetCurrentTaskHandle
                0x0000000008009434       0x1c ./Middlewares/Third_Party/FreeRTOS/Source/tasks.o
                0x0000000008009434                xTaskGetCurrentTaskHandle
 .text.xTaskGetSchedulerState
                0x0000000008009450       0x3c ./Middlewares/Third_Party/FreeRTOS/Source/tasks.o
                0x0000000008009450                xTaskGetSchedulerState
 .text.xTaskPriorityInherit
                0x000000000800948c       0xdc ./Middlewares/Third_Party/FreeRTOS/Source/tasks.o
                0x000000000800948c                xTaskPriorityInherit
 .text.xTaskPriorityDisinherit
                0x0000000008009568       0xdc ./Middlewares/Third_Party/FreeRTOS/Source/tasks.o
                0x0000000008009568                xTaskPriorityDisinherit
 .text.vTaskPriorityDisinheritAfterTimeout
                0x0000000008009644      0x10c ./Middlewares/Third_Party/FreeRTOS/Source/tasks.o
                0x0000000008009644                vTaskPriorityDisinheritAfterTimeout
 .text.uxTaskResetEventItemValue
                0x0000000008009750       0x30 ./Middlewares/Third_Party/FreeRTOS/Source/tasks.o
                0x0000000008009750                uxTaskResetEventItemValue
 .text.pvTaskIncrementMutexHeldCount
                0x0000000008009780       0x28 ./Middlewares/Third_Party/FreeRTOS/Source/tasks.o
                0x0000000008009780                pvTaskIncrementMutexHeldCount
 .text.prvAddCurrentTaskToDelayedList
                0x00000000080097a8       0xa8 ./Middlewares/Third_Party/FreeRTOS/Source/tasks.o
 .text.xTimerCreateTimerTask
                0x0000000008009850       0x90 ./Middlewares/Third_Party/FreeRTOS/Source/timers.o
                0x0000000008009850                xTimerCreateTimerTask
 .text.xTimerGenericCommand
                0x00000000080098e0       0x9c ./Middlewares/Third_Party/FreeRTOS/Source/timers.o
                0x00000000080098e0                xTimerGenericCommand
 .text.prvProcessExpiredTimer
                0x000000000800997c       0x80 ./Middlewares/Third_Party/FreeRTOS/Source/timers.o
 .text.prvTimerTask
                0x00000000080099fc       0x24 ./Middlewares/Third_Party/FreeRTOS/Source/timers.o
 .text.prvProcessTimerOrBlockTask
                0x0000000008009a20       0x9c ./Middlewares/Third_Party/FreeRTOS/Source/timers.o
 .text.prvGetNextExpireTime
                0x0000000008009abc       0x48 ./Middlewares/Third_Party/FreeRTOS/Source/timers.o
 .text.prvSampleTimeNow
                0x0000000008009b04       0x40 ./Middlewares/Third_Party/FreeRTOS/Source/timers.o
 .text.prvInsertTimerInActiveList
                0x0000000008009b44       0x84 ./Middlewares/Third_Party/FreeRTOS/Source/timers.o
 .text.prvProcessReceivedCommands
                0x0000000008009bc8      0x168 ./Middlewares/Third_Party/FreeRTOS/Source/timers.o
 .text.prvSwitchTimerLists
                0x0000000008009d30       0xc4 ./Middlewares/Third_Party/FreeRTOS/Source/timers.o
 .text.prvCheckForValidListAndQueue
                0x0000000008009df4       0x80 ./Middlewares/Third_Party/FreeRTOS/Source/timers.o
 .text.xTimerPendFunctionCallFromISR
                0x0000000008009e74       0x40 ./Middlewares/Third_Party/FreeRTOS/Source/timers.o
                0x0000000008009e74                xTimerPendFunctionCallFromISR
 .text.pxPortInitialiseStack
                0x0000000008009eb4       0x58 ./Middlewares/Third_Party/FreeRTOS/Source/portable/GCC/ARM_CM3/port.o
                0x0000000008009eb4                pxPortInitialiseStack
 .text.prvTaskExitError
                0x0000000008009f0c       0x58 ./Middlewares/Third_Party/FreeRTOS/Source/portable/GCC/ARM_CM3/port.o
 *fill*         0x0000000008009f64        0xc 
 .text.SVC_Handler
                0x0000000008009f70       0x28 ./Middlewares/Third_Party/FreeRTOS/Source/portable/GCC/ARM_CM3/port.o
                0x0000000008009f70                SVC_Handler
 .text.prvPortStartFirstTask
                0x0000000008009f98       0x20 ./Middlewares/Third_Party/FreeRTOS/Source/portable/GCC/ARM_CM3/port.o
 .text.xPortStartScheduler
                0x0000000008009fb8       0xe4 ./Middlewares/Third_Party/FreeRTOS/Source/portable/GCC/ARM_CM3/port.o
                0x0000000008009fb8                xPortStartScheduler
 .text.vPortEnterCritical
                0x000000000800a09c       0x60 ./Middlewares/Third_Party/FreeRTOS/Source/portable/GCC/ARM_CM3/port.o
                0x000000000800a09c                vPortEnterCritical
 .text.vPortExitCritical
                0x000000000800a0fc       0x50 ./Middlewares/Third_Party/FreeRTOS/Source/portable/GCC/ARM_CM3/port.o
                0x000000000800a0fc                vPortExitCritical
 *fill*         0x000000000800a14c        0x4 
 .text.PendSV_Handler
                0x000000000800a150       0x48 ./Middlewares/Third_Party/FreeRTOS/Source/portable/GCC/ARM_CM3/port.o
                0x000000000800a150                PendSV_Handler
 .text.SysTick_Handler
                0x000000000800a198       0x44 ./Middlewares/Third_Party/FreeRTOS/Source/portable/GCC/ARM_CM3/port.o
                0x000000000800a198                SysTick_Handler
 .text.vPortSetupTimerInterrupt
                0x000000000800a1dc       0x44 ./Middlewares/Third_Party/FreeRTOS/Source/portable/GCC/ARM_CM3/port.o
                0x000000000800a1dc                vPortSetupTimerInterrupt
 .text.vPortValidateInterruptPriority
                0x000000000800a220       0x7c ./Middlewares/Third_Party/FreeRTOS/Source/portable/GCC/ARM_CM3/port.o
                0x000000000800a220                vPortValidateInterruptPriority
 .text.pvPortMalloc
                0x000000000800a29c      0x188 ./Middlewares/Third_Party/FreeRTOS/Source/portable/MemMang/heap_4.o
                0x000000000800a29c                pvPortMalloc
 .text.vPortFree
                0x000000000800a424       0xb4 ./Middlewares/Third_Party/FreeRTOS/Source/portable/MemMang/heap_4.o
                0x000000000800a424                vPortFree
 .text.prvHeapInit
                0x000000000800a4d8       0xc4 ./Middlewares/Third_Party/FreeRTOS/Source/portable/MemMang/heap_4.o
 .text.prvInsertBlockIntoFreeList
                0x000000000800a59c       0xb0 ./Middlewares/Third_Party/FreeRTOS/Source/portable/MemMang/heap_4.o
 .text.__itoa   0x000000000800a64c       0x30 C:/ST/STM32CubeIDE_1.10.1/STM32CubeIDE/plugins/com.st.stm32cube.ide.mcu.externaltools.gnu-tools-for-stm32.11.3.rel1.win32_1.1.1.202309131626/tools/bin/../lib/gcc/arm-none-eabi/11.3.1/../../../../arm-none-eabi/lib/thumb/v7-m/nofp\libc_nano.a(libc_a-itoa.o)
                0x000000000800a64c                __itoa
 .text.itoa     0x000000000800a67c        0x4 C:/ST/STM32CubeIDE_1.10.1/STM32CubeIDE/plugins/com.st.stm32cube.ide.mcu.externaltools.gnu-tools-for-stm32.11.3.rel1.win32_1.1.1.202309131626/tools/bin/../lib/gcc/arm-none-eabi/11.3.1/../../../../arm-none-eabi/lib/thumb/v7-m/nofp\libc_nano.a(libc_a-itoa.o)
                0x000000000800a67c                itoa
 .text.__utoa   0x000000000800a680       0x84 C:/ST/STM32CubeIDE_1.10.1/STM32CubeIDE/plugins/com.st.stm32cube.ide.mcu.externaltools.gnu-tools-for-stm32.11.3.rel1.win32_1.1.1.202309131626/tools/bin/../lib/gcc/arm-none-eabi/11.3.1/../../../../arm-none-eabi/lib/thumb/v7-m/nofp\libc_nano.a(libc_a-utoa.o)
                0x000000000800a680                __utoa
 .text.memset   0x000000000800a704       0x10 C:/ST/STM32CubeIDE_1.10.1/STM32CubeIDE/plugins/com.st.stm32cube.ide.mcu.externaltools.gnu-tools-for-stm32.11.3.rel1.win32_1.1.1.202309131626/tools/bin/../lib/gcc/arm-none-eabi/11.3.1/../../../../arm-none-eabi/lib/thumb/v7-m/nofp\libc_nano.a(libc_a-memset.o)
                0x000000000800a704                memset
 .text.__libc_init_array
                0x000000000800a714       0x48 C:/ST/STM32CubeIDE_1.10.1/STM32CubeIDE/plugins/com.st.stm32cube.ide.mcu.externaltools.gnu-tools-for-stm32.11.3.rel1.win32_1.1.1.202309131626/tools/bin/../lib/gcc/arm-none-eabi/11.3.1/../../../../arm-none-eabi/lib/thumb/v7-m/nofp\libc_nano.a(libc_a-init.o)
                0x000000000800a714                __libc_init_array
 .text.strcpy   0x000000000800a75c       0x10 C:/ST/STM32CubeIDE_1.10.1/STM32CubeIDE/plugins/com.st.stm32cube.ide.mcu.externaltools.gnu-tools-for-stm32.11.3.rel1.win32_1.1.1.202309131626/tools/bin/../lib/gcc/arm-none-eabi/11.3.1/../../../../arm-none-eabi/lib/thumb/v7-m/nofp\libc_nano.a(libc_a-strcpy.o)
                0x000000000800a75c                strcpy
 .text.memcpy   0x000000000800a76c       0x1c C:/ST/STM32CubeIDE_1.10.1/STM32CubeIDE/plugins/com.st.stm32cube.ide.mcu.externaltools.gnu-tools-for-stm32.11.3.rel1.win32_1.1.1.202309131626/tools/bin/../lib/gcc/arm-none-eabi/11.3.1/../../../../arm-none-eabi/lib/thumb/v7-m/nofp\libc_nano.a(libc_a-memcpy-stub.o)
                0x000000000800a76c                memcpy
 *(.glue_7)
 .glue_7        0x000000000800a788        0x0 linker stubs
 *(.glue_7t)
 .glue_7t       0x000000000800a788        0x0 linker stubs
 *(.eh_frame)
 .eh_frame      0x000000000800a788        0x0 C:/ST/STM32CubeIDE_1.10.1/STM32CubeIDE/plugins/com.st.stm32cube.ide.mcu.externaltools.gnu-tools-for-stm32.11.3.rel1.win32_1.1.1.202309131626/tools/bin/../lib/gcc/arm-none-eabi/11.3.1/thumb/v7-m/nofp/crtbegin.o
 *(.init)
 .init          0x000000000800a788        0x4 C:/ST/STM32CubeIDE_1.10.1/STM32CubeIDE/plugins/com.st.stm32cube.ide.mcu.externaltools.gnu-tools-for-stm32.11.3.rel1.win32_1.1.1.202309131626/tools/bin/../lib/gcc/arm-none-eabi/11.3.1/thumb/v7-m/nofp/crti.o
                0x000000000800a788                _init
 .init          0x000000000800a78c        0x8 C:/ST/STM32CubeIDE_1.10.1/STM32CubeIDE/plugins/com.st.stm32cube.ide.mcu.externaltools.gnu-tools-for-stm32.11.3.rel1.win32_1.1.1.202309131626/tools/bin/../lib/gcc/arm-none-eabi/11.3.1/thumb/v7-m/nofp/crtn.o
 *(.fini)
 .fini          0x000000000800a794        0x4 C:/ST/STM32CubeIDE_1.10.1/STM32CubeIDE/plugins/com.st.stm32cube.ide.mcu.externaltools.gnu-tools-for-stm32.11.3.rel1.win32_1.1.1.202309131626/tools/bin/../lib/gcc/arm-none-eabi/11.3.1/thumb/v7-m/nofp/crti.o
                0x000000000800a794                _fini
 .fini          0x000000000800a798        0x8 C:/ST/STM32CubeIDE_1.10.1/STM32CubeIDE/plugins/com.st.stm32cube.ide.mcu.externaltools.gnu-tools-for-stm32.11.3.rel1.win32_1.1.1.202309131626/tools/bin/../lib/gcc/arm-none-eabi/11.3.1/thumb/v7-m/nofp/crtn.o
                0x000000000800a7a0                . = ALIGN (0x4)
                0x000000000800a7a0                _etext = .

.vfp11_veneer   0x000000000800a7a0        0x0
 .vfp11_veneer  0x000000000800a7a0        0x0 linker stubs

.v4_bx          0x000000000800a7a0        0x0
 .v4_bx         0x000000000800a7a0        0x0 linker stubs

.iplt           0x000000000800a7a0        0x0
 .iplt          0x000000000800a7a0        0x0 C:/ST/STM32CubeIDE_1.10.1/STM32CubeIDE/plugins/com.st.stm32cube.ide.mcu.externaltools.gnu-tools-for-stm32.11.3.rel1.win32_1.1.1.202309131626/tools/bin/../lib/gcc/arm-none-eabi/11.3.1/thumb/v7-m/nofp/crtbegin.o

.rodata         0x000000000800a7a0      0xc7c
                0x000000000800a7a0                . = ALIGN (0x4)
 *(.rodata)
 .rodata        0x000000000800a7a0       0x60 ./Core/Src/main.o
 .rodata        0x000000000800a800        0x7 ./Core/Src/memoria.o
 *fill*         0x000000000800a807        0x1 
 .rodata        0x000000000800a808       0x34 ./Core/Src/menu.o
 .rodata        0x000000000800a83c        0x5 ./Middlewares/Third_Party/FreeRTOS/Source/tasks.o
 *fill*         0x000000000800a841        0x3 
 .rodata        0x000000000800a844        0xd ./Middlewares/Third_Party/FreeRTOS/Source/timers.o
 *(.rodata*)
 *fill*         0x000000000800a851        0x3 
 .rodata.Font7x10
                0x000000000800a854      0x76c ./Core/Src/fonts.o
                0x000000000800a854                Font7x10
 .rodata.InvaderMiddleGfx
                0x000000000800afc0       0x10 ./Core/Src/invaders.o
 .rodata.InvaderBottomGfx
                0x000000000800afd0       0x10 ./Core/Src/invaders.o
 .rodata.nave   0x000000000800afe0        0x8 ./Core/Src/invaders.o
 .rodata.explosion
                0x000000000800afe8       0x10 ./Core/Src/invaders.o
 .rodata.JoystickTask_attributes
                0x000000000800aff8       0x24 ./Core/Src/main.o
                0x000000000800aff8                JoystickTask_attributes
 .rodata.PantallaTask_attributes
                0x000000000800b01c       0x24 ./Core/Src/main.o
                0x000000000800b01c                PantallaTask_attributes
 .rodata.MemoriaTask_attributes
                0x000000000800b040       0x24 ./Core/Src/main.o
                0x000000000800b040                MemoriaTask_attributes
 .rodata.SonidoTask_attributes
                0x000000000800b064       0x24 ./Core/Src/main.o
                0x000000000800b064                SonidoTask_attributes
 .rodata.queueJoystPant_attributes
                0x000000000800b088       0x18 ./Core/Src/main.o
                0x000000000800b088                queueJoystPant_attributes
 .rodata.mutexPuntajes_attributes
                0x000000000800b0a0       0x10 ./Core/Src/main.o
                0x000000000800b0a0                mutexPuntajes_attributes
 .rodata.SpaceInvaders
                0x000000000800b0b0      0x100 ./Core/Src/menu.o
 .rodata.game_over_figura
                0x000000000800b1b0      0x208 ./Core/Src/menu.o
 .rodata.AHBPrescTable
                0x000000000800b3b8       0x10 ./Core/Src/system_stm32f1xx.o
                0x000000000800b3b8                AHBPrescTable
 .rodata.APBPrescTable
                0x000000000800b3c8        0x8 ./Core/Src/system_stm32f1xx.o
                0x000000000800b3c8                APBPrescTable
 .rodata.aPLLMULFactorTable.1
                0x000000000800b3d0       0x10 ./Drivers/STM32F1xx_HAL_Driver/Src/stm32f1xx_hal_rcc.o
 .rodata.aPredivFactorTable.0
                0x000000000800b3e0        0x2 ./Drivers/STM32F1xx_HAL_Driver/Src/stm32f1xx_hal_rcc.o
 *fill*         0x000000000800b3e2        0x2 
 .rodata.aPLLMULFactorTable.1
                0x000000000800b3e4       0x10 ./Drivers/STM32F1xx_HAL_Driver/Src/stm32f1xx_hal_rcc_ex.o
 .rodata.aPredivFactorTable.0
                0x000000000800b3f4        0x2 ./Drivers/STM32F1xx_HAL_Driver/Src/stm32f1xx_hal_rcc_ex.o
 .rodata.__utoa.str1.1
                0x000000000800b3f6       0x25 C:/ST/STM32CubeIDE_1.10.1/STM32CubeIDE/plugins/com.st.stm32cube.ide.mcu.externaltools.gnu-tools-for-stm32.11.3.rel1.win32_1.1.1.202309131626/tools/bin/../lib/gcc/arm-none-eabi/11.3.1/../../../../arm-none-eabi/lib/thumb/v7-m/nofp\libc_nano.a(libc_a-utoa.o)
                0x000000000800b41c                . = ALIGN (0x4)
 *fill*         0x000000000800b41b        0x1 

.rel.dyn        0x000000000800b41c        0x0
 .rel.iplt      0x000000000800b41c        0x0 C:/ST/STM32CubeIDE_1.10.1/STM32CubeIDE/plugins/com.st.stm32cube.ide.mcu.externaltools.gnu-tools-for-stm32.11.3.rel1.win32_1.1.1.202309131626/tools/bin/../lib/gcc/arm-none-eabi/11.3.1/thumb/v7-m/nofp/crtbegin.o

.ARM.extab      0x000000000800b41c        0x0
                0x000000000800b41c                . = ALIGN (0x4)
 *(.ARM.extab* .gnu.linkonce.armextab.*)
                0x000000000800b41c                . = ALIGN (0x4)

.ARM            0x000000000800b41c        0x0
                0x000000000800b41c                . = ALIGN (0x4)
                0x000000000800b41c                __exidx_start = .
 *(.ARM.exidx*)
                0x000000000800b41c                __exidx_end = .
                0x000000000800b41c                . = ALIGN (0x4)

.preinit_array  0x000000000800b41c        0x0
                0x000000000800b41c                . = ALIGN (0x4)
                0x000000000800b41c                PROVIDE (__preinit_array_start = .)
 *(.preinit_array*)
                0x000000000800b41c                PROVIDE (__preinit_array_end = .)
                0x000000000800b41c                . = ALIGN (0x4)

.init_array     0x000000000800b41c        0x4
                0x000000000800b41c                . = ALIGN (0x4)
                0x000000000800b41c                PROVIDE (__init_array_start = .)
 *(SORT_BY_NAME(.init_array.*))
 *(.init_array*)
 .init_array    0x000000000800b41c        0x4 C:/ST/STM32CubeIDE_1.10.1/STM32CubeIDE/plugins/com.st.stm32cube.ide.mcu.externaltools.gnu-tools-for-stm32.11.3.rel1.win32_1.1.1.202309131626/tools/bin/../lib/gcc/arm-none-eabi/11.3.1/thumb/v7-m/nofp/crtbegin.o
                0x000000000800b420                PROVIDE (__init_array_end = .)
                0x000000000800b420                . = ALIGN (0x4)

.fini_array     0x000000000800b420        0x4
                0x000000000800b420                . = ALIGN (0x4)
                [!provide]                        PROVIDE (__fini_array_start = .)
 *(SORT_BY_NAME(.fini_array.*))
 *(.fini_array*)
 .fini_array    0x000000000800b420        0x4 C:/ST/STM32CubeIDE_1.10.1/STM32CubeIDE/plugins/com.st.stm32cube.ide.mcu.externaltools.gnu-tools-for-stm32.11.3.rel1.win32_1.1.1.202309131626/tools/bin/../lib/gcc/arm-none-eabi/11.3.1/thumb/v7-m/nofp/crtbegin.o
                [!provide]                        PROVIDE (__fini_array_end = .)
                0x000000000800b424                . = ALIGN (0x4)
                0x000000000800b424                _sidata = LOADADDR (.data)

.data           0x0000000020000000       0x18 load address 0x000000000800b424
                0x0000000020000000                . = ALIGN (0x4)
                0x0000000020000000                _sdata = .
 *(.data)
 *(.data*)
 .data.Font_7x10
                0x0000000020000000        0x8 ./Core/Src/fonts.o
                0x0000000020000000                Font_7x10
 .data.SystemCoreClock
                0x0000000020000008        0x4 ./Core/Src/system_stm32f1xx.o
                0x0000000020000008                SystemCoreClock
 .data.uwTickPrio
                0x000000002000000c        0x4 ./Drivers/STM32F1xx_HAL_Driver/Src/stm32f1xx_hal.o
                0x000000002000000c                uwTickPrio
 .data.uwTickFreq
                0x0000000020000010        0x1 ./Drivers/STM32F1xx_HAL_Driver/Src/stm32f1xx_hal.o
                0x0000000020000010                uwTickFreq
 *fill*         0x0000000020000011        0x3 
 .data.uxCriticalNesting
                0x0000000020000014        0x4 ./Middlewares/Third_Party/FreeRTOS/Source/portable/GCC/ARM_CM3/port.o
 *(.RamFunc)
 *(.RamFunc*)
                0x0000000020000018                . = ALIGN (0x4)
                0x0000000020000018                _edata = .

.igot.plt       0x0000000020000018        0x0 load address 0x000000000800b43c
 .igot.plt      0x0000000020000018        0x0 C:/ST/STM32CubeIDE_1.10.1/STM32CubeIDE/plugins/com.st.stm32cube.ide.mcu.externaltools.gnu-tools-for-stm32.11.3.rel1.win32_1.1.1.202309131626/tools/bin/../lib/gcc/arm-none-eabi/11.3.1/thumb/v7-m/nofp/crtbegin.o
                0x0000000020000018                . = ALIGN (0x4)

.bss            0x0000000020000018     0x2344 load address 0x000000000800b43c
                0x0000000020000018                _sbss = .
                0x0000000020000018                __bss_start__ = _sbss
 *(.bss)
 .bss           0x0000000020000018       0x1c C:/ST/STM32CubeIDE_1.10.1/STM32CubeIDE/plugins/com.st.stm32cube.ide.mcu.externaltools.gnu-tools-for-stm32.11.3.rel1.win32_1.1.1.202309131626/tools/bin/../lib/gcc/arm-none-eabi/11.3.1/thumb/v7-m/nofp/crtbegin.o
 *(.bss*)
 .bss.Player    0x0000000020000034        0x4 ./Core/Src/invaders.o
                0x0000000020000034                Player
 .bss.Disparo   0x0000000020000038        0x4 ./Core/Src/invaders.o
                0x0000000020000038                Disparo
 .bss.movimiento_Aliens
                0x000000002000003c        0x3 ./Core/Src/invaders.o
                0x000000002000003c                movimiento_Aliens
 *fill*         0x000000002000003f        0x1 
 .bss.Alien     0x0000000020000040       0x69 ./Core/Src/invaders.o
                0x0000000020000040                Alien
 *fill*         0x00000000200000a9        0x3 
 .bss.dificultad
                0x00000000200000ac        0x2 ./Core/Src/main.o
                0x00000000200000ac                dificultad
 *fill*         0x00000000200000ae        0x2 
 .bss.hadc1     0x00000000200000b0       0x30 ./Core/Src/main.o
                0x00000000200000b0                hadc1
 .bss.hadc2     0x00000000200000e0       0x30 ./Core/Src/main.o
                0x00000000200000e0                hadc2
 .bss.hi2c1     0x0000000020000110       0x54 ./Core/Src/main.o
                0x0000000020000110                hi2c1
 .bss.hspi1     0x0000000020000164       0x58 ./Core/Src/main.o
                0x0000000020000164                hspi1
 .bss.JoystickTaskHandle
                0x00000000200001bc        0x4 ./Core/Src/main.o
                0x00000000200001bc                JoystickTaskHandle
 .bss.PantallaTaskHandle
                0x00000000200001c0        0x4 ./Core/Src/main.o
                0x00000000200001c0                PantallaTaskHandle
 .bss.MemoriaTaskHandle
                0x00000000200001c4        0x4 ./Core/Src/main.o
                0x00000000200001c4                MemoriaTaskHandle
 .bss.SonidoTaskHandle
                0x00000000200001c8        0x4 ./Core/Src/main.o
                0x00000000200001c8                SonidoTaskHandle
 .bss.queueJoystPantHandle
                0x00000000200001cc        0x4 ./Core/Src/main.o
                0x00000000200001cc                queueJoystPantHandle
 .bss.mutexPuntajesHandle
                0x00000000200001d0        0x4 ./Core/Src/main.o
                0x00000000200001d0                mutexPuntajesHandle
 .bss.notificationFlag
                0x00000000200001d4        0x4 ./Core/Src/main.o
                0x00000000200001d4                notificationFlag
 .bss.notificationFlag2
                0x00000000200001d8        0x4 ./Core/Src/main.o
                0x00000000200001d8                notificationFlag2
 .bss.Puntajes  0x00000000200001dc       0x28 ./Core/Src/memoria.o
                0x00000000200001dc                Puntajes
 .bss.menu      0x0000000020000204       0x1c ./Core/Src/menu.o
                0x0000000020000204                menu
 .bss.SSD1306_Buffer
                0x0000000020000220      0x400 ./Core/Src/ssd1306.o
 .bss.SSD1306   0x0000000020000620        0x6 ./Core/Src/ssd1306.o
 *fill*         0x0000000020000626        0x2 
 .bss.htim4     0x0000000020000628       0x48 ./Core/Src/stm32f1xx_hal_timebase_tim.o
                0x0000000020000628                htim4
 .bss.uwTick    0x0000000020000670        0x4 ./Drivers/STM32F1xx_HAL_Driver/Src/stm32f1xx_hal.o
                0x0000000020000670                uwTick
 .bss.KernelState
                0x0000000020000674        0x4 ./Middlewares/Third_Party/FreeRTOS/Source/CMSIS_RTOS_V2/cmsis_os2.o
 .bss.Idle_TCB  0x0000000020000678       0x5c ./Middlewares/Third_Party/FreeRTOS/Source/CMSIS_RTOS_V2/cmsis_os2.o
 .bss.Idle_Stack
                0x00000000200006d4      0x200 ./Middlewares/Third_Party/FreeRTOS/Source/CMSIS_RTOS_V2/cmsis_os2.o
 .bss.Timer_TCB
                0x00000000200008d4       0x5c ./Middlewares/Third_Party/FreeRTOS/Source/CMSIS_RTOS_V2/cmsis_os2.o
 .bss.Timer_Stack
                0x0000000020000930      0x400 ./Middlewares/Third_Party/FreeRTOS/Source/CMSIS_RTOS_V2/cmsis_os2.o
 .bss.xQueueRegistry
                0x0000000020000d30       0x40 ./Middlewares/Third_Party/FreeRTOS/Source/queue.o
                0x0000000020000d30                xQueueRegistry
 .bss.pxCurrentTCB
                0x0000000020000d70        0x4 ./Middlewares/Third_Party/FreeRTOS/Source/tasks.o
                0x0000000020000d70                pxCurrentTCB
 .bss.pxReadyTasksLists
                0x0000000020000d74      0x460 ./Middlewares/Third_Party/FreeRTOS/Source/tasks.o
 .bss.xDelayedTaskList1
                0x00000000200011d4       0x14 ./Middlewares/Third_Party/FreeRTOS/Source/tasks.o
 .bss.xDelayedTaskList2
                0x00000000200011e8       0x14 ./Middlewares/Third_Party/FreeRTOS/Source/tasks.o
 .bss.pxDelayedTaskList
                0x00000000200011fc        0x4 ./Middlewares/Third_Party/FreeRTOS/Source/tasks.o
 .bss.pxOverflowDelayedTaskList
                0x0000000020001200        0x4 ./Middlewares/Third_Party/FreeRTOS/Source/tasks.o
 .bss.xPendingReadyList
                0x0000000020001204       0x14 ./Middlewares/Third_Party/FreeRTOS/Source/tasks.o
 .bss.xTasksWaitingTermination
                0x0000000020001218       0x14 ./Middlewares/Third_Party/FreeRTOS/Source/tasks.o
 .bss.uxDeletedTasksWaitingCleanUp
                0x000000002000122c        0x4 ./Middlewares/Third_Party/FreeRTOS/Source/tasks.o
 .bss.xSuspendedTaskList
                0x0000000020001230       0x14 ./Middlewares/Third_Party/FreeRTOS/Source/tasks.o
 .bss.uxCurrentNumberOfTasks
                0x0000000020001244        0x4 ./Middlewares/Third_Party/FreeRTOS/Source/tasks.o
 .bss.xTickCount
                0x0000000020001248        0x4 ./Middlewares/Third_Party/FreeRTOS/Source/tasks.o
 .bss.uxTopReadyPriority
                0x000000002000124c        0x4 ./Middlewares/Third_Party/FreeRTOS/Source/tasks.o
 .bss.xSchedulerRunning
                0x0000000020001250        0x4 ./Middlewares/Third_Party/FreeRTOS/Source/tasks.o
 .bss.uxPendedTicks
                0x0000000020001254        0x4 ./Middlewares/Third_Party/FreeRTOS/Source/tasks.o
 .bss.xYieldPending
                0x0000000020001258        0x4 ./Middlewares/Third_Party/FreeRTOS/Source/tasks.o
 .bss.xNumOfOverflows
                0x000000002000125c        0x4 ./Middlewares/Third_Party/FreeRTOS/Source/tasks.o
 .bss.uxTaskNumber
                0x0000000020001260        0x4 ./Middlewares/Third_Party/FreeRTOS/Source/tasks.o
 .bss.xNextTaskUnblockTime
                0x0000000020001264        0x4 ./Middlewares/Third_Party/FreeRTOS/Source/tasks.o
 .bss.xIdleTaskHandle
                0x0000000020001268        0x4 ./Middlewares/Third_Party/FreeRTOS/Source/tasks.o
 .bss.uxSchedulerSuspended
                0x000000002000126c        0x4 ./Middlewares/Third_Party/FreeRTOS/Source/tasks.o
 .bss.xActiveTimerList1
                0x0000000020001270       0x14 ./Middlewares/Third_Party/FreeRTOS/Source/timers.o
 .bss.xActiveTimerList2
                0x0000000020001284       0x14 ./Middlewares/Third_Party/FreeRTOS/Source/timers.o
 .bss.pxCurrentTimerList
                0x0000000020001298        0x4 ./Middlewares/Third_Party/FreeRTOS/Source/timers.o
 .bss.pxOverflowTimerList
                0x000000002000129c        0x4 ./Middlewares/Third_Party/FreeRTOS/Source/timers.o
 .bss.xTimerQueue
                0x00000000200012a0        0x4 ./Middlewares/Third_Party/FreeRTOS/Source/timers.o
 .bss.xTimerTaskHandle
                0x00000000200012a4        0x4 ./Middlewares/Third_Party/FreeRTOS/Source/timers.o
 .bss.xLastTime.2
                0x00000000200012a8        0x4 ./Middlewares/Third_Party/FreeRTOS/Source/timers.o
 .bss.ucStaticTimerQueueStorage.1
                0x00000000200012ac       0xa0 ./Middlewares/Third_Party/FreeRTOS/Source/timers.o
 .bss.xStaticTimerQueue.0
                0x000000002000134c       0x50 ./Middlewares/Third_Party/FreeRTOS/Source/timers.o
 .bss.ucMaxSysCallPriority
                0x000000002000139c        0x1 ./Middlewares/Third_Party/FreeRTOS/Source/portable/GCC/ARM_CM3/port.o
 *fill*         0x000000002000139d        0x3 
 .bss.ulMaxPRIGROUPValue
                0x00000000200013a0        0x4 ./Middlewares/Third_Party/FreeRTOS/Source/portable/GCC/ARM_CM3/port.o
 .bss.ucHeap    0x00000000200013a4      0xfa0 ./Middlewares/Third_Party/FreeRTOS/Source/portable/MemMang/heap_4.o
 .bss.xStart    0x0000000020002344        0x8 ./Middlewares/Third_Party/FreeRTOS/Source/portable/MemMang/heap_4.o
 .bss.pxEnd     0x000000002000234c        0x4 ./Middlewares/Third_Party/FreeRTOS/Source/portable/MemMang/heap_4.o
 .bss.xFreeBytesRemaining
                0x0000000020002350        0x4 ./Middlewares/Third_Party/FreeRTOS/Source/portable/MemMang/heap_4.o
 .bss.xMinimumEverFreeBytesRemaining
                0x0000000020002354        0x4 ./Middlewares/Third_Party/FreeRTOS/Source/portable/MemMang/heap_4.o
 .bss.xBlockAllocatedBit
                0x0000000020002358        0x4 ./Middlewares/Third_Party/FreeRTOS/Source/portable/MemMang/heap_4.o
 *(COMMON)
                0x000000002000235c                . = ALIGN (0x4)
                0x000000002000235c                _ebss = .
                0x000000002000235c                __bss_end__ = _ebss

._user_heap_stack
                0x000000002000235c      0x604 load address 0x000000000800b43c
                0x0000000020002360                . = ALIGN (0x8)
 *fill*         0x000000002000235c        0x4 
                [!provide]                        PROVIDE (end = .)
                0x0000000020002360                PROVIDE (_end = .)
                0x0000000020002560                . = (. + _Min_Heap_Size)
 *fill*         0x0000000020002360      0x200 
                0x0000000020002960                . = (. + _Min_Stack_Size)
 *fill*         0x0000000020002560      0x400 
                0x0000000020002960                . = ALIGN (0x8)

/DISCARD/
 libc.a(*)
 libm.a(*)
 libgcc.a(*)

.ARM.attributes
                0x0000000000000000       0x29
 *(.ARM.attributes)
 .ARM.attributes
                0x0000000000000000       0x1d C:/ST/STM32CubeIDE_1.10.1/STM32CubeIDE/plugins/com.st.stm32cube.ide.mcu.externaltools.gnu-tools-for-stm32.11.3.rel1.win32_1.1.1.202309131626/tools/bin/../lib/gcc/arm-none-eabi/11.3.1/thumb/v7-m/nofp/crti.o
 .ARM.attributes
                0x000000000000001d       0x2d C:/ST/STM32CubeIDE_1.10.1/STM32CubeIDE/plugins/com.st.stm32cube.ide.mcu.externaltools.gnu-tools-for-stm32.11.3.rel1.win32_1.1.1.202309131626/tools/bin/../lib/gcc/arm-none-eabi/11.3.1/thumb/v7-m/nofp/crtbegin.o
 .ARM.attributes
                0x000000000000004a       0x2d ./Core/Src/fonts.o
 .ARM.attributes
                0x0000000000000077       0x2d ./Core/Src/invaders.o
 .ARM.attributes
                0x00000000000000a4       0x2d ./Core/Src/main.o
 .ARM.attributes
                0x00000000000000d1       0x2d ./Core/Src/memoria.o
 .ARM.attributes
                0x00000000000000fe       0x2d ./Core/Src/menu.o
 .ARM.attributes
                0x000000000000012b       0x2d ./Core/Src/ssd1306.o
 .ARM.attributes
                0x0000000000000158       0x2d ./Core/Src/stm32f1xx_hal_msp.o
 .ARM.attributes
                0x0000000000000185       0x2d ./Core/Src/stm32f1xx_hal_timebase_tim.o
 .ARM.attributes
                0x00000000000001b2       0x2d ./Core/Src/stm32f1xx_it.o
 .ARM.attributes
                0x00000000000001df       0x2d ./Core/Src/system_stm32f1xx.o
 .ARM.attributes
                0x000000000000020c       0x21 ./Core/Startup/startup_stm32f103c8tx.o
 .ARM.attributes
                0x000000000000022d       0x2d ./Drivers/STM32F1xx_HAL_Driver/Src/stm32f1xx_hal.o
 .ARM.attributes
                0x000000000000025a       0x2d ./Drivers/STM32F1xx_HAL_Driver/Src/stm32f1xx_hal_adc.o
 .ARM.attributes
                0x0000000000000287       0x2d ./Drivers/STM32F1xx_HAL_Driver/Src/stm32f1xx_hal_cortex.o
 .ARM.attributes
                0x00000000000002b4       0x2d ./Drivers/STM32F1xx_HAL_Driver/Src/stm32f1xx_hal_gpio.o
 .ARM.attributes
                0x00000000000002e1       0x2d ./Drivers/STM32F1xx_HAL_Driver/Src/stm32f1xx_hal_i2c.o
 .ARM.attributes
                0x000000000000030e       0x2d ./Drivers/STM32F1xx_HAL_Driver/Src/stm32f1xx_hal_rcc.o
 .ARM.attributes
                0x000000000000033b       0x2d ./Drivers/STM32F1xx_HAL_Driver/Src/stm32f1xx_hal_rcc_ex.o
 .ARM.attributes
                0x0000000000000368       0x2d ./Drivers/STM32F1xx_HAL_Driver/Src/stm32f1xx_hal_spi.o
 .ARM.attributes
                0x0000000000000395       0x2d ./Drivers/STM32F1xx_HAL_Driver/Src/stm32f1xx_hal_tim.o
 .ARM.attributes
                0x00000000000003c2       0x2d ./Drivers/STM32F1xx_HAL_Driver/Src/stm32f1xx_hal_tim_ex.o
 .ARM.attributes
                0x00000000000003ef       0x2d ./Middlewares/Third_Party/FreeRTOS/Source/CMSIS_RTOS_V2/cmsis_os2.o
 .ARM.attributes
                0x000000000000041c       0x2d ./Middlewares/Third_Party/FreeRTOS/Source/event_groups.o
 .ARM.attributes
                0x0000000000000449       0x2d ./Middlewares/Third_Party/FreeRTOS/Source/list.o
 .ARM.attributes
                0x0000000000000476       0x2d ./Middlewares/Third_Party/FreeRTOS/Source/queue.o
 .ARM.attributes
                0x00000000000004a3       0x2d ./Middlewares/Third_Party/FreeRTOS/Source/tasks.o
 .ARM.attributes
                0x00000000000004d0       0x2d ./Middlewares/Third_Party/FreeRTOS/Source/timers.o
 .ARM.attributes
                0x00000000000004fd       0x2d ./Middlewares/Third_Party/FreeRTOS/Source/portable/GCC/ARM_CM3/port.o
 .ARM.attributes
                0x000000000000052a       0x2d ./Middlewares/Third_Party/FreeRTOS/Source/portable/MemMang/heap_4.o
 .ARM.attributes
                0x0000000000000557       0x2d C:/ST/STM32CubeIDE_1.10.1/STM32CubeIDE/plugins/com.st.stm32cube.ide.mcu.externaltools.gnu-tools-for-stm32.11.3.rel1.win32_1.1.1.202309131626/tools/bin/../lib/gcc/arm-none-eabi/11.3.1/../../../../arm-none-eabi/lib/thumb/v7-m/nofp\libc_nano.a(libc_a-itoa.o)
 .ARM.attributes
                0x0000000000000584       0x2d C:/ST/STM32CubeIDE_1.10.1/STM32CubeIDE/plugins/com.st.stm32cube.ide.mcu.externaltools.gnu-tools-for-stm32.11.3.rel1.win32_1.1.1.202309131626/tools/bin/../lib/gcc/arm-none-eabi/11.3.1/../../../../arm-none-eabi/lib/thumb/v7-m/nofp\libc_nano.a(libc_a-utoa.o)
 .ARM.attributes
                0x00000000000005b1       0x2d C:/ST/STM32CubeIDE_1.10.1/STM32CubeIDE/plugins/com.st.stm32cube.ide.mcu.externaltools.gnu-tools-for-stm32.11.3.rel1.win32_1.1.1.202309131626/tools/bin/../lib/gcc/arm-none-eabi/11.3.1/../../../../arm-none-eabi/lib/thumb/v7-m/nofp\libc_nano.a(libc_a-memset.o)
 .ARM.attributes
                0x00000000000005de       0x2d C:/ST/STM32CubeIDE_1.10.1/STM32CubeIDE/plugins/com.st.stm32cube.ide.mcu.externaltools.gnu-tools-for-stm32.11.3.rel1.win32_1.1.1.202309131626/tools/bin/../lib/gcc/arm-none-eabi/11.3.1/../../../../arm-none-eabi/lib/thumb/v7-m/nofp\libc_nano.a(libc_a-init.o)
 .ARM.attributes
                0x000000000000060b       0x2d C:/ST/STM32CubeIDE_1.10.1/STM32CubeIDE/plugins/com.st.stm32cube.ide.mcu.externaltools.gnu-tools-for-stm32.11.3.rel1.win32_1.1.1.202309131626/tools/bin/../lib/gcc/arm-none-eabi/11.3.1/../../../../arm-none-eabi/lib/thumb/v7-m/nofp\libc_nano.a(libc_a-strcpy.o)
 .ARM.attributes
                0x0000000000000638       0x2d C:/ST/STM32CubeIDE_1.10.1/STM32CubeIDE/plugins/com.st.stm32cube.ide.mcu.externaltools.gnu-tools-for-stm32.11.3.rel1.win32_1.1.1.202309131626/tools/bin/../lib/gcc/arm-none-eabi/11.3.1/../../../../arm-none-eabi/lib/thumb/v7-m/nofp\libc_nano.a(libc_a-memcpy-stub.o)
 .ARM.attributes
                0x0000000000000665       0x1d C:/ST/STM32CubeIDE_1.10.1/STM32CubeIDE/plugins/com.st.stm32cube.ide.mcu.externaltools.gnu-tools-for-stm32.11.3.rel1.win32_1.1.1.202309131626/tools/bin/../lib/gcc/arm-none-eabi/11.3.1/thumb/v7-m/nofp/crtn.o
OUTPUT(Joystick.elf elf32-littlearm)
LOAD linker stubs
LOAD C:/ST/STM32CubeIDE_1.10.1/STM32CubeIDE/plugins/com.st.stm32cube.ide.mcu.externaltools.gnu-tools-for-stm32.11.3.rel1.win32_1.1.1.202309131626/tools/bin/../lib/gcc/arm-none-eabi/11.3.1/../../../../arm-none-eabi/lib/thumb/v7-m/nofp\libc.a
LOAD C:/ST/STM32CubeIDE_1.10.1/STM32CubeIDE/plugins/com.st.stm32cube.ide.mcu.externaltools.gnu-tools-for-stm32.11.3.rel1.win32_1.1.1.202309131626/tools/bin/../lib/gcc/arm-none-eabi/11.3.1/../../../../arm-none-eabi/lib/thumb/v7-m/nofp\libm.a
LOAD C:/ST/STM32CubeIDE_1.10.1/STM32CubeIDE/plugins/com.st.stm32cube.ide.mcu.externaltools.gnu-tools-for-stm32.11.3.rel1.win32_1.1.1.202309131626/tools/bin/../lib/gcc/arm-none-eabi/11.3.1/thumb/v7-m/nofp\libgcc.a

.comment        0x0000000000000000       0x43
 .comment       0x0000000000000000       0x43 C:/ST/STM32CubeIDE_1.10.1/STM32CubeIDE/plugins/com.st.stm32cube.ide.mcu.externaltools.gnu-tools-for-stm32.11.3.rel1.win32_1.1.1.202309131626/tools/bin/../lib/gcc/arm-none-eabi/11.3.1/thumb/v7-m/nofp/crtbegin.o
                                         0x44 (size before relaxing)
 .comment       0x0000000000000043       0x44 ./Core/Src/fonts.o
 .comment       0x0000000000000043       0x44 ./Core/Src/invaders.o
 .comment       0x0000000000000043       0x44 ./Core/Src/main.o
 .comment       0x0000000000000043       0x44 ./Core/Src/memoria.o
 .comment       0x0000000000000043       0x44 ./Core/Src/menu.o
 .comment       0x0000000000000043       0x44 ./Core/Src/ssd1306.o
 .comment       0x0000000000000043       0x44 ./Core/Src/stm32f1xx_hal_msp.o
 .comment       0x0000000000000043       0x44 ./Core/Src/stm32f1xx_hal_timebase_tim.o
 .comment       0x0000000000000043       0x44 ./Core/Src/stm32f1xx_it.o
 .comment       0x0000000000000043       0x44 ./Core/Src/system_stm32f1xx.o
 .comment       0x0000000000000043       0x44 ./Drivers/STM32F1xx_HAL_Driver/Src/stm32f1xx_hal.o
 .comment       0x0000000000000043       0x44 ./Drivers/STM32F1xx_HAL_Driver/Src/stm32f1xx_hal_adc.o
 .comment       0x0000000000000043       0x44 ./Drivers/STM32F1xx_HAL_Driver/Src/stm32f1xx_hal_cortex.o
 .comment       0x0000000000000043       0x44 ./Drivers/STM32F1xx_HAL_Driver/Src/stm32f1xx_hal_gpio.o
 .comment       0x0000000000000043       0x44 ./Drivers/STM32F1xx_HAL_Driver/Src/stm32f1xx_hal_i2c.o
 .comment       0x0000000000000043       0x44 ./Drivers/STM32F1xx_HAL_Driver/Src/stm32f1xx_hal_rcc.o
 .comment       0x0000000000000043       0x44 ./Drivers/STM32F1xx_HAL_Driver/Src/stm32f1xx_hal_rcc_ex.o
 .comment       0x0000000000000043       0x44 ./Drivers/STM32F1xx_HAL_Driver/Src/stm32f1xx_hal_spi.o
 .comment       0x0000000000000043       0x44 ./Drivers/STM32F1xx_HAL_Driver/Src/stm32f1xx_hal_tim.o
 .comment       0x0000000000000043       0x44 ./Drivers/STM32F1xx_HAL_Driver/Src/stm32f1xx_hal_tim_ex.o
 .comment       0x0000000000000043       0x44 ./Middlewares/Third_Party/FreeRTOS/Source/CMSIS_RTOS_V2/cmsis_os2.o
 .comment       0x0000000000000043       0x44 ./Middlewares/Third_Party/FreeRTOS/Source/event_groups.o
 .comment       0x0000000000000043       0x44 ./Middlewares/Third_Party/FreeRTOS/Source/list.o
 .comment       0x0000000000000043       0x44 ./Middlewares/Third_Party/FreeRTOS/Source/queue.o
 .comment       0x0000000000000043       0x44 ./Middlewares/Third_Party/FreeRTOS/Source/tasks.o
 .comment       0x0000000000000043       0x44 ./Middlewares/Third_Party/FreeRTOS/Source/timers.o
 .comment       0x0000000000000043       0x44 ./Middlewares/Third_Party/FreeRTOS/Source/portable/GCC/ARM_CM3/port.o
 .comment       0x0000000000000043       0x44 ./Middlewares/Third_Party/FreeRTOS/Source/portable/MemMang/heap_4.o

.debug_info     0x0000000000000000    0x1b25d
 .debug_info    0x0000000000000000      0x255 ./Core/Src/fonts.o
 .debug_info    0x0000000000000255      0x663 ./Core/Src/invaders.o
 .debug_info    0x00000000000008b8     0x1e95 ./Core/Src/main.o
 .debug_info    0x000000000000274d      0x911 ./Core/Src/memoria.o
 .debug_info    0x000000000000305e      0x921 ./Core/Src/menu.o
 .debug_info    0x000000000000397f     0x1028 ./Core/Src/ssd1306.o
 .debug_info    0x00000000000049a7      0xf85 ./Core/Src/stm32f1xx_hal_msp.o
 .debug_info    0x000000000000592c      0x9a8 ./Core/Src/stm32f1xx_hal_timebase_tim.o
 .debug_info    0x00000000000062d4      0x66a ./Core/Src/stm32f1xx_it.o
 .debug_info    0x000000000000693e      0x222 ./Core/Src/system_stm32f1xx.o
 .debug_info    0x0000000000006b60       0x23 ./Core/Startup/startup_stm32f103c8tx.o
 .debug_info    0x0000000000006b83      0x704 ./Drivers/STM32F1xx_HAL_Driver/Src/stm32f1xx_hal.o
 .debug_info    0x0000000000007287      0xc50 ./Drivers/STM32F1xx_HAL_Driver/Src/stm32f1xx_hal_adc.o
 .debug_info    0x0000000000007ed7      0xa87 ./Drivers/STM32F1xx_HAL_Driver/Src/stm32f1xx_hal_cortex.o
 .debug_info    0x000000000000895e      0x5ab ./Drivers/STM32F1xx_HAL_Driver/Src/stm32f1xx_hal_gpio.o
 .debug_info    0x0000000000008f09     0x2515 ./Drivers/STM32F1xx_HAL_Driver/Src/stm32f1xx_hal_i2c.o
 .debug_info    0x000000000000b41e      0x7d5 ./Drivers/STM32F1xx_HAL_Driver/Src/stm32f1xx_hal_rcc.o
 .debug_info    0x000000000000bbf3      0x3c0 ./Drivers/STM32F1xx_HAL_Driver/Src/stm32f1xx_hal_rcc_ex.o
 .debug_info    0x000000000000bfb3     0x1503 ./Drivers/STM32F1xx_HAL_Driver/Src/stm32f1xx_hal_spi.o
 .debug_info    0x000000000000d4b6     0x293b ./Drivers/STM32F1xx_HAL_Driver/Src/stm32f1xx_hal_tim.o
 .debug_info    0x000000000000fdf1     0x149b ./Drivers/STM32F1xx_HAL_Driver/Src/stm32f1xx_hal_tim_ex.o
 .debug_info    0x000000000001128c     0x39bf ./Middlewares/Third_Party/FreeRTOS/Source/CMSIS_RTOS_V2/cmsis_os2.o
 .debug_info    0x0000000000014c4b      0xbb8 ./Middlewares/Third_Party/FreeRTOS/Source/event_groups.o
 .debug_info    0x0000000000015803      0x2aa ./Middlewares/Third_Party/FreeRTOS/Source/list.o
 .debug_info    0x0000000000015aad     0x1abf ./Middlewares/Third_Party/FreeRTOS/Source/queue.o
 .debug_info    0x000000000001756c     0x20e5 ./Middlewares/Third_Party/FreeRTOS/Source/tasks.o
 .debug_info    0x0000000000019651     0x13b5 ./Middlewares/Third_Party/FreeRTOS/Source/timers.o
 .debug_info    0x000000000001aa06      0x494 ./Middlewares/Third_Party/FreeRTOS/Source/portable/GCC/ARM_CM3/port.o
 .debug_info    0x000000000001ae9a      0x3c3 ./Middlewares/Third_Party/FreeRTOS/Source/portable/MemMang/heap_4.o

.debug_abbrev   0x0000000000000000     0x43fb
 .debug_abbrev  0x0000000000000000      0x11c ./Core/Src/fonts.o
 .debug_abbrev  0x000000000000011c      0x1fd ./Core/Src/invaders.o
 .debug_abbrev  0x0000000000000319      0x34c ./Core/Src/main.o
 .debug_abbrev  0x0000000000000665      0x274 ./Core/Src/memoria.o
 .debug_abbrev  0x00000000000008d9      0x2ce ./Core/Src/menu.o
 .debug_abbrev  0x0000000000000ba7      0x30d ./Core/Src/ssd1306.o
 .debug_abbrev  0x0000000000000eb4      0x202 ./Core/Src/stm32f1xx_hal_msp.o
 .debug_abbrev  0x00000000000010b6      0x1f3 ./Core/Src/stm32f1xx_hal_timebase_tim.o
 .debug_abbrev  0x00000000000012a9      0x17c ./Core/Src/stm32f1xx_it.o
 .debug_abbrev  0x0000000000001425      0x13f ./Core/Src/system_stm32f1xx.o
 .debug_abbrev  0x0000000000001564       0x12 ./Core/Startup/startup_stm32f103c8tx.o
 .debug_abbrev  0x0000000000001576      0x201 ./Drivers/STM32F1xx_HAL_Driver/Src/stm32f1xx_hal.o
 .debug_abbrev  0x0000000000001777      0x225 ./Drivers/STM32F1xx_HAL_Driver/Src/stm32f1xx_hal_adc.o
 .debug_abbrev  0x000000000000199c      0x2f8 ./Drivers/STM32F1xx_HAL_Driver/Src/stm32f1xx_hal_cortex.o
 .debug_abbrev  0x0000000000001c94      0x1ca ./Drivers/STM32F1xx_HAL_Driver/Src/stm32f1xx_hal_gpio.o
 .debug_abbrev  0x0000000000001e5e      0x2a3 ./Drivers/STM32F1xx_HAL_Driver/Src/stm32f1xx_hal_i2c.o
 .debug_abbrev  0x0000000000002101      0x2b3 ./Drivers/STM32F1xx_HAL_Driver/Src/stm32f1xx_hal_rcc.o
 .debug_abbrev  0x00000000000023b4      0x188 ./Drivers/STM32F1xx_HAL_Driver/Src/stm32f1xx_hal_rcc_ex.o
 .debug_abbrev  0x000000000000253c      0x284 ./Drivers/STM32F1xx_HAL_Driver/Src/stm32f1xx_hal_spi.o
 .debug_abbrev  0x00000000000027c0      0x277 ./Drivers/STM32F1xx_HAL_Driver/Src/stm32f1xx_hal_tim.o
 .debug_abbrev  0x0000000000002a37      0x282 ./Drivers/STM32F1xx_HAL_Driver/Src/stm32f1xx_hal_tim_ex.o
 .debug_abbrev  0x0000000000002cb9      0x433 ./Middlewares/Third_Party/FreeRTOS/Source/CMSIS_RTOS_V2/cmsis_os2.o
 .debug_abbrev  0x00000000000030ec      0x322 ./Middlewares/Third_Party/FreeRTOS/Source/event_groups.o
 .debug_abbrev  0x000000000000340e       0xf5 ./Middlewares/Third_Party/FreeRTOS/Source/list.o
 .debug_abbrev  0x0000000000003503      0x3ce ./Middlewares/Third_Party/FreeRTOS/Source/queue.o
 .debug_abbrev  0x00000000000038d1      0x385 ./Middlewares/Third_Party/FreeRTOS/Source/tasks.o
 .debug_abbrev  0x0000000000003c56      0x348 ./Middlewares/Third_Party/FreeRTOS/Source/timers.o
 .debug_abbrev  0x0000000000003f9e      0x258 ./Middlewares/Third_Party/FreeRTOS/Source/portable/GCC/ARM_CM3/port.o
 .debug_abbrev  0x00000000000041f6      0x205 ./Middlewares/Third_Party/FreeRTOS/Source/portable/MemMang/heap_4.o

.debug_aranges  0x0000000000000000     0x1928
 .debug_aranges
                0x0000000000000000       0x20 ./Core/Src/fonts.o
 .debug_aranges
                0x0000000000000020       0x70 ./Core/Src/invaders.o
 .debug_aranges
                0x0000000000000090       0x80 ./Core/Src/main.o
 .debug_aranges
                0x0000000000000110       0x40 ./Core/Src/memoria.o
 .debug_aranges
                0x0000000000000150       0x38 ./Core/Src/menu.o
 .debug_aranges
                0x0000000000000188       0xf8 ./Core/Src/ssd1306.o
 .debug_aranges
                0x0000000000000280       0x50 ./Core/Src/stm32f1xx_hal_msp.o
 .debug_aranges
                0x00000000000002d0       0x30 ./Core/Src/stm32f1xx_hal_timebase_tim.o
 .debug_aranges
                0x0000000000000300       0x50 ./Core/Src/stm32f1xx_it.o
 .debug_aranges
                0x0000000000000350       0x28 ./Core/Src/system_stm32f1xx.o
 .debug_aranges
                0x0000000000000378       0x28 ./Core/Startup/startup_stm32f103c8tx.o
 .debug_aranges
                0x00000000000003a0       0xe0 ./Drivers/STM32F1xx_HAL_Driver/Src/stm32f1xx_hal.o
 .debug_aranges
                0x0000000000000480       0xf0 ./Drivers/STM32F1xx_HAL_Driver/Src/stm32f1xx_hal_adc.o
 .debug_aranges
                0x0000000000000570      0x100 ./Drivers/STM32F1xx_HAL_Driver/Src/stm32f1xx_hal_cortex.o
 .debug_aranges
                0x0000000000000670       0x58 ./Drivers/STM32F1xx_HAL_Driver/Src/stm32f1xx_hal_gpio.o
 .debug_aranges
                0x00000000000006c8      0x2a8 ./Drivers/STM32F1xx_HAL_Driver/Src/stm32f1xx_hal_i2c.o
 .debug_aranges
                0x0000000000000970       0x90 ./Drivers/STM32F1xx_HAL_Driver/Src/stm32f1xx_hal_rcc.o
 .debug_aranges
                0x0000000000000a00       0x30 ./Drivers/STM32F1xx_HAL_Driver/Src/stm32f1xx_hal_rcc_ex.o
 .debug_aranges
                0x0000000000000a30      0x1d0 ./Drivers/STM32F1xx_HAL_Driver/Src/stm32f1xx_hal_spi.o
 .debug_aranges
                0x0000000000000c00      0x3d0 ./Drivers/STM32F1xx_HAL_Driver/Src/stm32f1xx_hal_tim.o
 .debug_aranges
                0x0000000000000fd0      0x168 ./Drivers/STM32F1xx_HAL_Driver/Src/stm32f1xx_hal_tim_ex.o
 .debug_aranges
                0x0000000000001138      0x228 ./Middlewares/Third_Party/FreeRTOS/Source/CMSIS_RTOS_V2/cmsis_os2.o
 .debug_aranges
                0x0000000000001360       0x90 ./Middlewares/Third_Party/FreeRTOS/Source/event_groups.o
 .debug_aranges
                0x00000000000013f0       0x40 ./Middlewares/Third_Party/FreeRTOS/Source/list.o
 .debug_aranges
                0x0000000000001430      0x158 ./Middlewares/Third_Party/FreeRTOS/Source/queue.o
 .debug_aranges
                0x0000000000001588      0x1f8 ./Middlewares/Third_Party/FreeRTOS/Source/tasks.o
 .debug_aranges
                0x0000000000001780       0xe0 ./Middlewares/Third_Party/FreeRTOS/Source/timers.o
 .debug_aranges
                0x0000000000001860       0x78 ./Middlewares/Third_Party/FreeRTOS/Source/portable/GCC/ARM_CM3/port.o
 .debug_aranges
                0x00000000000018d8       0x50 ./Middlewares/Third_Party/FreeRTOS/Source/portable/MemMang/heap_4.o

.debug_rnglists
                0x0000000000000000     0x138f
 .debug_rnglists
                0x0000000000000000       0x13 ./Core/Src/fonts.o
 .debug_rnglists
                0x0000000000000013       0x52 ./Core/Src/invaders.o
 .debug_rnglists
                0x0000000000000065       0x60 ./Core/Src/main.o
 .debug_rnglists
                0x00000000000000c5       0x2e ./Core/Src/memoria.o
 .debug_rnglists
                0x00000000000000f3       0x26 ./Core/Src/menu.o
 .debug_rnglists
                0x0000000000000119       0xc2 ./Core/Src/ssd1306.o
 .debug_rnglists
                0x00000000000001db       0x39 ./Core/Src/stm32f1xx_hal_msp.o
 .debug_rnglists
                0x0000000000000214       0x20 ./Core/Src/stm32f1xx_hal_timebase_tim.o
 .debug_rnglists
                0x0000000000000234       0x37 ./Core/Src/stm32f1xx_it.o
 .debug_rnglists
                0x000000000000026b       0x1a ./Core/Src/system_stm32f1xx.o
 .debug_rnglists
                0x0000000000000285       0x19 ./Core/Startup/startup_stm32f103c8tx.o
 .debug_rnglists
                0x000000000000029e       0xa3 ./Drivers/STM32F1xx_HAL_Driver/Src/stm32f1xx_hal.o
 .debug_rnglists
                0x0000000000000341       0xbc ./Drivers/STM32F1xx_HAL_Driver/Src/stm32f1xx_hal_adc.o
 .debug_rnglists
                0x00000000000003fd       0xbb ./Drivers/STM32F1xx_HAL_Driver/Src/stm32f1xx_hal_cortex.o
 .debug_rnglists
                0x00000000000004b8       0x3f ./Drivers/STM32F1xx_HAL_Driver/Src/stm32f1xx_hal_gpio.o
 .debug_rnglists
                0x00000000000004f7      0x23c ./Drivers/STM32F1xx_HAL_Driver/Src/stm32f1xx_hal_i2c.o
 .debug_rnglists
                0x0000000000000733       0x6c ./Drivers/STM32F1xx_HAL_Driver/Src/stm32f1xx_hal_rcc.o
 .debug_rnglists
                0x000000000000079f       0x21 ./Drivers/STM32F1xx_HAL_Driver/Src/stm32f1xx_hal_rcc_ex.o
 .debug_rnglists
                0x00000000000007c0      0x16e ./Drivers/STM32F1xx_HAL_Driver/Src/stm32f1xx_hal_spi.o
 .debug_rnglists
                0x000000000000092e      0x31a ./Drivers/STM32F1xx_HAL_Driver/Src/stm32f1xx_hal_tim.o
 .debug_rnglists
                0x0000000000000c48      0x125 ./Drivers/STM32F1xx_HAL_Driver/Src/stm32f1xx_hal_tim_ex.o
 .debug_rnglists
                0x0000000000000d6d      0x1b4 ./Middlewares/Third_Party/FreeRTOS/Source/CMSIS_RTOS_V2/cmsis_os2.o
 .debug_rnglists
                0x0000000000000f21       0x6a ./Middlewares/Third_Party/FreeRTOS/Source/event_groups.o
 .debug_rnglists
                0x0000000000000f8b       0x2b ./Middlewares/Third_Party/FreeRTOS/Source/list.o
 .debug_rnglists
                0x0000000000000fb6      0x109 ./Middlewares/Third_Party/FreeRTOS/Source/queue.o
 .debug_rnglists
                0x00000000000010bf      0x194 ./Middlewares/Third_Party/FreeRTOS/Source/tasks.o
 .debug_rnglists
                0x0000000000001253       0xab ./Middlewares/Third_Party/FreeRTOS/Source/timers.o
 .debug_rnglists
                0x00000000000012fe       0x56 ./Middlewares/Third_Party/FreeRTOS/Source/portable/GCC/ARM_CM3/port.o
 .debug_rnglists
                0x0000000000001354       0x3b ./Middlewares/Third_Party/FreeRTOS/Source/portable/MemMang/heap_4.o
