../Core/Src/invaders.c:35:10:getPlayer	0	static
../Core/Src/invaders.c:40:9:getDisparodisparo	0	static
../Core/Src/invaders.c:44:9:getCantidad_Aliens_Vivos	0	static
../Core/Src/invaders.c:51:6:actualizarPantalla	8	static
../Core/Src/invaders.c:58:6:playerInit	0	static
../Core/Src/invaders.c:68:6:plotPlayer	16	static
../Core/Src/invaders.c:105:6:InvaderInit	4	static
../Core/Src/invaders.c:250:6:disparoInit	0	static
../Core/Src/invaders.c:260:6:disparar	40	static
../Core/Src/invaders.c:351:6:disparoAliens	16	static
../Core/Src/invaders.c:421:6:BasesProcesarDisparo	32	static
../Core/Src/invaders.c:407:6:plotBases	24	static
../Core/Src/invaders.c:503:6:BasesInit	0	static
../Core/Src/invaders.c:515:6:Dificultad_Init	0	static
../Core/Src/invaders.c:525:6:AumentoNivel	0	static
../Core/Src/invaders.c:548:6:AumentoVelocidadAliens	0	static
../Core/Src/invaders.c:132:6:plotAliens	32	static
../Core/Src/invaders.c:570:6:disparoTrue	0	static
