../Core/Src/invaders.c:38:10:getPlayer	0	static
../Core/Src/invaders.c:43:12:getDisparo	0	static
../Core/Src/invaders.c:47:11:getDisparoAliens	8	static
../Core/Src/invaders.c:54:6:actualizarPantalla	8	static
../Core/Src/invaders.c:61:6:playerInit	0	static
../Core/Src/invaders.c:71:6:plotPlayer	16	static
../Core/Src/invaders.c:108:6:InvaderInit	4	static
../Core/Src/invaders.c:249:6:disparoInit	0	static
../Core/Src/invaders.c:262:6:disparar	40	static
../Core/Src/invaders.c:362:6:disparoAliens	16	static
../Core/Src/invaders.c:432:6:BasesProcesarDisparo	32	static
../Core/Src/invaders.c:418:6:plotBases	24	static
../Core/Src/invaders.c:514:6:BasesInit	0	static
../Core/Src/invaders.c:526:6:Dificultad_Init	0	static
../Core/Src/invaders.c:536:6:AumentoNivel	0	static
../Core/Src/invaders.c:559:6:AumentoVelocidadAliens	0	static
../Core/Src/invaders.c:131:6:plotAliens	32	static
