../Core/Src/main.c:111:5:main	8	static
../Core/Src/main.c:198:6:SystemClock_Config	88	static
../Core/Src/main.c:245:13:MX_ADC1_Init	24	static
../Core/Src/main.c:292:13:MX_I2C1_Init	8	static
../Core/Src/main.c:326:13:MX_GPIO_Init	40	static
../Core/Src/main.c:370:6:config_ADC_canal0	24	static
../Core/Src/main.c:383:6:config_ADC_canal1	24	static
../Core/Src/main.c:408:6:entryJoystick	32	static
../Core/Src/main.c:494:6:entryPantalla	24	static
../Core/Src/main.c:575:6:HAL_TIM_PeriodElapsedCallback	16	static
../Core/Src/main.c:592:6:Error_Handler	4	static,ignoring_inline_asm
