../Core/Src/stm32f1xx_hal_msp.c:64:6:HAL_MspInit	16	static
../Core/Src/stm32f1xx_hal_msp.c:92:6:HAL_ADC_MspInit	40	static
../Core/Src/stm32f1xx_hal_msp.c:144:6:HAL_ADC_MspDeInit	8	static
../Core/Src/stm32f1xx_hal_msp.c:189:6:HAL_I2C_MspInit	32	static
../Core/Src/stm32f1xx_hal_msp.c:223:6:HAL_I2C_MspDeInit	8	static
../Core/Src/stm32f1xx_hal_msp.c:254:6:HAL_SPI_MspInit	32	static
../Core/Src/stm32f1xx_hal_msp.c:294:6:HAL_SPI_MspDeInit	8	static
../Core/Src/stm32f1xx_hal_msp.c:324:6:HAL_TIM_Base_MspInit	16	static
../Core/Src/stm32f1xx_hal_msp.c:349:6:HAL_TIM_Base_MspDeInit	8	static
