../Core/Src/stm32f1xx_hal_msp.c:66:6:HAL_MspInit	16	static
../Core/Src/stm32f1xx_hal_msp.c:94:6:HAL_ADC_MspInit	40	static
../Core/Src/stm32f1xx_hal_msp.c:146:6:HAL_ADC_MspDeInit	8	static
../Core/Src/stm32f1xx_hal_msp.c:191:6:HAL_I2C_MspInit	32	static
../Core/Src/stm32f1xx_hal_msp.c:225:6:HAL_I2C_MspDeInit	8	static
../Core/Src/stm32f1xx_hal_msp.c:256:6:HAL_SPI_MspInit	32	static
../Core/Src/stm32f1xx_hal_msp.c:296:6:HAL_SPI_MspDeInit	8	static
../Core/Src/stm32f1xx_hal_msp.c:326:6:HAL_TIM_Base_MspInit	16	static
../Core/Src/stm32f1xx_hal_msp.c:356:6:HAL_TIM_MspPostInit	32	static
../Core/Src/stm32f1xx_hal_msp.c:386:6:HAL_TIM_Base_MspDeInit	8	static
